drv_tv.c:834:5:tv_get_input_csc	0	static
drv_tv.c:973:5:tv_hot_plugging_detect	0	static
drv_tv.c:484:12:tve_clk_enable	16	static
drv_tv.c:869:12:__pin_config	48	static
drv_tv.c:503:13:tve_clk_config	40	static
drv_tv.c:864:5:tv_get_hpd_status	0	static
drv_tv.c:455:5:tv_set_enhance_mode	0	static
drv_tv.c:821:5:tv_set_mode	8	static
drv_tv.c:813:5:tv_get_mode	8	static
drv_tv.c:904:5:tv_disable	16	static
drv_tv.c:954:5:tv_mode_support	8	static
drv_tv.c:886:5:tv_enable	8	static
drv_tv.c:842:5:tv_get_video_timing_info	8	static
drv_tv.c:413:6:tv_report_hpd_work	0	static
drv_tv.c:418:5:tv_detect_thread	8	static
drv_tv.c:424:5:tv_detect_enable	8	static
drv_tv.c:935:5:tv_resume	16	static
drv_tv.c:431:5:tv_detect_disable	8	static
drv_tv.c:919:5:tv_suspend	8	static
drv_tv.c:439:5:tv_get_video_info	0	static
drv_tv.c:450:5:tv_get_list_num	0	static
drv_tv.c:776:5:tv_init	176	static
drv_tv.c:800:5:tv_exit	16	static
