serial_ns16550.c:121:12:0	8	static
serial_ns16550.c:245:1:eserial4_init	8	static
serial_ns16550.c:240:1:eserial3_init	8	static
serial_ns16550.c:235:1:eserial2_init	8	static
serial_ns16550.c:230:1:eserial1_init	8	static
serial_ns16550.c:149:1:_serial_putc	16	static
serial_ns16550.c:230:1:eserial1_putc	0	static
serial_ns16550.c:235:1:eserial2_putc	0	static
serial_ns16550.c:240:1:eserial3_putc	0	static
serial_ns16550.c:245:1:eserial4_putc	0	static
serial_ns16550.c:158:1:_serial_putc_raw	0	static
serial_ns16550.c:164:1:_serial_puts	16	static
serial_ns16550.c:230:1:eserial1_puts	0	static
serial_ns16550.c:235:1:eserial2_puts	0	static
serial_ns16550.c:240:1:eserial3_puts	0	static
serial_ns16550.c:245:1:eserial4_puts	0	static
serial_ns16550.c:173:1:_serial_getc	8	static
serial_ns16550.c:230:1:eserial1_getc	0	static
serial_ns16550.c:235:1:eserial2_getc	0	static
serial_ns16550.c:240:1:eserial3_getc	0	static
serial_ns16550.c:245:1:eserial4_getc	0	static
serial_ns16550.c:179:1:_serial_tstc	0	static
serial_ns16550.c:230:1:eserial1_tstc	0	static
serial_ns16550.c:235:1:eserial2_tstc	0	static
serial_ns16550.c:240:1:eserial3_tstc	0	static
serial_ns16550.c:245:1:eserial4_tstc	0	static
serial_ns16550.c:185:1:_serial_setbrg	8	static
serial_ns16550.c:230:1:eserial1_setbrg	0	static
serial_ns16550.c:235:1:eserial2_setbrg	0	static
serial_ns16550.c:240:1:eserial3_setbrg	0	static
serial_ns16550.c:245:1:eserial4_setbrg	0	static
serial_ns16550.c:260:30:default_serial_console	0	static
serial_ns16550.c:279:6:ns16550_serial_initialize	8	static
