board.c:56:6:s_init	0	static
board.c:61:6:reset_cpu	8	static
board.c:68:6:v7_outer_cache_enable	0	static
board.c:73:6:v7_outer_cache_inval_all	0	static
board.c:78:6:v7_outer_cache_flush_range	0	static
board.c:84:6:enable_caches	8	static
board.c:90:6:disable_caches	8	static
board.c:96:5:display_inner	8	static
board.c:103:5:script_init	8	static
board.c:143:5:power_source_init	24	static
board.c:205:6:sunxi_set_fel_flag	0	static
board.c:226:6:sunxi_clear_fel_flag	0	static
board.c:246:6:sunxi_set_rtc_flag	0	static
board.c:266:5:sunxi_probe_securemode	24	static
board.c:329:5:sunxi_set_secure_mode	8	static
board.c:361:5:sunxi_get_securemode	0	static
board.c:366:5:sunxi_probe_secure_monitor	0	static
board.c:373:6:sunxi_board_close_source	8	static
board.c:388:5:sunxi_board_restart	8	static
board.c:407:5:sunxi_board_shutdown	8	static
board.c:433:6:sunxi_flush_allcaches	8	static
board.c:441:5:sunxi_board_run_fel	8	static
board.c:458:5:sunxi_board_run_fel_eraly	8	static
