timer.c:203:13:timerX_callback_default	0	static
timer.c:230:6:timer1_func	8	static
timer.c:210:6:timer0_func	8	static
timer.c:45:7:get_tbclk	0	static
timer.c:55:5:timer_init	0	static
timer.c:73:6:timer_exit	0	static
timer.c:88:6:watchdog_disable	0	static
timer.c:98:6:watchdog_enable	0	static
timer.c:112:7:get_timer	0	static
timer.c:120:5:runtime_tick	0	static
timer.c:127:7:get_timer_masked	0	static
timer.c:143:6:__usdelay	0	static
timer.c:161:6:__msdelay	0	static
timer.c:180:20:get_ticks	0	static
timer.c:251:6:init_timer	0	static
timer.c:256:6:add_timer	24	static
timer.c:334:6:del_timer	16	static
timer.c:358:6:stick_printf	16	static
timer.c:370:6:tick0_printf	32	static
