usbc_dev.c:513:6:USBC_Dev_SetAddress_default	0	static
usbc_dev.c:543:6:USBC_Dev_SetAddress	0	static
usbc_dev.c:554:7:USBC_Dev_QueryTransferMode	0	static
usbc_dev.c:589:6:USBC_Dev_ConfigTransferMode	0	static
usbc_dev.c:658:6:USBC_Dev_ConectSwitch	0	static
usbc_dev.c:691:7:USBC_Dev_QueryPowerStatus	0	static
usbc_dev.c:724:7:USBC_Dev_ConfigEp	0	static
usbc_dev.c:771:7:USBC_Dev_ConfigEp_Default	0	static
usbc_dev.c:818:7:USBC_Dev_ConfigEpDma	0	static
usbc_dev.c:869:7:USBC_Dev_ClearEpDma	0	static
usbc_dev.c:920:7:USBC_Dev_IsEpStall	0	static
usbc_dev.c:967:7:USBC_Dev_EpSendStall	0	static
usbc_dev.c:1014:7:USBC_Dev_EpClearStall	0	static
usbc_dev.c:1059:7:USBC_Dev_Ctrl_IsSetupEnd	0	static
usbc_dev.c:1087:6:USBC_Dev_Ctrl_ClearSetupEnd	0	static
usbc_dev.c:1211:7:USBC_Dev_WriteDataStatus	0	static
usbc_dev.c:1246:7:USBC_Dev_ReadDataStatus	0	static
usbc_dev.c:1279:7:USBC_Dev_IsReadDataReady	0	static
usbc_dev.c:1323:7:USBC_Dev_IsWriteDataReady	0	static
usbc_dev.c:1349:7:USBC_Dev_IsWriteDataReady_FifoEmpty	0	static
usbc_dev.c:1380:7:USBC_Dev_IsoUpdateEnable	0	static
usbc_dev.c:1409:6:USBC_Dev_FlushFifo	0	static
