usbc.c:50:7:USBC_GetVbusStatus	0	static
usbc.c:101:6:USBC_OTG_SelectMode	0	static
usbc.c:134:7:USBC_ReadLenFromFifo	0	static
usbc.c:181:7:USBC_WritePacket	12	static
usbc.c:250:7:USBC_ReadPacket	16	static
usbc.c:286:6:USBC_ConfigFIFO_Base	0	static
usbc.c:313:7:USBC_GetPortFifoStartAddr	0	static
usbc.c:331:7:USBC_GetPortFifoSize	0	static
usbc.c:409:7:USBC_SelectFIFO	0	static
usbc.c:447:6:__USBC_ConfigFifo_TxEp	0	static
usbc.c:476:6:__USBC_ConfigFifo_RxEp_Default	0	static
usbc.c:503:6:__USBC_ConfigFifo_RxEp	0	static
usbc.c:551:6:USBC_ConfigFifo_Default	0	static
usbc.c:599:6:USBC_ConfigFifo	0	static
usbc.c:643:7:USBC_GetLastFrameNumber	0	static
usbc.c:673:7:USBC_GetStatus_Dp	0	static
usbc.c:708:7:USBC_GetStatus_Dm	0	static
usbc.c:743:7:USBC_GetStatus_DpDm	0	static
usbc.c:780:7:USBC_GetOtgMode_Form_ID	0	static
usbc.c:815:7:USBC_GetOtgMode_Form_BDevice	0	static
usbc.c:853:6:USBC_SelectBus	0	static
usbc.c:952:7:USBC_INT_EpPending	0	static
usbc.c:974:6:USBC_INT_ClearEpPending	0	static
usbc.c:1000:6:USBC_INT_ClearEpPendingAll	0	static
usbc.c:1026:7:USBC_INT_MiscPending	0	static
usbc.c:1038:6:USBC_INT_ClearMiscPending	0	static
usbc.c:1050:6:USBC_INT_ClearMiscPendingAll	0	static
usbc.c:1062:6:USBC_INT_EnableEp	0	static
usbc.c:1087:6:USBC_INT_EnableUsbMiscUint	0	static
usbc.c:1102:6:USBC_INT_DisableEp	0	static
usbc.c:1127:6:USBC_INT_DisableUsbMiscUint	0	static
usbc.c:1142:6:USBC_INT_DisableEpAll	0	static
usbc.c:1167:6:USBC_INT_DisableUsbMiscAll	0	static
usbc.c:1179:7:USBC_GetActiveEp	0	static
usbc.c:1191:6:USBC_SelectActiveEp	0	static
usbc.c:1203:6:USBC_EnhanceSignal	0	static
usbc.c:1216:6:USBC_EnterMode_TestPacket	0	static
usbc.c:1228:6:USBC_EnterMode_Test_K	0	static
usbc.c:1240:6:USBC_EnterMode_Test_J	0	static
usbc.c:1252:6:USBC_EnterMode_Test_SE0_NAK	0	static
usbc.c:1264:6:USBC_EnterMode_Idle	0	static
usbc.c:1290:6:USBC_SetWakeUp_Default	0	static
usbc.c:1296:6:USBC_EnableIdPullUp	0	static
usbc.c:1308:6:USBC_DisableIdPullUp	0	static
usbc.c:1320:6:USBC_EnableDpDmPullUp	0	static
usbc.c:1332:6:USBC_DisableDpDmPullUp	0	static
usbc.c:1380:6:USBC_ForceId	0	static
usbc.c:1434:6:USBC_ForceVbusValid	0	static
usbc.c:1452:6:USBC_A_valid_InputSelect	0	static
usbc.c:1458:6:USBC_EnableUsbLineStateBypass	0	static
usbc.c:1464:6:USBC_DisableUsbLineStateBypass	0	static
usbc.c:1470:6:USBC_EnableHosc	0	static
usbc.c:1482:6:USBC_DisableHosc	0	static
usbc.c:1494:7:USBC_IsVbusChange	0	static
usbc.c:1513:7:USBC_IsIdChange	0	static
usbc.c:1532:7:USBC_IsDpDmChange	0	static
usbc.c:1551:6:USBC_DisableWakeIrq	0	static
usbc.c:1563:6:USBC_DisableVbusChange	0	static
usbc.c:1575:6:USBC_DisableIdChange	0	static
usbc.c:1587:6:USBC_DisableDpDmChange	0	static
usbc.c:1599:6:USBC_EnableWakeIrq	0	static
usbc.c:1611:6:USBC_EnableVbusChange	0	static
usbc.c:1623:6:USBC_EnableIdChange	0	static
usbc.c:1635:6:USBC_EnableDpDmChange	0	static
usbc.c:1647:7:USBC_TestMode_ReadReg	0	static
usbc.c:1771:6:USBC_PrintAllReg	40	static
usbc.c:1837:8:USBC_open_otg	0	static
usbc.c:1876:8:USBC_close_otg	8	static
usbc.c:1909:7:USBC_init	0	static
usbc.c:1960:7:USBC_exit	8	static
