usbc_host.c:609:6:USBC_Host_SetFunctionAddress_Deafult	0	static
usbc_host.c:635:6:USBC_Host_SetFunctionAddress	8	static
usbc_host.c:674:6:USBC_Host_SetHubAddress_Deafult	0	static
usbc_host.c:696:6:USBC_Host_SetHubAddress	0	static
usbc_host.c:718:6:USBC_Host_SetHPortAddress_Deafult	0	static
usbc_host.c:740:6:USBC_Host_SetHPortAddress	0	static
usbc_host.c:762:7:USBC_Host_QueryTransferMode	0	static
usbc_host.c:777:6:USBC_Host_ConfigTransferMode	0	static
usbc_host.c:805:6:USBC_Host_ResetPort	0	static
usbc_host.c:817:6:USBC_Host_ClearResetPortFlag	0	static
usbc_host.c:829:6:USBC_Host_RusumePort	0	static
usbc_host.c:841:6:USBC_Host_ClearRusumePortFlag	0	static
usbc_host.c:853:6:USBC_Host_SuspendPort	0	static
usbc_host.c:864:7:USBC_Host_QueryPowerStatus	0	static
usbc_host.c:876:6:USBC_Host_StartSession	0	static
usbc_host.c:887:6:USBC_Host_EndSession	0	static
usbc_host.c:916:7:USBC_Host_PeripheralType	0	static
usbc_host.c:935:6:USBC_Host_FlushFifo	0	static
usbc_host.c:979:6:USBC_Host_ConfigEp_Default	0	static
usbc_host.c:1029:6:USBC_Host_ConfigEp	16	static
usbc_host.c:1073:6:USBC_Host_ConfigEpDma	0	static
usbc_host.c:1117:6:USBC_Host_ClearEpDma	0	static
usbc_host.c:1162:7:USBC_Host_IsEpNakTimeOut	0	static
usbc_host.c:1205:6:USBC_Host_ClearEpNakTimeOut	0	static
usbc_host.c:1250:7:USBC_Host_IsEpError	0	static
usbc_host.c:1293:6:USBC_Host_ClearEpError	0	static
usbc_host.c:1338:7:USBC_Host_IsEpStall	0	static
usbc_host.c:1381:6:USBC_Host_ClearEpStall	0	static
usbc_host.c:1407:6:USBC_Host_ClearEpCSR	0	static
usbc_host.c:1539:7:USBC_Host_IsReadDataReady	0	static
usbc_host.c:1583:7:USBC_Host_IsWriteDataReady	0	static
usbc_host.c:1629:7:USBC_Host_ReadDataStatus	0	static
usbc_host.c:1666:7:USBC_Host_WriteDataStatus	0	static
usbc_host.c:1700:7:USBC_Host_IsReqPktSet	0	static
usbc_host.c:1746:6:USBC_Host_StartInToken	0	static
usbc_host.c:1790:6:USBC_Host_StopInToken	0	static
usbc_host.c:1827:6:USBC_Host_ConfigRqPktCount	0	static
usbc_host.c:1841:6:USBC_Host_ClearRqPktCount	0	static
usbc_host.c:1852:6:USBC_Host_EnablePing	0	static
usbc_host.c:1863:6:USBC_Host_DisablePing	0	static
usbc_host.c:1874:6:USBC_Host_SendCtrlStatus	0	static
usbc_host.c:1889:6:USBC_Host_SendSetupPkt	0	static
