board_common.c:30:6:sunxi_update_subsequent_processing	8	static
board_common.c:61:6:sunxi_fastboot_init	1104	static
board_common.c:142:5:respond_ir_boot_recovery_action	8	static
board_common.c:173:5:check_physical_key_early	88	static
board_common.c:349:5:update_bootcmd	4376	static
board_common.c:516:5:disable_node	16	static
board_common.c:537:6:dragonboard_handler	0	static
board_common.c:586:5:update_fdt_para_for_kernel	48	static
board_common.c:677:5:get_boot_work_mode	0	static
board_common.c:682:5:get_boot_storage_type	0	static
board_common.c:687:5:get_boot_dram_para_addr	0	static
board_common.c:692:5:get_boot_dram_para_size	0	static
board_common.c:697:5:get_boot_dram_update_flag	0	static
board_common.c:708:6:set_boot_dram_update_flag	0	static
board_common.c:737:5:get_debugmode_flag	16	static
board_common.c:774:5:write_usb_recovery_to_misc	2064	static
board_common.c:817:6:respond_physical_key_action	8	static
board_common.c:858:5:update_dram_para_for_ota	16	static
board_common.c:889:5:board_late_init	8	static
board_common.c:957:5:sunxi_led_init	96	static
board_common.c:968:6:sunxi_led_exit	0	static
