de_v3.c:657:13:disp_getprop_by_name	16	static
de_v3.c:508:12:get_saved_hdmi_vendor_id	536	static
de_v3.c:41:12:board_display_update_para_for_kernel	32	static
de_v3.c:61:5:board_display_layer_request	0	static
de_v3.c:82:5:board_display_layer_release	0	static
de_v3.c:103:5:board_display_wait_lcd_open	32	static
de_v3.c:151:5:board_display_wait_lcd_close	32	static
de_v3.c:199:5:board_display_set_exit_mode	24	static
de_v3.c:238:5:board_display_layer_open	32	static
de_v3.c:275:5:board_display_layer_close	32	static
de_v3.c:309:5:board_display_layer_para_set	24	static
de_v3.c:337:5:board_display_show_until_lcd_open	8	static
de_v3.c:365:5:board_display_show	8	static
de_v3.c:389:5:board_display_framebuffer_set	64	static
de_v3.c:464:6:board_display_set_alpha_mode	0	static
de_v3.c:477:5:board_display_framebuffer_change	0	static
de_v3.c:483:5:get_display_resolution	536	static
de_v3.c:614:12:init_display_out_attr	96	static
de_v3.c:682:5:board_display_device_open	152	static
de_v3.c:889:6:board_display_setenv	0	static
de_v3.c:897:5:borad_display_get_screen_width	24	static
de_v3.c:906:5:borad_display_get_screen_height	24	static
