sys_config_old.c:10:19:sw_cfg_get_subkey	40	static
sys_config_old.c:32:5:sw_cfg_get_int	8	static
sys_config_old.c:52:7:sw_cfg_get_str	16	static
sys_config_old.c:72:9:_test_str_length	0	static
sys_config_old.c:88:5:script_parser_init	0	static
sys_config_old.c:107:10:script_get_length	0	static
sys_config_old.c:114:5:script_parser_exit	0	static
sys_config_old.c:122:7:script_parser_subkey	32	static
sys_config_old.c:150:7:script_parser_fetch_subkey_start	56	static
sys_config_old.c:191:5:script_parser_fetch_subkey_next	32	static
sys_config_old.c:233:5:script_parser_fetch	112	static
sys_config_old.c:328:5:script_parser_fetch_ex	112	static
sys_config_old.c:427:5:script_parser_offset	56	static
sys_config_old.c:469:5:script_parser_fetch_by_offset	64	static
sys_config_old.c:534:5:script_parser_patch_all	32	static
sys_config_old.c:594:5:script_parser_patch	112	static
sys_config_old.c:683:5:script_parser_subkey_count	56	static
sys_config_old.c:722:5:script_parser_mainkey_count	0	static
sys_config_old.c:732:5:script_parser_mainkey_get_gpio_count	64	static
sys_config_old.c:783:5:script_parser_mainkey_get_gpio_cfg	72	static
sys_config_old.c:847:7:gpio_request_ex	80	static
sys_config_old.c:887:5:gpio_request_simple	912	static
sys_config_old.c:937:6:upper	0	static
sys_config_old.c:973:6:lower	0	static
