sys_config.c:828:12:6	8	static
sys_config.c:72:16:PIO_REG_CFG	0	static
sys_config.c:84:16:PIO_REG_PULL	0	static
sys_config.c:96:16:PIO_REG_DLEVEL	0	static
sys_config.c:108:16:PIO_REG_DATA	0	static
sys_config.c:120:5:PIO_REG_CFG_VALUE	0	static
sys_config.c:134:5:PIO_REG_DLEVEL_VALUE	0	static
sys_config.c:148:5:PIO_REG_PULL_VALUE	0	static
sys_config.c:162:5:PIO_REG_DATA_VALUE	0	static
sys_config.c:224:8:gpio_get_all_pin_status	64	static
sys_config.c:346:8:gpio_get_one_pin_status	32	static
sys_config.c:418:8:gpio_set_one_pin_status	40	static
sys_config.c:523:8:gpio_set_one_pin_io_status	24	static
sys_config.c:583:8:gpio_set_one_pin_pull	24	static
sys_config.c:642:8:gpio_set_one_pin_driver_level	24	static
sys_config.c:702:8:gpio_read_one_pin_value	24	static
sys_config.c:760:8:gpio_write_one_pin_value	24	static
sys_config.c:850:5:gpio_request_early	88	static
sys_config.c:1097:7:gpio_request	104	static
sys_config.c:1369:7:gpio_release	8	static
sys_config.c:1404:5:fdt_get_all_pin	1768	static
sys_config.c:1582:5:fdt_get_pin_num	88	static
sys_config.c:1638:5:fdt_set_all_pin	1808	static
sys_config.c:1676:5:fdt_set_all_pin_by_offset	1808	static
sys_config.c:1718:5:fdt_set_pin_byname	24	static
sys_config.c:1750:5:fdt_get_one_gpio_by_offset	56	static
sys_config.c:1791:5:fdt_get_one_gpio	64	static
sys_config.c:1839:5:fdt_set_one_gpio	64	static
sys_config.c:1850:5:fdt_set_normal_gpio	16	static
