disp_sys_intf.c:35:6:disp_sys_cache_flush	0	static
disp_sys_intf.c:90:5:disp_sys_register_irq	8	static
disp_sys_intf.c:118:6:disp_sys_unregister_irq	0	static
disp_sys_intf.c:141:6:disp_sys_enable_irq	0	static
disp_sys_intf.c:164:6:disp_sys_disable_irq	0	static
disp_sys_intf.c:169:6:spin_lock_init	0	static
disp_sys_intf.c:174:6:mutex_init	0	static
disp_sys_intf.c:179:6:mutex_destroy	0	static
disp_sys_intf.c:184:6:mutex_lock	0	static
disp_sys_intf.c:189:6:mutex_unlock	0	static
disp_sys_intf.c:194:6:tasklet_init	0	static
disp_sys_intf.c:206:6:tasklet_schedule	8	static
disp_sys_intf.c:215:8:kmalloc	16	static
disp_sys_intf.c:226:6:kfree	0	static
disp_sys_intf.c:255:6:disp_fdt_init	32	static
disp_sys_intf.c:266:6:disp_fdt_nodeoffset	24	static
disp_sys_intf.c:286:5:disp_sys_script_get_item	80	static
disp_sys_intf.c:338:5:disp_sys_get_ic_ver	0	static
disp_sys_intf.c:343:5:disp_sys_gpio_request	64	static
disp_sys_intf.c:368:5:disp_sys_gpio_request_simple	64	static
disp_sys_intf.c:385:5:disp_sys_gpio_release	8	static
disp_sys_intf.c:396:5:disp_sys_gpio_set_direction	0	static
disp_sys_intf.c:401:5:disp_sys_gpio_get_value	0	static
disp_sys_intf.c:406:5:disp_sys_gpio_set_value	0	static
disp_sys_intf.c:412:5:disp_sys_pin_set_state	48	static
disp_sys_intf.c:443:5:disp_sys_power_enable	8	static
disp_sys_intf.c:456:5:disp_sys_power_disable	8	static
disp_sys_intf.c:466:11:disp_sys_pwm_request	8	static
disp_sys_intf.c:472:5:disp_sys_pwm_free	0	static
disp_sys_intf.c:477:5:disp_sys_pwm_enable	0	static
disp_sys_intf.c:487:5:disp_sys_pwm_disable	8	static
disp_sys_intf.c:496:5:disp_sys_pwm_config	0	static
disp_sys_intf.c:505:5:disp_sys_pwm_set_polarity	0	static
