drv_hdmi.c:454:12:hdmi_suspend	0	static
drv_hdmi.c:485:12:hdmi_resume	0	static
drv_hdmi.c:135:12:hdmi_clk_disable	8	static
drv_hdmi.c:355:12:hdmi_get_edid	8	static
drv_hdmi.c:331:12:hdmi_get_video_timming_info	8	static
drv_hdmi.c:350:12:hdmi_get_input_csc	0	static
drv_hdmi.c:313:12:hdmi_get_HPD_status	8	static
drv_hdmi.c:291:12:hdmi_mode_support	0	static
drv_hdmi.c:192:12:hdmi_disable	8	static
drv_hdmi.c:171:12:hdmi_enable	8	static
drv_hdmi.c:247:12:hdmi_set_display_mode	8	static
drv_hdmi.c:37:6:hdmi_delay_ms	0	static
drv_hdmi.c:48:6:hdmi_delay_us	0	static
drv_hdmi.c:57:14:hdmi_get_soc_version	0	static
drv_hdmi.c:226:5:hdmi_get_vic	8	static
drv_hdmi.c:446:5:hdmi_hpd_event	0	static
drv_hdmi.c:542:5:hdmi_init	144	static
drv_hdmi.c:750:5:hdmi_exit	8	static
