hdmi_core.c:76:12:hdmi_core_view_on	16	static
hdmi_core.c:88:5:hdmi_core_initial	16	static
hdmi_core.c:122:6:hdmi_core_exit	0	static
hdmi_core.c:127:6:hdmi_core_set_base_addr	0	static
hdmi_core.c:225:5:hdmi_core_hpd_check	0	static
hdmi_core.c:233:5:hdmi_core_get_video_info	8	static
hdmi_core.c:246:5:hdmi_core_get_audio_info	16	static
hdmi_core.c:305:5:hdmi_core_set_hdcp_enable	0	static
hdmi_core.c:312:5:hdmi_core_get_hdcp_enable	0	static
hdmi_core.c:317:5:hdmi_core_set_cts_enable	0	static
hdmi_core.c:324:5:hdmi_core_get_cts_enable	0	static
hdmi_core.c:329:5:hdmi_core_get_csc_type	8	static
hdmi_core.c:432:5:hdmi_core_get_video_mode	8	static
hdmi_core.c:444:5:hdmi_core_set_video_mode	16	static
hdmi_core.c:457:5:hdmi_core_set_video_enable	24	static
hdmi_core.c:158:5:hdmi_core_loop	32	static
hdmi_core.c:502:6:hdmi_core_get_video_enable	16	static
hdmi_core.c:511:5:hdmi_core_get_list_num	0	static
hdmi_core.c:551:5:hdmi_core_enter_lp	16	static
hdmi_core.c:562:5:hdmi_core_exit_lp	8	static
hdmi_core.c:569:5:hdmi_core_mode_support	8	static
hdmi_core.c:577:5:hdmi_core_dvi_support	8	static
hdmi_core.c:585:5:hdmi_core_cec_enable	0	static
hdmi_core.c:592:5:hdmi_core_update_detect_time	0	static
hdmi_core.c:599:5:hdmi_core_cec_get_simple_msg	16	static
