nand_uboot_fun.c:51:5:__NAND_UpdatePhyArch	8	static
nand_uboot_fun.c:60:5:msg	8	static
nand_uboot_fun.c:67:5:NAND_PhyInit	8	static
nand_uboot_fun.c:90:5:NAND_PhyExit	8	static
nand_uboot_fun.c:98:5:NAND_LogicWrite	0	static
nand_uboot_fun.c:103:5:NAND_LogicRead	0	static
nand_uboot_fun.c:109:5:NAND_LogicInit	24	static
nand_uboot_fun.c:185:5:NAND_LogicExit	8	static
nand_uboot_fun.c:194:5:NAND_build_all_partition	16	static
nand_uboot_fun.c:230:5:NAND_VersionGet	8	static
nand_uboot_fun.c:244:5:NAND_VersionCheck	104	static
nand_uboot_fun.c:342:6:NAND_EraseBootBlocks	16	static
nand_uboot_fun.c:360:6:NAND_EraseChip	0	static
nand_uboot_fun.c:365:6:NAND_EraseChip_force	0	static
nand_uboot_fun.c:370:5:NAND_BadBlockScan	0	static
nand_uboot_fun.c:375:5:NAND_UbootInit	16	static
nand_uboot_fun.c:402:5:NAND_UbootExit	0	static
nand_uboot_fun.c:413:5:NAND_UbootProbe	8	static
nand_uboot_fun.c:429:6:NAND_UbootRead	0	static
nand_uboot_fun.c:434:6:NAND_UbootWrite	0	static
nand_uboot_fun.c:440:5:NAND_Uboot_Erase	8	static
nand_uboot_fun.c:476:5:NAND_Uboot_Force_Erase	8	static
nand_uboot_fun.c:493:5:NAND_BurnBoot0	0	static
nand_uboot_fun.c:498:5:NAND_ReadBoot0	0	static
nand_uboot_fun.c:503:5:NAND_BurnUboot	0	static
nand_uboot_fun.c:508:5:NAND_GetParam_store	24	static
nand_uboot_fun.c:530:5:NAND_FlushCache	0	static
