nand_osal_uboot.c:43:7:get_wvalue	0	static
nand_osal_uboot.c:48:6:put_wvalue	0	static
nand_osal_uboot.c:61:5:NAND_set_boot_mode	0	static
nand_osal_uboot.c:68:5:NAND_Print	16	static
nand_osal_uboot.c:86:5:NAND_Print_DBG	16	static
nand_osal_uboot.c:104:7:NAND_CleanFlushDCacheRegion	8	static
nand_osal_uboot.c:110:7:NAND_DMASingleMap	0	static
nand_osal_uboot.c:115:7:NAND_DMASingleUnmap	0	static
nand_osal_uboot.c:160:7:NAND_FreeMemoryForDMADescs	16	static
nand_osal_uboot.c:180:5:NAND_WaitDmaFinish	0	static
nand_osal_uboot.c:185:7:_Getpll6Clk	8	static
nand_osal_uboot.c:205:7:_get_ndfc_clk_v1	16	static
nand_osal_uboot.c:246:7:_change_ndfc_clk_v1	32	static
nand_osal_uboot.c:336:7:_close_ndfc_clk_v1	8	static
nand_osal_uboot.c:363:7:_open_ndfc_ahb_gate_and_reset_v1	8	static
nand_osal_uboot.c:404:7:_close_ndfc_ahb_gate_and_reset_v1	8	static
nand_osal_uboot.c:436:7:_cfg_ndfc_gpio_v1	16	static
nand_osal_uboot.c:454:5:NAND_ClkRequest	8	static
nand_osal_uboot.c:484:6:NAND_ClkRelease	8	static
nand_osal_uboot.c:522:5:NAND_SetClk	8	static
nand_osal_uboot.c:554:5:NAND_GetClk	8	static
nand_osal_uboot.c:576:7:NAND_PIORequest	8	static
nand_osal_uboot.c:619:7:NAND_PIOFuncChange_DQSc	8	static
nand_osal_uboot.c:647:7:NAND_PIOFuncChange_REc	8	static
nand_osal_uboot.c:676:6:NAND_PIORelease	0	static
nand_osal_uboot.c:686:6:NAND_Memset	0	static
nand_osal_uboot.c:691:6:NAND_Memcpy	0	static
nand_osal_uboot.c:723:8:NAND_Malloc	8	static
nand_osal_uboot.c:120:7:NAND_AllocMemoryForDMADescs	16	static
nand_osal_uboot.c:740:6:NAND_Free	0	static
nand_osal_uboot.c:749:7:OSAL_IrqUnLock	0	static
nand_osal_uboot.c:753:7:OSAL_IrqLock	0	static
nand_osal_uboot.c:758:5:NAND_WaitRbReady	0	static
nand_osal_uboot.c:763:7:NAND_IORemap	0	static
nand_osal_uboot.c:768:7:NAND_VA_TO_PA	0	static
nand_osal_uboot.c:773:7:NAND_GetIOBaseAddrCH0	0	static
nand_osal_uboot.c:778:7:NAND_GetIOBaseAddrCH1	0	static
nand_osal_uboot.c:783:7:NAND_GetNdfcVersion	0	static
nand_osal_uboot.c:788:7:NAND_GetNdfcDmaMode	0	static
nand_osal_uboot.c:799:5:NAND_PhysicLockInit	0	static
nand_osal_uboot.c:804:5:NAND_PhysicLock	0	static
nand_osal_uboot.c:809:5:NAND_PhysicUnLock	0	static
nand_osal_uboot.c:814:5:NAND_PhysicLockExit	0	static
nand_osal_uboot.c:819:7:NAND_GetMaxChannelCnt	0	static
nand_osal_uboot.c:824:7:NAND_GetPlatform	0	static
nand_osal_uboot.c:832:5:nand_request_dma	8	static
nand_osal_uboot.c:843:5:NAND_ReleaseDMA	8	static
nand_osal_uboot.c:855:5:nand_dma_config_start	40	static
nand_osal_uboot.c:907:7:NAND_GetNandExtPara	24	static
nand_osal_uboot.c:972:7:NAND_GetNandIDNumCtrl	16	static
nand_osal_uboot.c:990:6:nand_cond_resched	0	static
nand_osal_uboot.c:995:7:NAND_GetNandCapacityLevel	16	static
nand_osal_uboot.c:1020:7:nand_rb_wait_time_out	0	static
nand_osal_uboot.c:1025:7:nand_rb_wake_up	0	static
nand_osal_uboot.c:1037:7:nand_dma_wait_time_out	0	static
nand_osal_uboot.c:1042:7:nand_dma_wake_up	0	static
nand_osal_uboot.c:1053:5:NAND_IS_Secure_sys	8	static
nand_osal_uboot.c:1067:5:NAND_GetVoltage	0	static
nand_osal_uboot.c:1074:5:NAND_ReleaseVoltage	0	static
nand_osal_uboot.c:1081:6:NAND_Print_Version	16	static
nand_osal_uboot.c:1093:5:NAND_Get_Version	0	static
