clk_factor.c:171:12:sunxi_clk_fators_is_enabled	0	static
clk_factor.c:182:22:sunxi_clk_factors_recalc_rate	24	static
clk_factor.c:234:13:sunxi_clk_factors_round_rate	32	static
clk_factor.c:34:12:sunxi_clk_is_lock	24	static
clk_factor.c:5:12:sunxi_clk_disable_plllock	16	static
clk_factor.c:142:13:sunxi_clk_fators_disable	0	static
clk_factor.c:326:12:sunxi_clk_factors_set_rate	32	static
clk_factor.c:108:12:sunxi_clk_fators_enable	16	static
clk_factor.c:408:6:sunxi_clk_get_factors_ops	0	static
clk_factor.c:424:5:sunxi_clk_register_factors	40	static
clk_factor.c:467:5:sunxi_clk_get_common_factors	8	static
clk_factor.c:524:5:sunxi_clk_com_ftr_sr	40	static
