
Allocating common symbols
Common symbol       size              file

losc_enter_ss       0x4               drivers/soc/allwinner/pm/standby/main.o

Memory Configuration

Name             Origin             Length             Attributes
*default*        0x00000000         0xffffffff

Linker script and memory map

                0x00000000                __standby_start = .

.text           0xf0000000     0x49e4
 drivers/soc/allwinner/pm/standby/main.o(.text.startup)
 *(.text)
 .text          0xf0000000      0x3e8 drivers/soc/allwinner/pm/standby/main.o
                0xf0000000                standby_main
 .text          0xf00003e8       0x80 drivers/soc/allwinner/pm/standby/common.o
                0xf00003e8                standby_memcpy
 .text          0xf0000468      0x46c drivers/soc/allwinner/pm/standby/standby_twi.o
                0xf0000518                standby_twi_init
                0xf0000564                standby_twi_init_losc
                0xf000057c                standby_twi_exit
                0xf00005b0                twi_byte_rw
 .text          0xf00008d4      0x364 drivers/soc/allwinner/pm/standby/power/axp_power.o
                0xf00008d4                find_info
                0xf0000928                axp_set_volt
                0xf0000a20                axp_get_volt
                0xf0000ac4                axp_get_state
                0xf0000b58                __twi_byte_update
                0xf0000bcc                axp_set_state
 .text          0xf0000c38      0x224 drivers/soc/allwinner/pm/standby/power/axp15_power.o
                0xf0000c38                axp15_losc_enter_ss
                0xf0000c8c                axp15_set_volt
                0xf0000ca0                axp15_get_volt
                0xf0000cb0                axp15_set_state
                0xf0000cc4                axp15_get_state
                0xf0000cd4                __axp15_set_wakeup
                0xf0000db4                axp15_suspend_calc
 .text          0xf0000e5c      0x204 drivers/soc/allwinner/pm/standby/power/axp22_power.o
                0xf0000e5c                axp22_losc_enter_ss
                0xf0000eb0                axp22_set_volt
                0xf0000ec4                axp22_get_volt
                0xf0000ed4                axp22_set_state
                0xf0000ee8                axp22_get_state
                0xf0000ef8                __axp22_set_wakeup
                0xf0000f58                axp22_suspend_calc
 .text          0xf0001060      0x1f8 drivers/soc/allwinner/pm/standby/power/axp20_power.o
                0xf0001060                axp20_losc_enter_ss
                0xf00010b4                axp20_set_volt
                0xf00010c8                axp20_get_volt
                0xf00010d8                axp20_set_state
                0xf00010ec                axp20_get_state
                0xf00010fc                __axp20_set_wakeup
                0xf0001150                axp20_suspend_calc
 .text          0xf0001258      0x61c drivers/soc/allwinner/pm/standby/power/standby_power.o
                0xf00013f8                power_enter_super_calc
                0xf000157c                dm_suspend
                0xf00017b4                dm_resume
 .text          0xf0001874      0x508 drivers/soc/allwinner/pm/standby/standby_clock.o
                0xf0001874                standby_clk_init
                0xf0001890                standby_clk_exit
                0xf0001898                standby_clk_core2losc
                0xf00018b8                standby_clk_core2hosc
                0xf00018e0                standby_clk_core2pll
                0xf0001908                standby_clk_plldisable
                0xf0001940                standby_clk_pllenable
                0xf0001978                standby_clk_hoscdisable
                0xf00019c8                standby_clk_hoscenable
                0xf0001a14                standby_clk_ldodisable
                0xf0001a30                standby_clk_ldoenable
                0xf0001a4c                standby_clk_setdiv
                0xf0001af8                standby_clk_getdiv
                0xf0001b94                standby_clk_set_pll_factor
                0xf0001be4                standby_clk_get_pll_factor
                0xf0001c30                standby_clk_apb2losc
                0xf0001c54                standby_clk_apb2hosc
                0xf0001c7c                standby_clk_bus_src_backup
                0xf0001ca0                standby_clk_bus_src_set
                0xf0001cc8                standby_clk_bus_src_restore
                0xf0001cec                standby_clk_dramgating
                0xf0001d10                standby_clk_get_cpu_freq
 .text          0xf0001d7c      0x12c drivers/soc/allwinner/pm/standby/standby_debug.o
                0xf0001d7c                mem_status_init
                0xf0001d80                mem_status_init_nommu
                0xf0001d84                mem_status_clear
                0xf0001da4                mem_status_exit
                0xf0001da8                save_mem_status
                0xf0001dd0                get_mem_status
                0xf0001de0                show_mem_status
                0xf0001e18                save_mem_status_nommu
                0xf0001e38                save_cpux_mem_status_nommu
                0xf0001e58                save_super_flags
                0xf0001e80                save_super_addr
 .text          0xf0001ea8      0x1dc drivers/soc/allwinner/pm/standby/standby_divlib.o
                0xf0001ea8                standby_delay
                0xf0001ed0                standby_delay_cycle
                0xf0001edc                Ldiv0
                0xf0001eec                __aeabi_uidiv
                0xf0001f88                __aeabi_idiv
                0xf0002054                __aeabi_uidivmod
                0xf000206c                __aeabi_idivmod
 .text          0xf0002084       0x64 drivers/soc/allwinner/pm/standby/standby_dram.o
                0xf0002084                standby_dram_crc_enable
                0xf000208c                standby_dram_crc
 *fill*         0xf00020e8       0x18 00
 .text          0xf0002100      0x4e0 drivers/soc/allwinner/pm/standby/./../mem_mmu_pc_asm.o
                0xf0002100                save_sp
                0xf000210c                save_sp_nommu
                0xf0002118                restore_sp
                0xf0002120                get_sp
                0xf0002130                get_cur_cluster_id
                0xf0002140                invalidate_dcache
                0xf00021d4                invalidate_icache
                0xf00021ec                flush_dcache
                0xf0002288                flush_icache
                0xf00022ac                disable_cache
                0xf00022cc                disable_dcache
                0xf00022e8                disable_icache
                0xf0002304                disable_l2cache
                0xf0002320                enable_cache
                0xf0002340                enable_icache
                0xf000235c                invalidate_branch_predictor
                0xf0002374                disable_program_flow_prediction
                0xf0002390                enable_program_flow_prediction
                0xf00023ac                mem_flush_tlb
                0xf00023d0                mem_preload_tlb
                0xf000246c                disable_mmu
                0xf0002494                enable_mmu
                0xf00024d4                jump_to_suspend
                0xf00024f0                jump_to_resume
                0xf0002510                jump_to_resume0
                0xf0002520                jump_to_resume0_nommu
                0xf0002550                disable_prefetch
                0xf0002570                restore_prefetch
 .text          0xf00025e0       0x58 drivers/soc/allwinner/pm/standby/./../mem_divlibc.o
                0xf00025e0                __mem_div0
                0xf00025ec                raw_lib_udiv
 .text          0xf0002638      0x2f4 drivers/soc/allwinner/pm/standby/./../mem_clk.o
                0xf0002638                mem_clk_init
                0xf0002668                mem_get_ba
                0xf0002678                mem_clk_save
                0xf00026b4                mem_clk_restore
                0xf00026e8                mem_clk_setdiv
                0xf000275c                mem_clk_getdiv
                0xf00027a4                mem_clk_set_pll_factor
                0xf00027f8                mem_clk_get_pll_factor
                0xf0002840                mem_clk_set_misc
                0xf0002890                mem_clk_get_misc
                0xf00028c0                mem_clk_get_cpu_freq
 .text          0xf000292c      0x25c drivers/soc/allwinner/pm/standby/./../mem_timing.o
                0xf00029a4                init_perfcounters
                0xf00029d8                backup_perfcounter
                0xf00029f4                restore_perfcounter
                0xf0002a18                get_cyclecount
                0xf0002a20                reset_counter
                0xf0002a30                change_runtime_env
                0xf0002a64                delay_us
                0xf0002aec                delay_ms
                0xf0002b20                init_event_counter
                0xf0002b4c                set_event_counter
                0xf0002b6c                get_event_counter
 .text          0xf0002b88      0x4e0 drivers/soc/allwinner/pm/standby/./../mem_serial.o
                0xf0002c48                serial_exit
                0xf0002c7c                serial_init_nommu
                0xf0002d1c                serial_puts_nommu
                0xf0002dcc                serial_gets_nommu
                0xf0002e58                serial_init_manager
                0xf0002e6c                serial_exit_manager
                0xf0002e80                serial_init
                0xf0002f2c                serial_puts
                0xf0002fdc                serial_gets
 .text          0xf0003068      0x66c drivers/soc/allwinner/pm/standby/./../mem_printk.o
                0xf000320c                strlen
                0xf0003238                strcpy
                0xf0003254                strncpy
                0xf0003280                strcat
                0xf00032c0                strncat
                0xf0003384                strcmp
                0xf00033b4                strncmp
                0xf000342c                printk_nommu
 .text          0xf00036d4     0x11f0 drivers/soc/allwinner/pm/standby/dram/sun8iw11p1/mctl_standby-sun8iw11.o
                0xf00036d4                dram_udelay
                0xf00036ec                dram_enable_all_master
                0xf0003704                dram_disable_all_master
                0xf000371c                bit_delay_compensation_standby
                0xf00037e4                set_master_priority_standby
                0xf0003994                auto_cal_timing_standby
                0xf00039c0                auto_set_timing_para_standby
                0xf0003b34                ccm_set_pll_ddr1_sscg_standby
                0xf0003c34                ccm_set_pll_ddr0_sscg_standby
                0xf0003d2c                ccm_set_pll_ddr0_clk_standby
                0xf0003e34                ccm_set_pll_ddr1_clk_standby
                0xf0003efc                mctl_sys_init_standby
                0xf0004084                mctl_com_init_standby
                0xf00040dc                mctl_channel_init_standby
                0xf00044b8                mctl_core_init_standby
                0xf00044e4                init_DRAM_standby
                0xf000465c                dram_power_save_process
                0xf00048b8                dram_power_up_process
 *(.rodata)
 .rodata        0xf00048c4        0xc drivers/soc/allwinner/pm/standby/standby_twi.o
 .rodata        0xf00048d0       0xb8 drivers/soc/allwinner/pm/standby/power/axp15_power.o
 .rodata        0xf0004988       0x28 drivers/soc/allwinner/pm/standby/power/axp22_power.o
 .rodata        0xf00049b0       0x28 drivers/soc/allwinner/pm/standby/power/axp20_power.o
 .rodata        0xf00049d8        0xc drivers/soc/allwinner/pm/standby/./../mem_serial.o

.rodata.str1.4  0xf00049e4      0x574
 .rodata.str1.4
                0xf00049e4       0x3b drivers/soc/allwinner/pm/standby/main.o
                                 0x3c (size before relaxing)
 *fill*         0xf0004a1f        0x1 00
 .rodata.str1.4
                0xf0004a20       0x77 drivers/soc/allwinner/pm/standby/standby_twi.o
                                 0x78 (size before relaxing)
 *fill*         0xf0004a97        0x1 00
 .rodata.str1.4
                0xf0004a98       0x55 drivers/soc/allwinner/pm/standby/power/axp15_power.o
                                 0x58 (size before relaxing)
 *fill*         0xf0004aed        0x3 00
 .rodata.str1.4
                0xf0004af0       0x4d drivers/soc/allwinner/pm/standby/power/axp22_power.o
                                 0x94 (size before relaxing)
 *fill*         0xf0004b3d        0x3 00
 .rodata.str1.4
                0xf0004b40       0x97 drivers/soc/allwinner/pm/standby/power/axp20_power.o
                                 0x98 (size before relaxing)
 *fill*         0xf0004bd7        0x1 00
 .rodata.str1.4
                0xf0004bd8      0x1f1 drivers/soc/allwinner/pm/standby/power/standby_power.o
                                0x1f4 (size before relaxing)
 *fill*         0xf0004dc9        0x3 00
 .rodata.str1.4
                0xf0004dcc       0x17 drivers/soc/allwinner/pm/standby/standby_debug.o
                                 0x18 (size before relaxing)
 *fill*         0xf0004de3        0x1 00
 .rodata.str1.4
                0xf0004de4       0x1f drivers/soc/allwinner/pm/standby/standby_dram.o
                                 0x20 (size before relaxing)
 *fill*         0xf0004e03        0x1 00
 .rodata.str1.4
                0xf0004e04       0x1a drivers/soc/allwinner/pm/standby/./../mem_divlibc.o
                                 0x1c (size before relaxing)
 *fill*         0xf0004e1e        0x2 00
 .rodata.str1.4
                0xf0004e20       0x25 drivers/soc/allwinner/pm/standby/./../mem_printk.o
                                 0x28 (size before relaxing)
 *fill*         0xf0004e45        0x3 00
 .rodata.str1.4
                0xf0004e48      0x110 drivers/soc/allwinner/pm/standby/dram/sun8iw11p1/mctl_standby-sun8iw11.o

.glue_7         0xf0004f58        0x0
 .glue_7        0x00000000        0x0 linker stubs

.glue_7t        0xf0004f58        0x0
 .glue_7t       0x00000000        0x0 linker stubs

.vfp11_veneer   0xf0004f58        0x0
 .vfp11_veneer  0x00000000        0x0 linker stubs

.v4_bx          0xf0004f58        0x0
 .v4_bx         0x00000000        0x0 linker stubs

.iplt           0xf0004f58        0x0
 .iplt          0x00000000        0x0 drivers/soc/allwinner/pm/standby/main.o

.text.unlikely  0xf0004f58      0x268
 .text.unlikely
                0xf0004f58      0x268 drivers/soc/allwinner/pm/standby/./../mem_printk.o
                0xf0004f58                printk

.rel.dyn        0xf00051c0        0x0
 .rel.iplt      0x00000000        0x0 drivers/soc/allwinner/pm/standby/main.o

.data           0xf00051c0      0x6ac
 *(.data)
 .data          0xf00051c0        0x0 drivers/soc/allwinner/pm/standby/main.o
 .data          0xf00051c0        0x0 drivers/soc/allwinner/pm/standby/common.o
 .data          0xf00051c0        0x0 drivers/soc/allwinner/pm/standby/standby_twi.o
 .data          0xf00051c0        0x0 drivers/soc/allwinner/pm/standby/power/axp_power.o
 .data          0xf00051c0      0x1f0 drivers/soc/allwinner/pm/standby/power/axp15_power.o
                0xf00051c0                axp15_dev_info
 .data          0xf00053b0      0x37c drivers/soc/allwinner/pm/standby/power/axp22_power.o
                0xf00053b0                axp22_dev_info
 .data          0xf000572c      0x140 drivers/soc/allwinner/pm/standby/power/axp20_power.o
                0xf000572c                axp20_dev_info
 .data          0xf000586c        0x0 drivers/soc/allwinner/pm/standby/power/standby_power.o
 .data          0xf000586c        0x0 drivers/soc/allwinner/pm/standby/standby_clock.o
 .data          0xf000586c        0x0 drivers/soc/allwinner/pm/standby/standby_debug.o
 .data          0xf000586c        0x0 drivers/soc/allwinner/pm/standby/standby_divlib.o
 .data          0xf000586c        0x0 drivers/soc/allwinner/pm/standby/standby_dram.o
 .data          0xf000586c        0x0 drivers/soc/allwinner/pm/standby/./../mem_mmu_pc_asm.o
 .data          0xf000586c        0x0 drivers/soc/allwinner/pm/standby/./../mem_divlibc.o
 .data          0xf000586c        0x0 drivers/soc/allwinner/pm/standby/./../mem_clk.o
 .data          0xf000586c        0x0 drivers/soc/allwinner/pm/standby/./../mem_timing.o
 .data          0xf000586c        0x0 drivers/soc/allwinner/pm/standby/./../mem_serial.o
 .data          0xf000586c        0x0 drivers/soc/allwinner/pm/standby/./../mem_printk.o
 .data          0xf000586c        0x0 drivers/soc/allwinner/pm/standby/dram/sun8iw11p1/mctl_standby-sun8iw11.o
                0xf000586c                __bss_start = .

.igot.plt       0xf000586c        0x0
 .igot.plt      0x00000000        0x0 drivers/soc/allwinner/pm/standby/main.o

.bss            0xf000586c      0x674
 *(.sbss)
 *(.scommon)
 *(.bss)
 .bss           0xf000586c      0x320 drivers/soc/allwinner/pm/standby/main.o
 .bss           0xf0005b8c        0x0 drivers/soc/allwinner/pm/standby/common.o
 .bss           0xf0005b8c        0xc drivers/soc/allwinner/pm/standby/standby_twi.o
 .bss           0xf0005b98        0x0 drivers/soc/allwinner/pm/standby/power/axp_power.o
 .bss           0xf0005b98        0x2 drivers/soc/allwinner/pm/standby/power/axp15_power.o
 .bss           0xf0005b9a        0x2 drivers/soc/allwinner/pm/standby/power/axp22_power.o
 .bss           0xf0005b9c        0x2 drivers/soc/allwinner/pm/standby/power/axp20_power.o
 *fill*         0xf0005b9e        0x2 00
 .bss           0xf0005ba0       0x60 drivers/soc/allwinner/pm/standby/power/standby_power.o
 .bss           0xf0005c00       0x1c drivers/soc/allwinner/pm/standby/standby_clock.o
 .bss           0xf0005c1c        0x0 drivers/soc/allwinner/pm/standby/standby_debug.o
 .bss           0xf0005c1c        0x0 drivers/soc/allwinner/pm/standby/standby_divlib.o
 .bss           0xf0005c1c        0x0 drivers/soc/allwinner/pm/standby/standby_dram.o
 .bss           0xf0005c1c        0x0 drivers/soc/allwinner/pm/standby/./../mem_mmu_pc_asm.o
 .bss           0xf0005c1c        0x0 drivers/soc/allwinner/pm/standby/./../mem_divlibc.o
 .bss           0xf0005c1c        0xc drivers/soc/allwinner/pm/standby/./../mem_clk.o
 .bss           0xf0005c28       0x10 drivers/soc/allwinner/pm/standby/./../mem_timing.o
 .bss           0xf0005c38       0x14 drivers/soc/allwinner/pm/standby/./../mem_serial.o
 .bss           0xf0005c4c      0x100 drivers/soc/allwinner/pm/standby/./../mem_printk.o
 .bss           0xf0005d4c      0x190 drivers/soc/allwinner/pm/standby/dram/sun8iw11p1/mctl_standby-sun8iw11.o
 *(COMMON)
 COMMON         0xf0005edc        0x4 drivers/soc/allwinner/pm/standby/main.o
                0xf0005edc                losc_enter_ss
                0xf0005ee0                __bss_end = .
                0xf0005ee0                __standby_end = .
LOAD drivers/soc/allwinner/pm/standby/common.o
LOAD drivers/soc/allwinner/pm/standby/standby_twi.o
LOAD drivers/soc/allwinner/pm/standby/power/axp_power.o
LOAD drivers/soc/allwinner/pm/standby/power/axp15_power.o
LOAD drivers/soc/allwinner/pm/standby/power/axp22_power.o
LOAD drivers/soc/allwinner/pm/standby/power/axp20_power.o
LOAD drivers/soc/allwinner/pm/standby/power/standby_power.o
LOAD drivers/soc/allwinner/pm/standby/standby_clock.o
LOAD drivers/soc/allwinner/pm/standby/standby_debug.o
LOAD drivers/soc/allwinner/pm/standby/standby_divlib.o
LOAD drivers/soc/allwinner/pm/standby/standby_dram.o
LOAD drivers/soc/allwinner/pm/standby/./../mem_mmu_pc_asm.o
LOAD drivers/soc/allwinner/pm/standby/./../mem_divlibc.o
LOAD drivers/soc/allwinner/pm/standby/./../mem_clk.o
LOAD drivers/soc/allwinner/pm/standby/./../mem_timing.o
LOAD drivers/soc/allwinner/pm/standby/./../mem_serial.o
LOAD drivers/soc/allwinner/pm/standby/./../mem_printk.o
LOAD drivers/soc/allwinner/pm/standby/main.o
LOAD drivers/soc/allwinner/pm/standby/dram/sun8iw11p1/mctl_standby-sun8iw11.o
OUTPUT(drivers/soc/allwinner/pm/standby/standby.elf elf32-littlearm)

.debug_info     0x00000000     0xe4de
 .debug_info    0x00000000     0x1128 drivers/soc/allwinner/pm/standby/main.o
 .debug_info    0x00001128      0x55b drivers/soc/allwinner/pm/standby/common.o
 .debug_info    0x00001683      0x98b drivers/soc/allwinner/pm/standby/standby_twi.o
 .debug_info    0x0000200e      0x9d5 drivers/soc/allwinner/pm/standby/power/axp_power.o
 .debug_info    0x000029e3      0xb72 drivers/soc/allwinner/pm/standby/power/axp15_power.o
 .debug_info    0x00003555      0xb58 drivers/soc/allwinner/pm/standby/power/axp22_power.o
 .debug_info    0x000040ad      0xb08 drivers/soc/allwinner/pm/standby/power/axp20_power.o
 .debug_info    0x00004bb5     0x10ca drivers/soc/allwinner/pm/standby/power/standby_power.o
 .debug_info    0x00005c7f     0x1b9f drivers/soc/allwinner/pm/standby/standby_clock.o
 .debug_info    0x0000781e      0x65a drivers/soc/allwinner/pm/standby/standby_debug.o
 .debug_info    0x00007e78       0x92 drivers/soc/allwinner/pm/standby/standby_divlib.o
 .debug_info    0x00007f0a      0x5c1 drivers/soc/allwinner/pm/standby/standby_dram.o
 .debug_info    0x000084cb       0x97 drivers/soc/allwinner/pm/standby/./../mem_mmu_pc_asm.o
 .debug_info    0x00008562      0x566 drivers/soc/allwinner/pm/standby/./../mem_divlibc.o
 .debug_info    0x00008ac8     0x19c3 drivers/soc/allwinner/pm/standby/./../mem_clk.o
 .debug_info    0x0000a48b      0xb46 drivers/soc/allwinner/pm/standby/./../mem_timing.o
 .debug_info    0x0000afd1     0x1bc9 drivers/soc/allwinner/pm/standby/./../mem_serial.o
 .debug_info    0x0000cb9a      0xfdc drivers/soc/allwinner/pm/standby/./../mem_printk.o
 .debug_info    0x0000db76      0x968 drivers/soc/allwinner/pm/standby/dram/sun8iw11p1/mctl_standby-sun8iw11.o

.debug_abbrev   0x00000000     0x27d4
 .debug_abbrev  0x00000000      0x2f9 drivers/soc/allwinner/pm/standby/main.o
 .debug_abbrev  0x000002f9      0x13d drivers/soc/allwinner/pm/standby/common.o
 .debug_abbrev  0x00000436      0x1f9 drivers/soc/allwinner/pm/standby/standby_twi.o
 .debug_abbrev  0x0000062f      0x1fe drivers/soc/allwinner/pm/standby/power/axp_power.o
 .debug_abbrev  0x0000082d      0x24f drivers/soc/allwinner/pm/standby/power/axp15_power.o
 .debug_abbrev  0x00000a7c      0x240 drivers/soc/allwinner/pm/standby/power/axp22_power.o
 .debug_abbrev  0x00000cbc      0x240 drivers/soc/allwinner/pm/standby/power/axp20_power.o
 .debug_abbrev  0x00000efc      0x2de drivers/soc/allwinner/pm/standby/power/standby_power.o
 .debug_abbrev  0x000011da      0x2bd drivers/soc/allwinner/pm/standby/standby_clock.o
 .debug_abbrev  0x00001497      0x187 drivers/soc/allwinner/pm/standby/standby_debug.o
 .debug_abbrev  0x0000161e       0x14 drivers/soc/allwinner/pm/standby/standby_divlib.o
 .debug_abbrev  0x00001632      0x158 drivers/soc/allwinner/pm/standby/standby_dram.o
 .debug_abbrev  0x0000178a       0x14 drivers/soc/allwinner/pm/standby/./../mem_mmu_pc_asm.o
 .debug_abbrev  0x0000179e      0x145 drivers/soc/allwinner/pm/standby/./../mem_divlibc.o
 .debug_abbrev  0x000018e3      0x22c drivers/soc/allwinner/pm/standby/./../mem_clk.o
 .debug_abbrev  0x00001b0f      0x2da drivers/soc/allwinner/pm/standby/./../mem_timing.o
 .debug_abbrev  0x00001de9      0x395 drivers/soc/allwinner/pm/standby/./../mem_serial.o
 .debug_abbrev  0x0000217e      0x345 drivers/soc/allwinner/pm/standby/./../mem_printk.o
 .debug_abbrev  0x000024c3      0x311 drivers/soc/allwinner/pm/standby/dram/sun8iw11p1/mctl_standby-sun8iw11.o

.debug_loc      0x00000000     0x470a
 .debug_loc     0x00000000      0x149 drivers/soc/allwinner/pm/standby/main.o
 .debug_loc     0x00000149      0x103 drivers/soc/allwinner/pm/standby/common.o
 .debug_loc     0x0000024c      0x30f drivers/soc/allwinner/pm/standby/standby_twi.o
 .debug_loc     0x0000055b      0x863 drivers/soc/allwinner/pm/standby/power/axp_power.o
 .debug_loc     0x00000dbe      0x2b2 drivers/soc/allwinner/pm/standby/power/axp15_power.o
 .debug_loc     0x00001070      0x295 drivers/soc/allwinner/pm/standby/power/axp22_power.o
 .debug_loc     0x00001305      0x295 drivers/soc/allwinner/pm/standby/power/axp20_power.o
 .debug_loc     0x0000159a      0x7c9 drivers/soc/allwinner/pm/standby/power/standby_power.o
 .debug_loc     0x00001d63      0x25b drivers/soc/allwinner/pm/standby/standby_clock.o
 .debug_loc     0x00001fbe      0x118 drivers/soc/allwinner/pm/standby/standby_debug.o
 .debug_loc     0x000020d6       0xc6 drivers/soc/allwinner/pm/standby/standby_dram.o
 .debug_loc     0x0000219c       0xb2 drivers/soc/allwinner/pm/standby/./../mem_divlibc.o
 .debug_loc     0x0000224e      0x289 drivers/soc/allwinner/pm/standby/./../mem_clk.o
 .debug_loc     0x000024d7      0x45f drivers/soc/allwinner/pm/standby/./../mem_timing.o
 .debug_loc     0x00002936      0x474 drivers/soc/allwinner/pm/standby/./../mem_serial.o
 .debug_loc     0x00002daa      0xb65 drivers/soc/allwinner/pm/standby/./../mem_printk.o
 .debug_loc     0x0000390f      0xdfb drivers/soc/allwinner/pm/standby/dram/sun8iw11p1/mctl_standby-sun8iw11.o

.debug_aranges  0x00000000      0x268
 .debug_aranges
                0x00000000       0x20 drivers/soc/allwinner/pm/standby/main.o
 .debug_aranges
                0x00000020       0x20 drivers/soc/allwinner/pm/standby/common.o
 .debug_aranges
                0x00000040       0x20 drivers/soc/allwinner/pm/standby/standby_twi.o
 .debug_aranges
                0x00000060       0x20 drivers/soc/allwinner/pm/standby/power/axp_power.o
 .debug_aranges
                0x00000080       0x20 drivers/soc/allwinner/pm/standby/power/axp15_power.o
 .debug_aranges
                0x000000a0       0x20 drivers/soc/allwinner/pm/standby/power/axp22_power.o
 .debug_aranges
                0x000000c0       0x20 drivers/soc/allwinner/pm/standby/power/axp20_power.o
 .debug_aranges
                0x000000e0       0x20 drivers/soc/allwinner/pm/standby/power/standby_power.o
 .debug_aranges
                0x00000100       0x20 drivers/soc/allwinner/pm/standby/standby_clock.o
 .debug_aranges
                0x00000120       0x20 drivers/soc/allwinner/pm/standby/standby_debug.o
 .debug_aranges
                0x00000140       0x20 drivers/soc/allwinner/pm/standby/standby_divlib.o
 .debug_aranges
                0x00000160       0x20 drivers/soc/allwinner/pm/standby/standby_dram.o
 .debug_aranges
                0x00000180       0x20 drivers/soc/allwinner/pm/standby/./../mem_mmu_pc_asm.o
 .debug_aranges
                0x000001a0       0x20 drivers/soc/allwinner/pm/standby/./../mem_divlibc.o
 .debug_aranges
                0x000001c0       0x20 drivers/soc/allwinner/pm/standby/./../mem_clk.o
 .debug_aranges
                0x000001e0       0x20 drivers/soc/allwinner/pm/standby/./../mem_timing.o
 .debug_aranges
                0x00000200       0x20 drivers/soc/allwinner/pm/standby/./../mem_serial.o
 .debug_aranges
                0x00000220       0x28 drivers/soc/allwinner/pm/standby/./../mem_printk.o
 .debug_aranges
                0x00000248       0x20 drivers/soc/allwinner/pm/standby/dram/sun8iw11p1/mctl_standby-sun8iw11.o

.debug_ranges   0x00000000      0x630
 .debug_ranges  0x00000000       0x90 drivers/soc/allwinner/pm/standby/main.o
 .debug_ranges  0x00000090      0x120 drivers/soc/allwinner/pm/standby/power/axp_power.o
 .debug_ranges  0x000001b0       0x30 drivers/soc/allwinner/pm/standby/power/axp15_power.o
 .debug_ranges  0x000001e0       0x30 drivers/soc/allwinner/pm/standby/power/axp22_power.o
 .debug_ranges  0x00000210       0x30 drivers/soc/allwinner/pm/standby/power/axp20_power.o
 .debug_ranges  0x00000240      0x130 drivers/soc/allwinner/pm/standby/power/standby_power.o
 .debug_ranges  0x00000370      0x198 drivers/soc/allwinner/pm/standby/./../mem_serial.o
 .debug_ranges  0x00000508       0x18 drivers/soc/allwinner/pm/standby/./../mem_printk.o
 .debug_ranges  0x00000520      0x110 drivers/soc/allwinner/pm/standby/dram/sun8iw11p1/mctl_standby-sun8iw11.o

.debug_line     0x00000000     0x36c3
 .debug_line    0x00000000      0x3ac drivers/soc/allwinner/pm/standby/main.o
 .debug_line    0x000003ac      0x1ba drivers/soc/allwinner/pm/standby/common.o
 .debug_line    0x00000566      0x371 drivers/soc/allwinner/pm/standby/standby_twi.o
 .debug_line    0x000008d7      0x2ba drivers/soc/allwinner/pm/standby/power/axp_power.o
 .debug_line    0x00000b91      0x292 drivers/soc/allwinner/pm/standby/power/axp15_power.o
 .debug_line    0x00000e23      0x28c drivers/soc/allwinner/pm/standby/power/axp22_power.o
 .debug_line    0x000010af      0x28b drivers/soc/allwinner/pm/standby/power/axp20_power.o
 .debug_line    0x0000133a      0x412 drivers/soc/allwinner/pm/standby/power/standby_power.o
 .debug_line    0x0000174c      0x3cd drivers/soc/allwinner/pm/standby/standby_clock.o
 .debug_line    0x00001b19      0x1dc drivers/soc/allwinner/pm/standby/standby_debug.o
 .debug_line    0x00001cf5       0xb0 drivers/soc/allwinner/pm/standby/standby_divlib.o
 .debug_line    0x00001da5      0x1af drivers/soc/allwinner/pm/standby/standby_dram.o
 .debug_line    0x00001f54      0x1a2 drivers/soc/allwinner/pm/standby/./../mem_mmu_pc_asm.o
 .debug_line    0x000020f6      0x1c4 drivers/soc/allwinner/pm/standby/./../mem_divlibc.o
 .debug_line    0x000022ba      0x2e4 drivers/soc/allwinner/pm/standby/./../mem_clk.o
 .debug_line    0x0000259e      0x2b2 drivers/soc/allwinner/pm/standby/./../mem_timing.o
 .debug_line    0x00002850      0x37c drivers/soc/allwinner/pm/standby/./../mem_serial.o
 .debug_line    0x00002bcc      0x563 drivers/soc/allwinner/pm/standby/./../mem_printk.o
 .debug_line    0x0000312f      0x594 drivers/soc/allwinner/pm/standby/dram/sun8iw11p1/mctl_standby-sun8iw11.o

.debug_str      0x00000000     0x2cb7
 .debug_str     0x00000000      0xf6d drivers/soc/allwinner/pm/standby/main.o
                               0x1096 (size before relaxing)
 .debug_str     0x00000f6d       0x55 drivers/soc/allwinner/pm/standby/common.o
                                0x392 (size before relaxing)
 .debug_str     0x00000fc2      0x15d drivers/soc/allwinner/pm/standby/standby_twi.o
                                0x97b (size before relaxing)
 .debug_str     0x0000111f      0x11d drivers/soc/allwinner/pm/standby/power/axp_power.o
                                0x4c6 (size before relaxing)
 .debug_str     0x0000123c      0x1df drivers/soc/allwinner/pm/standby/power/axp15_power.o
                                0xacf (size before relaxing)
 .debug_str     0x0000141b      0x20b drivers/soc/allwinner/pm/standby/power/axp22_power.o
                                0xb26 (size before relaxing)
 .debug_str     0x00001626      0x145 drivers/soc/allwinner/pm/standby/power/axp20_power.o
                                0xa60 (size before relaxing)
 .debug_str     0x0000176b      0x168 drivers/soc/allwinner/pm/standby/power/standby_power.o
                                0xe26 (size before relaxing)
 .debug_str     0x000018d3      0x965 drivers/soc/allwinner/pm/standby/standby_clock.o
                               0x124a (size before relaxing)
 .debug_str     0x00002238       0xf9 drivers/soc/allwinner/pm/standby/standby_debug.o
                                0x437 (size before relaxing)
 .debug_str     0x00002331       0x6b drivers/soc/allwinner/pm/standby/standby_dram.o
                                0x3e6 (size before relaxing)
 .debug_str     0x0000239c       0x6d drivers/soc/allwinner/pm/standby/./../mem_divlibc.o
                                0x3b7 (size before relaxing)
 .debug_str     0x00002409      0x146 drivers/soc/allwinner/pm/standby/./../mem_clk.o
                               0x10c3 (size before relaxing)
 .debug_str     0x0000254f      0x229 drivers/soc/allwinner/pm/standby/./../mem_timing.o
                                0xa28 (size before relaxing)
 .debug_str     0x00002778      0x1aa drivers/soc/allwinner/pm/standby/./../mem_serial.o
                               0x10c3 (size before relaxing)
 .debug_str     0x00002922      0x109 drivers/soc/allwinner/pm/standby/./../mem_printk.o
                                0x927 (size before relaxing)
 .debug_str     0x00002a2b      0x28c drivers/soc/allwinner/pm/standby/dram/sun8iw11p1/mctl_standby-sun8iw11.o
                                0x469 (size before relaxing)

.comment        0x00000000       0x64
 .comment       0x00000000       0x64 drivers/soc/allwinner/pm/standby/main.o
                                 0x65 (size before relaxing)
 .comment       0x00000000       0x65 drivers/soc/allwinner/pm/standby/common.o
 .comment       0x00000000       0x65 drivers/soc/allwinner/pm/standby/standby_twi.o
 .comment       0x00000000       0x65 drivers/soc/allwinner/pm/standby/power/axp_power.o
 .comment       0x00000000       0x65 drivers/soc/allwinner/pm/standby/power/axp15_power.o
 .comment       0x00000000       0x65 drivers/soc/allwinner/pm/standby/power/axp22_power.o
 .comment       0x00000000       0x65 drivers/soc/allwinner/pm/standby/power/axp20_power.o
 .comment       0x00000000       0x65 drivers/soc/allwinner/pm/standby/power/standby_power.o
 .comment       0x00000000       0x65 drivers/soc/allwinner/pm/standby/standby_clock.o
 .comment       0x00000000       0x65 drivers/soc/allwinner/pm/standby/standby_debug.o
 .comment       0x00000000       0x65 drivers/soc/allwinner/pm/standby/standby_dram.o
 .comment       0x00000000       0x65 drivers/soc/allwinner/pm/standby/./../mem_divlibc.o
 .comment       0x00000000       0x65 drivers/soc/allwinner/pm/standby/./../mem_clk.o
 .comment       0x00000000       0x65 drivers/soc/allwinner/pm/standby/./../mem_timing.o
 .comment       0x00000000       0x65 drivers/soc/allwinner/pm/standby/./../mem_serial.o
 .comment       0x00000000       0x65 drivers/soc/allwinner/pm/standby/./../mem_printk.o
 .comment       0x00000000       0x65 drivers/soc/allwinner/pm/standby/dram/sun8iw11p1/mctl_standby-sun8iw11.o

.note.GNU-stack
                0x00000000        0x0
 .note.GNU-stack
                0x00000000        0x0 drivers/soc/allwinner/pm/standby/main.o
 .note.GNU-stack
                0x00000000        0x0 drivers/soc/allwinner/pm/standby/common.o
 .note.GNU-stack
                0x00000000        0x0 drivers/soc/allwinner/pm/standby/standby_twi.o
 .note.GNU-stack
                0x00000000        0x0 drivers/soc/allwinner/pm/standby/power/axp_power.o
 .note.GNU-stack
                0x00000000        0x0 drivers/soc/allwinner/pm/standby/power/axp15_power.o
 .note.GNU-stack
                0x00000000        0x0 drivers/soc/allwinner/pm/standby/power/axp22_power.o
 .note.GNU-stack
                0x00000000        0x0 drivers/soc/allwinner/pm/standby/power/axp20_power.o
 .note.GNU-stack
                0x00000000        0x0 drivers/soc/allwinner/pm/standby/power/standby_power.o
 .note.GNU-stack
                0x00000000        0x0 drivers/soc/allwinner/pm/standby/standby_clock.o
 .note.GNU-stack
                0x00000000        0x0 drivers/soc/allwinner/pm/standby/standby_debug.o
 .note.GNU-stack
                0x00000000        0x0 drivers/soc/allwinner/pm/standby/standby_dram.o
 .note.GNU-stack
                0x00000000        0x0 drivers/soc/allwinner/pm/standby/./../mem_divlibc.o
 .note.GNU-stack
                0x00000000        0x0 drivers/soc/allwinner/pm/standby/./../mem_clk.o
 .note.GNU-stack
                0x00000000        0x0 drivers/soc/allwinner/pm/standby/./../mem_timing.o
 .note.GNU-stack
                0x00000000        0x0 drivers/soc/allwinner/pm/standby/./../mem_serial.o
 .note.GNU-stack
                0x00000000        0x0 drivers/soc/allwinner/pm/standby/./../mem_printk.o
 .note.GNU-stack
                0x00000000        0x0 drivers/soc/allwinner/pm/standby/dram/sun8iw11p1/mctl_standby-sun8iw11.o

.ARM.attributes
                0x00000000       0x31
 .ARM.attributes
                0x00000000       0x33 drivers/soc/allwinner/pm/standby/main.o
 .ARM.attributes
                0x00000033       0x33 drivers/soc/allwinner/pm/standby/common.o
 .ARM.attributes
                0x00000066       0x33 drivers/soc/allwinner/pm/standby/standby_twi.o
 .ARM.attributes
                0x00000099       0x33 drivers/soc/allwinner/pm/standby/power/axp_power.o
 .ARM.attributes
                0x000000cc       0x33 drivers/soc/allwinner/pm/standby/power/axp15_power.o
 .ARM.attributes
                0x000000ff       0x33 drivers/soc/allwinner/pm/standby/power/axp22_power.o
 .ARM.attributes
                0x00000132       0x33 drivers/soc/allwinner/pm/standby/power/axp20_power.o
 .ARM.attributes
                0x00000165       0x33 drivers/soc/allwinner/pm/standby/power/standby_power.o
 .ARM.attributes
                0x00000198       0x33 drivers/soc/allwinner/pm/standby/standby_clock.o
 .ARM.attributes
                0x000001cb       0x33 drivers/soc/allwinner/pm/standby/standby_debug.o
 .ARM.attributes
                0x000001fe       0x21 drivers/soc/allwinner/pm/standby/standby_divlib.o
 .ARM.attributes
                0x0000021f       0x33 drivers/soc/allwinner/pm/standby/standby_dram.o
 .ARM.attributes
                0x00000252       0x21 drivers/soc/allwinner/pm/standby/./../mem_mmu_pc_asm.o
 .ARM.attributes
                0x00000273       0x33 drivers/soc/allwinner/pm/standby/./../mem_divlibc.o
 .ARM.attributes
                0x000002a6       0x33 drivers/soc/allwinner/pm/standby/./../mem_clk.o
 .ARM.attributes
                0x000002d9       0x33 drivers/soc/allwinner/pm/standby/./../mem_timing.o
 .ARM.attributes
                0x0000030c       0x33 drivers/soc/allwinner/pm/standby/./../mem_serial.o
 .ARM.attributes
                0x0000033f       0x33 drivers/soc/allwinner/pm/standby/./../mem_printk.o
 .ARM.attributes
                0x00000372       0x33 drivers/soc/allwinner/pm/standby/dram/sun8iw11p1/mctl_standby-sun8iw11.o

.debug_frame    0x00000000      0xd14
 .debug_frame   0x00000000       0x2c drivers/soc/allwinner/pm/standby/main.o
 .debug_frame   0x0000002c       0x28 drivers/soc/allwinner/pm/standby/common.o
 .debug_frame   0x00000054       0x70 drivers/soc/allwinner/pm/standby/standby_twi.o
 .debug_frame   0x000000c4       0xc4 drivers/soc/allwinner/pm/standby/power/axp_power.o
 .debug_frame   0x00000188       0xa4 drivers/soc/allwinner/pm/standby/power/axp15_power.o
 .debug_frame   0x0000022c       0xa8 drivers/soc/allwinner/pm/standby/power/axp22_power.o
 .debug_frame   0x000002d4       0xa8 drivers/soc/allwinner/pm/standby/power/axp20_power.o
 .debug_frame   0x0000037c       0xb4 drivers/soc/allwinner/pm/standby/power/standby_power.o
 .debug_frame   0x00000430      0x190 drivers/soc/allwinner/pm/standby/standby_clock.o
 .debug_frame   0x000005c0       0xe0 drivers/soc/allwinner/pm/standby/standby_debug.o
 .debug_frame   0x000006a0       0x3c drivers/soc/allwinner/pm/standby/standby_dram.o
 .debug_frame   0x000006dc       0x30 drivers/soc/allwinner/pm/standby/./../mem_divlibc.o
 .debug_frame   0x0000070c       0xe4 drivers/soc/allwinner/pm/standby/./../mem_clk.o
 .debug_frame   0x000007f0       0xfc drivers/soc/allwinner/pm/standby/./../mem_timing.o
 .debug_frame   0x000008ec       0xf4 drivers/soc/allwinner/pm/standby/./../mem_serial.o
 .debug_frame   0x000009e0      0x150 drivers/soc/allwinner/pm/standby/./../mem_printk.o
 .debug_frame   0x00000b30      0x1e4 drivers/soc/allwinner/pm/standby/dram/sun8iw11p1/mctl_standby-sun8iw11.o
