common.h:307:19:print_cpuinfo	0	static
trace.h:95:19:trace_early_init	0	static
board_f.c:284:12:setup_mon_len	0	static
board_f.c:297:12:arch_cpu_init	0	static
board_f.c:466:12:reserve_round_4k	0	static
board_f.c:474:12:reserve_mmu	0	static
board_f.c:504:12:reserve_trace	0	static
board_f.c:528:12:reserve_uboot	0	static
board_f.c:552:12:reserve_malloc	0	static
board_f.c:580:12:setup_machine	0	static
board_f.c:588:12:reserve_global_data	0	static
board_f.c:598:12:reserve_sysconfig	0	static
board_f.c:647:12:reserve_stacks	0	static
board_f.c:691:12:display_new_sp	0	static
board_f.c:787:12:setup_dram_config	8	static
board_f.c:806:12:reloc_sysconfig	8	static
board_f.c:817:12:setup_reloc	8	static
board_f.c:795:12:reloc_fdt	8	static
board_f.c:149:12:display_text_info	8	static
board_f.c:621:12:reserve_fdt	8	static
board_f.c:569:12:reserve_board	8	static
board_f.c:187:12:announce_dram_init	8	static
board_f.c:870:12:init_func_pmubus	8	static
board_f.c:143:12:init_baud_rate	8	static
board_f.c:861:12:mark_bootstage	8	static
board_f.c:357:12:setup_fdt	8	static
board_f.c:83:13:__coloured_LED_init	0	static
board_f.c:86:13:__red_led_on	0	static
board_f.c:88:13:__red_led_off	0	static
board_f.c:90:13:__green_led_on	0	static
board_f.c:92:13:__green_led_off	0	static
board_f.c:94:13:__yellow_led_on	0	static
board_f.c:96:13:__yellow_led_off	0	static
board_f.c:98:13:__blue_led_on	0	static
board_f.c:100:13:__blue_led_off	0	static
board_f.c:135:6:__board_add_ram_info	0	static
board_f.c:241:6:__dram_init_banksize	8	static
board_f.c:395:14:board_get_usable_ram_top	0	static
board_f.c:400:12:setup_dest_addr	16	static
board_f.c:1096:6:board_init_f	272	static
