bootstage.h:337:19:bootstage_relocate	0	static
board_r.c:142:12:initr_secondary_cpu	8	static
board_r.c:156:12:initr_trace	0	static
board_r.c:192:12:initr_reloc_global_data	0	static
board_r.c:268:12:initr_announce	0	static
board_r.c:488:12:usb_net_init	0	static
board_r.c:500:12:show_platform_info	0	static
board_r.c:338:12:run_main_loop	8	static
board_r.c:354:12:initr_sunxi_base	8	static
board_r.c:308:12:initr_env	8	static
board_r.c:76:12:sunxi_prepare_hdcpkey	4112	static
board_r.c:360:12:sunxi_burn_key	8	static
board_r.c:467:12:initr_sunxi_flash	8	static
board_r.c:480:12:platform_dma_init	8	static
board_r.c:330:12:initr_enable_interrupts	8	static
board_r.c:321:12:initr_jumptable	8	static
board_r.c:240:12:initr_malloc	8	static
board_r.c:229:12:initr_serial	8	static
board_r.c:179:12:initr_caches	8	static
board_r.c:165:12:initr_reloc	8	static
board_r.c:259:12:power_init_board	8	static
board_r.c:420:12:initr_sunxi_display	8	static
board_r.c:122:5:__board_flash_wp_on	0	static
board_r.c:135:6:__cpu_secondary_init_r	0	static
board_r.c:187:12:fixup_cpu	0	static
board_r.c:277:5:initr_mmc	8	static
board_r.c:372:5:display_for_hdcp	4112	static
board_r.c:583:6:intr_vector_fix	40	static
board_r.c:606:6:board_init_r	8	static
