cli_hush.c:893:13:b_reset	0	static
cli_hush.c:932:12:static_get	0	static
cli_hush.c:939:12:static_peek	0	static
cli_hush.c:1113:12:file_peek	0	static
cli_hush.c:3124:13:mapset	0	static
cli_hush.c:378:13:syntax_err	0	static
cli_hush.c:3638:12:do_showvar	40	static
cli_hush.c:1980:12:free_pipe_list	40	static
cli_hush.c:883:12:b_addchr	16	static
cli_hush.c:911:12:b_addqchr	16	static
cli_hush.c:2259:12:0	0	static
cli_hush.c:3304:14:xmalloc	8	static
cli_hush.c:2321:21:new_pipe	8	static
cli_hush.c:1070:12:file_get	40	static
cli_hush.c:3315:14:xrealloc	8	static
cli_hush.c:2515:12:done_command	16	static
cli_hush.c:2564:12:done_pipe	16	static
cli_hush.c:2429:12:done_word	32	static
cli_hush.c:2116:7:get_local_var	16	static
cli_hush.c:2138:5:set_local_var	32	static
cli_hush.c:3494:14:insert_var_value_sub	48	static
cli_hush.c:2229:6:unset_local_var	16	static
cli_hush.c:3231:5:parse_string_outer	40	static
cli_hush.c:1740:12:run_list_real	96	static
cli_hush.c:3158:12:parse_stream_outer	88	static
cli_hush.c:3260:5:parse_file_outer	32	static
cli_hush.c:3288:5:u_boot_hush_start	16	static
