cmd_nvedit.c:767:12:do_env_delete	24	static
cmd_nvedit.c:83:12:env_print	56	static
cmd_nvedit.c:114:12:do_env_print	24	static
cmd_nvedit.c:1134:12:do_env	24	static
cmd_nvedit.c:965:12:do_env_import	56	static
cmd_nvedit.c:730:12:do_env_default	8	static
cmd_nvedit.c:690:12:do_env_save	8	static
cmd_nvedit.c:211:12:1	72	static
cmd_nvedit.c:345:12:do_env_set	0	static
cmd_nvedit.c:72:5:get_env_id	0	static
cmd_nvedit.c:285:5:setenv	24	static
cmd_nvedit.c:306:5:setenv_ulong	8	static
cmd_nvedit.c:321:5:setenv_hex	32	static
cmd_nvedit.c:848:12:do_env_export	96	static
cmd_nvedit.c:714:5:envmatch	24	static
cmd_nvedit.c:633:5:getenv_f	32	static
cmd_nvedit.c:609:7:getenv	48	static
cmd_nvedit.c:677:7:getenv_ulong	16	static
cmd_nvedit.c:329:7:getenv_hex	24	static
