console.c:99:12:console_setfile	16	static
console.c:256:5:serial_printf	400	static
console.c:274:5:fgetc	8	static
console.c:305:5:ftstc	8	static
console.c:313:6:fputc	8	static
console.c:319:6:fputs	8	static
console.c:325:5:fprintf	404	static
console.c:346:5:getc	0	static
console.c:365:5:tstc	0	static
console.c:417:6:putc	0	static
console.c:447:6:puts	0	static
console.c:478:5:printf	400	static
console.c:506:5:tick_printf	784	static
console.c:532:5:sunxi_tick_printf	784	static
console.c:557:5:vprintf	392	static
console.c:580:5:ctrlc	8	static
console.c:598:5:confirm_yesno	16	static
console.c:625:5:disable_ctrlc	0	static
console.c:633:5:had_ctrlc	0	static
console.c:638:6:clear_ctrlc	0	static
console.c:676:13:dbg	0	static
console.c:683:19:search_device	8	static
console.c:695:5:console_assign	8	static
console.c:19:12:on_console	24	static
console.c:724:5:console_init_f	0	static
console.c:738:6:stdio_print_current_devices	8	static
console.c:854:5:console_init_r	16	static
