fdt_support.c:1102:12:of_bus_default_map	48	static
fdt_support.c:1080:13:of_bus_default_count_cells	24	static
fdt_support.c:1550:12:fdt_read_prop	8	static
fdt_support.c:36:12:get_cells_len	8	static
fdt_support.c:1119:12:of_bus_default_translate	40	static
fdt_support.c:229:12:6	16	static
fdt_support.c:22:6:set_working_fdt_addr	0	static
fdt_support.c:59:5:fdt_getprop_u32_default_node	24	static
fdt_support.c:89:5:fdt_getprop_u32_default	24	static
fdt_support.c:110:5:fdt_getprop_u32	16	static
fdt_support.c:143:5:fdt_getprop_u64	32	static
fdt_support.c:178:5:fdt_getprop_string	16	static
fdt_support.c:206:5:fdt_find_and_setprop	32	static
fdt_support.c:318:5:fdt_initrd	80	static
fdt_support.c:378:5:fdt_chosen	24	static
fdt_support.c:409:6:do_fixup_by_path	24	static
fdt_support.c:425:6:do_fixup_by_path_u32	24	static
fdt_support.c:432:6:do_fixup_by_prop	40	static
fdt_support.c:453:6:do_fixup_by_prop_u32	32	static
fdt_support.c:461:6:do_fixup_by_compat	40	static
fdt_support.c:480:6:do_fixup_by_compat_u32	24	static
fdt_support.c:520:5:fdt_fixup_memory_banks	56	static
fdt_support.c:563:5:fdt_fixup_memory	16	static
fdt_support.c:568:6:fdt_fixup_ethernet	88	static
fdt_support.c:616:5:fdt_resize	48	static
fdt_support.c:806:5:fdt_increase_size	0	static
fdt_support.c:1025:6:fdt_del_node_and_alias	16	static
fdt_support.c:1279:5:fdt_translate_address	112	static
fdt_support.c:1293:5:fdt_node_offset_by_compat_reg	40	static
fdt_support.c:1314:5:fdt_alloc_phandle	16	static
fdt_support.c:1333:5:fdt_set_phandle	40	static
fdt_support.c:1372:14:fdt_create_phandle	16	static
fdt_support.c:1402:5:fdt_set_node_status	40	static
fdt_support.c:1443:5:fdt_set_status_by_alias	16	static
fdt_support.c:1489:5:fdt_verify_alias_address	48	static
fdt_support.c:1530:5:fdt_get_base_address	24	static
fdt_support.c:1586:5:fdt_read_range	56	static
