image.c:408:12:on_loadaddr	8	static
image.c:160:5:image_check_hcrc	72	static
image.c:175:5:image_check_dcrc	8	static
image.c:197:7:image_multi_count	0	static
image.c:230:6:image_multi_getimg	24	static
image.c:424:7:getenv_bootm_low	8	static
image.c:441:13:getenv_bootm_size	8	static
image.c:463:13:getenv_bootm_mapsize	8	static
image.c:479:6:memmove_wd	0	static
image.c:499:6:genimg_print_size	8	static
image.c:541:7:get_table_entry_name	0	static
image.c:554:13:genimg_get_os_name	0	static
image.c:559:13:genimg_get_arch_name	0	static
image.c:565:13:genimg_get_type_name	0	static
image.c:570:13:genimg_get_comp_name	0	static
image.c:290:6:image_print_contents	40	static
image.c:590:5:get_table_entry_id	16	static
image.c:624:5:genimg_get_os_id	0	static
image.c:629:5:genimg_get_arch_id	0	static
image.c:634:5:genimg_get_type_id	0	static
image.c:639:5:genimg_get_comp_id	0	static
image.c:659:5:genimg_get_format	8	static
image.c:690:7:genimg_get_image	0	static
image.c:766:5:genimg_has_config	0	static
image.c:797:5:boot_get_ramdisk	40	static
image.c:1000:5:boot_ramdisk_high	32	static
image.c:1095:5:boot_get_cmdline	24	static
image.c:1154:5:image_setup_linux	32	static
