mmc.c:662:13:mmc_set_ios	8	static
mmc.c:2570:13:_mmc_life_time_est	0	static
mmc.c:2600:12:mmc_mmc_parse_health_report	16	static
mmc.c:43:12:board_mmc_getwp	0	static
mmc.c:48:5:mmc_getwp	8	static
mmc.c:64:5:__board_mmc_getcd	0	static
mmc.c:71:5:mmc_send_cmd	8	static
mmc.c:335:12:mmc_go_idle	40	static
mmc.c:2045:12:mmc_send_if_cond	48	static
mmc.c:359:12:sd_send_op_cond	64	static
mmc.c:435:12:mmc_send_op_cond_iter	16	static
mmc.c:1186:12:6	56	static
mmc.c:130:5:mmc_send_status	48	static
mmc.c:187:5:mmc_set_blocklen	40	static
mmc.c:210:5:mmc_send_manual_stop	48	static
mmc.c:226:13:find_mmc_device	8	static
mmc.c:293:7:mmc_bread	80	static
mmc.c:462:5:mmc_send_op_cond	48	static
mmc.c:495:5:mmc_complete_op_cond	48	static
mmc.c:545:5:mmc_send_ext_csd	56	static
mmc.c:570:5:mmc_decode_ext_csd	16	static
mmc.c:655:5:mmc_update_phase	8	static
mmc.c:668:5:mmc_do_switch	48	static
mmc.c:702:5:7	16	static
mmc.c:702:5:mmc_switch	16	static
mmc.c:708:5:mmc_mmc_switch_to_ds	592	static
mmc.c:749:5:mmc_mmc_switch_to_hs	592	static
mmc.c:790:5:mmc_mmc_switch_to_hs200	592	static
mmc.c:831:5:mmc_mmc_switch_to_hs400	592	static
mmc.c:872:5:mmc_mmc_switch_speed_mode	8	static
mmc.c:932:5:mmc_mmc_switch_bus_width	24	static
mmc.c:987:5:mmc_mmc_switch_bus_mode	24	static
mmc.c:1170:5:mmc_getcd	8	static
mmc.c:1376:6:mmc_set_clock	0	static
mmc.c:1502:12:mmc_startup	1456	static
mmc.c:1395:5:mmc_switch_boot_bus_cond	600	static
mmc.c:1432:5:mmc_switch_boot_part	600	static
mmc.c:1466:5:mmc_switch_part	528	static
mmc.c:1145:5:mmc_select_hwpart	16	static
mmc.c:2074:18:mmc_register	8	static
mmc.c:2082:13:mmc_create	16	static
mmc.c:2125:6:mmc_destroy	0	static
mmc.c:2142:5:mmc_start_init	24	static
mmc.c:2669:5:mmc_init_boot	200	static
mmc.c:2719:5:mmc_init_product	24	static
mmc.c:2835:5:mmc_init	16	static
mmc.c:2132:19:mmc_get_dev	8	static
mmc.c:2878:5:mmc_set_dsr	0	static
mmc.c:2888:12:__def_mmc_init	0	static
mmc.c:2898:6:print_mmc_devices	16	static
mmc.c:2919:5:get_mmc_num	0	static
mmc.c:2924:6:mmc_set_preinit	0	static
mmc.c:2942:5:mmc_initialize	16	static
mmc.c:2958:5:mmc_exit	16	static
