mmc_write.c:126:5:mmc_set_erase_start_addr	48	static
mmc_write.c:153:5:mmc_set_erase_end_addr	48	static
mmc_write.c:181:5:mmc_launch_erase	40	static
mmc_write.c:193:14:mmc_sd_erase_timeout	0	static
mmc_write.c:200:14:mmc_mmc_def_erase_timeout	24	static
mmc_write.c:239:14:mmc_mmc_update_timeout	744	static
mmc_write.c:287:14:mmc_mmc_erase_timeout	8	static
mmc_write.c:329:14:mmc_erase_timeout	0	static
mmc_write.c:339:5:mmc_do_erase	24	static
mmc_write.c:388:5:mmc_erase_group_aligned	16	static
mmc_write.c:398:6:mmc_align_erase_group	24	static
mmc_write.c:434:5:mmc_erase	32	static
mmc_write.c:501:5:mmc_do_sanitize	24	static
mmc_write.c:513:6:mmc_add_skip_space	8	static
mmc_write.c:522:5:mmc_insecure_secure_erase	40	static
mmc_write.c:575:5:mmc_do_secure_wipe	40	static
mmc_write.c:688:5:mmc_secure_wipe	24	static
mmc_write.c:718:5:mmc_mmc_erase	32	static
mmc_write.c:780:5:mmc_mmc_sanitize	8	static
mmc_write.c:809:5:mmc_mmc_trim	16	static
mmc_write.c:851:5:mmc_mmc_discard	16	static
mmc_write.c:894:5:mmc_mmc_secure_erase	32	static
mmc_write.c:945:5:mmc_mmc_secure_trim	16	static
mmc_write.c:1045:7:mmc_bwrite	80	static
mmc_write.c:1078:7:mmc_berase	24	static
