sunxi_mmc_interface.c:235:1:check_secure_area	0	static
sunxi_mmc_interface.c:390:1:get_sdmmc_secure_storage_max_item	0	static
sunxi_mmc_interface.c:363:1:mmc_mmc_sanitize_secure	0	static
sunxi_mmc_interface.c:396:1:sdmmc_secure_storage_write	24	static
sunxi_mmc_interface.c:430:1:sdmmc_secure_storage_read	40	static
sunxi_mmc_interface.c:17:14:mmc_do_burn_boot	32	static
sunxi_mmc_interface.c:379:1:mmc_mmc_secure_trim_secure	24	static
sunxi_mmc_interface.c:368:1:mmc_mmc_secure_erase_secure	32	static
sunxi_mmc_interface.c:352:1:mmc_mmc_discard_secure	24	static
sunxi_mmc_interface.c:341:1:mmc_mmc_trim_secure	24	static
sunxi_mmc_interface.c:330:1:mmc_mmc_erase_secure	32	static
sunxi_mmc_interface.c:318:1:mmc_secure_wipe_secure	32	static
sunxi_mmc_interface.c:269:1:mmc_bwrite_secure	32	static
sunxi_mmc_interface.c:498:12:sdmmc_secure_storage_read_backup	8	static
sunxi_mmc_interface.c:257:1:mmc_bread_secure	32	static
sunxi_mmc_interface.c:293:1:mmc_bwrite_mass_pro_secure	40	static
sunxi_mmc_interface.c:305:1:mmc_bread_mass_pro_secure	32	static
sunxi_mmc_interface.c:281:1:mmc_berase_secure	24	static
sunxi_mmc_interface.c:535:5:mmc_init_blk_ops	0	static
