fs.c:32:19:fs_probe_unsupported	8	static
fs.c:39:19:fs_ls_unsupported	0	static
fs.c:44:19:fs_exists_unsupported	0	static
fs.c:49:19:fs_read_unsupported	0	static
fs.c:55:19:fs_write_unsupported	0	static
fs.c:61:20:fs_close_unsupported	0	static
fs.c:134:28:fs_get_info	0	static
fs.c:190:13:fs_close	8	static
fs.c:148:5:fs_set_blk_dev	32	static
fs.c:199:5:fs_ls	16	static
fs.c:213:5:fs_exists	8	static
fs.c:226:5:fs_read	24	static
fs.c:250:5:fs_write	24	static
fs.c:269:5:do_load	32	static
fs.c:334:5:do_aw_load	32	static
fs.c:399:5:do_ls	16	static
fs.c:416:5:file_exists	8	static
fs.c:425:5:do_save	32	static
