de_drv_v3.h:172:13:_show_layer_on_dev	48	static
video_hal.c:41:12:get_disp_fdt_node	8	static
video_hal.c:75:13:disp_getprop_by_name	16	static
video_hal.c:53:5:hal_save_int_to_kernel	32	static
video_hal.c:64:5:hal_save_string_to_kernel	32	static
video_hal.c:103:12:hal_fat_fsload	0	static
video_hal.c:216:5:hal_get_mode_check	16	static
video_hal.c:225:5:hal_switch_device	56	static
video_hal.c:273:5:hal_get_hpd_state	32	static
video_hal.c:146:16:hal_get_disp_devices	360	static
video_hal.c:278:5:hal_is_support_mode	32	static
video_hal.c:283:5:hal_get_hdmi_edid	40	static
video_hal.c:293:6:hal_get_screen_size	32	static
video_hal.c:298:5:hal_get_fb_configs	64	static
video_hal.c:317:7:hal_request_layer	16	static
video_hal.c:395:5:hal_set_layer_crop	0	static
video_hal.c:434:5:hal_show_layer	24	static
video_hal.c:373:5:hal_set_layer_geometry	24	static
video_hal.c:359:5:hal_set_layer_addr	8	static
video_hal.c:337:5:hal_release_layer	16	static
