axp.c:62:5:axp_probe	8	static
axp.c:95:5:axp_reinit	8	static
axp.c:132:5:axp_get_power_vol_level	0	static
axp.c:152:5:axp_probe_startup_cause	8	static
axp.c:228:5:axp_set_hardware_poweron_vol	16	static
axp.c:255:5:axp_set_hardware_poweroff_vol	16	static
axp.c:282:6:axp_set_power_off	8	static
axp.c:172:5:axp_probe_factory_mode	8	static
axp.c:302:5:axp_set_next_poweron_status	8	static
axp.c:322:5:axp_probe_pre_sys_mode	8	static
axp.c:342:6:axp_power_get_dcin_battery_exist	16	static
axp.c:350:6:axp_probe_battery_exist	8	static
axp.c:372:5:axp_probe_power_source	8	static
axp.c:394:6:axp_probe_battery_vol	8	static
axp.c:414:6:axp_probe_rest_battery_capacity	8	static
axp.c:434:6:axp_probe_key	8	static
axp.c:454:6:axp_probe_charge_current	8	static
axp.c:474:6:axp_set_charge_current	8	static
axp.c:494:6:axp_set_charge_control	8	static
axp.c:514:5:axp_set_vbus_limit_dc	8	static
axp.c:536:5:axp_set_vbus_limit_pc	8	static
axp.c:559:5:axp_set_all_limit	8	static
axp.c:586:5:axp_set_suspend_chgcur	8	static
axp.c:606:5:axp_set_runtime_chgcur	8	static
axp.c:626:5:axp_set_charge_vol_limit	16	static
axp.c:665:5:axp_set_power_supply_output	64	static
axp.c:802:5:axp_slave_set_power_supply_output	64	static
axp.c:902:5:axp_probe_power_supply_condition	32	static
axp.c:969:5:axp_int_enable	0	static
axp.c:995:5:axp_int_disable	0	static
axp.c:1018:5:axp_int_query	8	static
axp.c:1044:5:axp_set_supply_status	8	static
axp.c:1065:5:axp_set_supply_status_byname	16	static
axp.c:1098:5:axp_probe_supply_status	8	static
axp.c:1119:5:axp_probe_supply_status_byname	16	static
axp.c:1166:5:axp_set_supply_status_byregulator	152	static
axp.c:1272:5:axp_probe_supply_pmu_name	8	static
axp.c:1293:5:axp_probe_vbus_cur_limit	8	static
axp.c:1298:5:axp_set_coulombmeter_onoff	8	static
