axp806.c:56:5:axp806_set_coulombmeter_onoff	0	static
axp806.c:61:5:axp806_set_charge_control	0	static
axp806.c:66:5:axp806_probe_battery_ratio	0	static
axp806.c:71:5:axp806_probe_power_status	0	static
axp806.c:77:5:axp806_probe_battery_exist	0	static
axp806.c:82:5:axp806_probe_battery_vol	0	static
axp806.c:87:5:axp806_probe_key	0	static
axp806.c:92:5:axp806_probe_pre_sys_mode	0	static
axp806.c:97:5:axp806_set_next_sys_mode	0	static
axp806.c:102:5:axp806_probe_this_poweron_cause	0	static
axp806.c:107:5:axp806_set_power_off	0	static
axp806.c:112:5:axp806_set_power_onoff_vol	0	static
axp806.c:117:5:axp806_set_charge_current	0	static
axp806.c:122:5:axp806_probe_charge_current	0	static
axp806.c:127:5:axp806_set_vbus_cur_limit	0	static
axp806.c:132:5:axp806_probe_vbus_cur_limit	0	static
axp806.c:137:5:axp806_set_vbus_vol_limit	0	static
axp806.c:182:5:axp806_set_int_enable	32	static
axp806.c:142:5:axp806_probe_int_pending	32	static
axp806.c:165:5:axp806_probe_int_enable	24	static
axp806.c:36:5:axp806_probe	24	static
