axp_null.c:50:5:axpnull_set_coulombmeter_onoff	0	static
axp_null.c:70:5:axpnull_set_charge_control	0	static
axp_null.c:91:5:axpnull_probe_battery_ratio	0	static
axp_null.c:112:5:axpnull_probe_power_status	0	static
axp_null.c:134:5:axpnull_probe_battery_exist	0	static
axp_null.c:155:5:axpnull_probe_battery_vol	0	static
axp_null.c:176:5:axpnull_probe_key	0	static
axp_null.c:197:5:axpnull_probe_pre_sys_mode	0	static
axp_null.c:218:5:axpnull_set_next_sys_mode	0	static
axp_null.c:239:5:axpnull_probe_this_poweron_cause	0	static
axp_null.c:260:5:axpnull_set_power_off	0	static
axp_null.c:281:5:axpnull_set_power_onoff_vol	0	static
axp_null.c:302:5:axpnull_set_charge_current	0	static
axp_null.c:323:5:axpnull_probe_charge_current	0	static
axp_null.c:344:5:axpnull_set_vbus_cur_limit	0	static
axp_null.c:365:5:axpnull_set_vbus_vol_limit	0	static
axp_null.c:386:5:axpnull_probe_int_pending	0	static
axp_null.c:407:5:axpnull_probe_int_enable	0	static
axp_null.c:428:5:axpnull_set_int_enable	0	static
axp_null.c:434:5:axpnull_probe_vbus_cur_limit	0	static
axp_null.c:456:27:PowerCheck	0	static
axp_null.c:461:27:power_limit_init	0	static
