fdt_ro.c:67:12:_nextprop	24	static
fdt_ro.c:37:13:fdt_string	0	static
fdt_ro.c:50:5:fdt_get_mem_rsv	24	static
fdt_ro.c:58:5:fdt_num_mem_rsv	16	static
fdt_ro.c:91:5:fdt_subnode_offset_namelen	40	static
fdt_ro.c:110:5:fdt_subnode_offset	16	static
fdt_ro.c:160:13:fdt_get_name	24	static
fdt_ro.c:180:5:fdt_first_property_offset	8	static
fdt_ro.c:190:5:fdt_next_property_offset	8	static
fdt_ro.c:198:28:fdt_get_property_by_offset	16	static
fdt_ro.c:219:28:fdt_get_property_namelen	40	static
fdt_ro.c:243:28:fdt_get_property	32	static
fdt_ro.c:251:13:fdt_getprop_namelen	16	static
fdt_ro.c:263:13:fdt_getprop_by_offset	16	static
fdt_ro.c:276:13:fdt_getprop	32	static
fdt_ro.c:282:10:fdt_get_phandle	24	static
fdt_ro.c:299:13:fdt_get_alias_namelen	24	static
fdt_ro.c:116:5:fdt_path_offset	32	static
fdt_ro.c:311:13:fdt_get_alias	16	static
fdt_ro.c:316:5:fdt_get_path	48	static
fdt_ro.c:368:5:fdt_supernode_atdepth_offset	40	static
fdt_ro.c:404:5:fdt_node_depth	16	static
fdt_ro.c:415:5:fdt_parent_offset	16	static
fdt_ro.c:425:5:fdt_node_offset_by_prop_value	40	static
fdt_ro.c:452:5:fdt_node_offset_by_phandle	16	static
fdt_ro.c:477:5:fdt_stringlist_contains	24	static
fdt_ro.c:494:5:fdt_node_check_compatible	16	static
fdt_ro.c:509:5:fdt_node_offset_by_compatible	24	static
