fdtdec.c:376:20:get_prop_check_min_len	24	static
fdtdec.c:73:13:fdtdec_get_compatible	0	static
fdtdec.c:80:12:fdtdec_get_addr_size	16	static
fdtdec.c:108:12:fdtdec_get_addr	0	static
fdtdec.c:114:10:fdtdec_get_uint64	24	static
fdtdec.c:127:5:fdtdec_get_is_enabled	8	static
fdtdec.c:144:20:fdtdec_lookup	24	static
fdtdec.c:156:5:fdtdec_next_compatible	0	static
fdtdec.c:162:5:fdtdec_next_compatible_subnode	24	static
fdtdec.c:177:5:fdtdec_next_alias	72	static
fdtdec.c:208:5:fdtdec_add_aliases_for_id	64	dynamic
fdtdec.c:199:5:fdtdec_find_aliases_for_id	24	static
fdtdec.c:339:5:fdtdec_prepare_fdt	8	static
fdtdec.c:322:5:fdtdec_check_fdt	8	static
fdtdec.c:351:5:fdtdec_lookup_phandle	8	static
fdtdec.c:393:5:fdtdec_get_int_array	32	static
fdtdec.c:409:12:fdtdec_locate_array	24	static
fdtdec.c:420:5:fdtdec_get_bool	16	static
fdtdec.c:443:5:fdtdec_decode_gpios	24	static
fdtdec.c:479:5:fdtdec_decode_gpio	16	static
fdtdec.c:491:5:fdtdec_get_gpio	8	static
fdtdec.c:502:5:fdtdec_set_gpio	0	static
fdtdec.c:511:5:fdtdec_setup_gpio	8	static
fdtdec.c:525:5:fdtdec_get_byte_array	32	static
fdtdec.c:537:11:fdtdec_locate_byte_array	24	static
fdtdec.c:549:5:fdtdec_get_config_int	16	static
fdtdec.c:561:5:fdtdec_get_config_bool	16	static
fdtdec.c:575:7:fdtdec_get_config_string	24	static
fdtdec.c:593:5:fdtdec_decode_region	16	static
fdtdec.c:619:5:fdtdec_read_fmap_entry	24	static
