lcd_source.c:21:5:sunxi_lcd_delay_ms	8	static
lcd_source.c:34:5:sunxi_lcd_delay_us	8	static
lcd_source.c:47:6:sunxi_lcd_tcon_enable	8	static
lcd_source.c:60:6:sunxi_lcd_tcon_disable	8	static
lcd_source.c:73:6:sunxi_lcd_backlight_enable	8	static
lcd_source.c:86:6:sunxi_lcd_backlight_disable	8	static
lcd_source.c:100:6:sunxi_lcd_power_enable	8	static
lcd_source.c:114:6:sunxi_lcd_power_disable	8	static
lcd_source.c:129:5:sunxi_lcd_pwm_enable	8	static
lcd_source.c:142:5:sunxi_lcd_pwm_disable	8	static
lcd_source.c:157:5:sunxi_lcd_cpu_write	8	static
lcd_source.c:171:5:sunxi_lcd_cpu_write_index	8	static
lcd_source.c:185:5:sunxi_lcd_cpu_write_data	8	static
lcd_source.c:201:5:sunxi_lcd_dsi_dcs_write	8	static
lcd_source.c:215:5:sunxi_lcd_dsi_dcs_write_0para	16	static
lcd_source.c:230:5:sunxi_lcd_dsi_dcs_write_1para	16	static
lcd_source.c:240:5:sunxi_lcd_dsi_dcs_write_2para	16	static
lcd_source.c:251:5:sunxi_lcd_dsi_dcs_write_3para	16	static
lcd_source.c:263:5:sunxi_lcd_dsi_dcs_write_4para	16	static
lcd_source.c:276:5:sunxi_lcd_dsi_dcs_write_5para	16	static
lcd_source.c:297:5:sunxi_lcd_dsi_gen_write	8	static
lcd_source.c:311:5:sunxi_lcd_dsi_gen_write_0para	16	static
lcd_source.c:326:5:sunxi_lcd_dsi_gen_write_1para	16	static
lcd_source.c:336:5:sunxi_lcd_dsi_gen_write_2para	16	static
lcd_source.c:347:5:sunxi_lcd_dsi_gen_write_3para	16	static
lcd_source.c:359:5:sunxi_lcd_dsi_gen_write_4para	16	static
lcd_source.c:372:5:sunxi_lcd_dsi_gen_write_5para	16	static
lcd_source.c:390:5:sunxi_lcd_dsi_clk_enable	8	static
lcd_source.c:403:5:sunxi_lcd_dsi_clk_disable	8	static
lcd_source.c:417:5:sunxi_lcd_set_panel_funs	8	static
lcd_source.c:431:5:sunxi_lcd_pin_cfg	8	static
lcd_source.c:446:5:sunxi_lcd_gpio_set_value	8	static
lcd_source.c:461:5:sunxi_lcd_gpio_set_direction	8	static
