lt070me05000.c:190:12:LCD_user_defined_func	0	static
lt070me05000.c:196:12:LCD_set_bright	8	static
lt070me05000.c:83:12:LCD_close_flow	8	static
lt070me05000.c:108:13:LCD_power_off	8	static
lt070me05000.c:179:13:LCD_panel_exit	8	static
lt070me05000.c:128:13:LCD_bl_close	8	static
lt070me05000.c:73:12:LCD_open_flow	8	static
lt070me05000.c:122:13:LCD_bl_open	8	static
lt070me05000.c:134:13:LCD_panel_init	56	static
lt070me05000.c:93:13:LCD_power_on	8	static
lt070me05000.c:16:13:LCD_cfg_panel_info	168	static
