de_lcd.c:492:12:tcon0_cfg_mode_auto	12	static
de_lcd.c:1143:12:tcon_ceu_range_cut	0	static
de_lcd.c:1163:12:tcon_ceu_rect_multi	40	static
de_lcd.c:543:12:tcon0_cfg_mode_tri	24	static
de_lcd.c:1240:12:1	584	static
de_lcd.c:159:5:tcon0_out_to_gpio	0	static
de_lcd.c:164:5:tcon1_out_to_gpio	0	static
de_lcd.c:169:5:tcon1_tv_clk_enable	0	static
de_lcd.c:174:5:tcon1_hdmi_clk_enable	0	static
de_lcd.c:179:5:tcon0_dsi_clk_enable	0	static
de_lcd.c:184:5:tcon_de_attach	0	static
de_lcd.c:189:5:tcon_get_attach_by_de_index	0	static
de_lcd.c:194:5:tcon_top_set_reg_base	0	static
de_lcd.c:199:11:tcon_top_get_reg_base	0	static
de_lcd.c:205:5:lvds_open	24	static
de_lcd.c:254:5:lvds_close	16	static
de_lcd.c:273:5:tcon_get_cur_field	0	static
de_lcd.c:283:5:tcon_get_timing	48	static
de_lcd.c:338:5:tcon_set_reg_base	0	static
de_lcd.c:344:11:tcon_get_reg_base	0	static
de_lcd.c:349:5:tcon_init	0	static
de_lcd.c:361:5:tcon_exit	0	static
de_lcd.c:369:5:tcon_irq_enable	0	static
de_lcd.c:376:5:tcon_irq_disable	0	static
de_lcd.c:383:5:tcon_irq_query	0	static
de_lcd.c:397:5:tcon_get_start_delay	0	static
de_lcd.c:407:5:tcon_get_cur_line	0	static
de_lcd.c:418:5:tcon_get_status	0	static
de_lcd.c:435:5:tcon0_src_select	0	static
de_lcd.c:444:5:tcon0_src_get	0	static
de_lcd.c:449:5:tcon0_open	8	static
de_lcd.c:476:5:tcon0_close	8	static
de_lcd.c:736:5:tcon0_tri_busy	0	static
de_lcd.c:741:5:tcon0_cpu_set_auto_mode	0	static
de_lcd.c:750:5:tcon0_tri_start	0	static
de_lcd.c:759:5:tcon0_frm	0	static
de_lcd.c:620:5:tcon0_cfg	16	static
de_lcd.c:788:5:tcon0_cpu_16b_to_24b	0	static
de_lcd.c:796:5:tcon0_cpu_24b_to_16b	0	static
de_lcd.c:804:5:tcon0_cpu_busy	0	static
de_lcd.c:813:5:tcon0_cpu_wr_24b_index	16	static
de_lcd.c:831:5:tcon0_cpu_wr_24b_data	16	static
de_lcd.c:849:5:tcon0_cpu_wr_24b	16	static
de_lcd.c:856:5:tcon0_cpu_rd_24b	0	static
de_lcd.c:861:5:tcon0_cpu_rd_24b_data	32	static
de_lcd.c:898:5:tcon0_cpu_wr_16b	16	static
de_lcd.c:905:5:tcon0_cpu_wr_16b_index	8	static
de_lcd.c:911:5:tcon0_cpu_wr_16b_data	8	static
de_lcd.c:917:5:tcon0_cpu_rd_16b	0	static
de_lcd.c:922:5:tcon0_set_dclk_div	0	static
de_lcd.c:929:5:tcon0_get_dclk_div	0	static
de_lcd.c:934:5:tcon1_open	8	static
de_lcd.c:942:5:tcon1_close	8	static
de_lcd.c:949:5:tcon1_cfg	32	static
de_lcd.c:995:5:tcon1_cfg_ex	96	static
de_lcd.c:1017:5:tcon1_hdmi_color_remap	0	static
de_lcd.c:1055:5:tcon1_yuv_range	0	static
de_lcd.c:1093:5:tcon1_set_timming	8	static
de_lcd.c:1114:5:tcon1_set_tv_mode	0	static
de_lcd.c:1119:5:tcon1_src_select	0	static
de_lcd.c:1131:5:tcon1_src_get	0	static
de_lcd.c:1348:5:tcon_ceu	80	static
de_lcd.c:1438:5:tcon_gamma	12	static
de_lcd.c:1454:5:tcon_cmap	0	static
de_lcd.c:727:5:tcon0_cfg_ext	16	static
