de_rtmx.c:39:5:de_rtmx_update_regs	40	static
de_rtmx.c:328:5:de_rtmx_set_gld_reg_base	0	static
de_rtmx.c:345:5:de_rtmx_set_bld_reg_base	0	static
de_rtmx.c:364:5:de_rtmx_set_overlay_reg_base	16	static
de_rtmx.c:169:5:de_rtmx_init	48	static
de_rtmx.c:381:5:de_rtmx_set_display_size	0	static
de_rtmx.c:394:5:de_rtmx_set_dbuff_rdy	0	static
de_rtmx.c:403:5:de_rtmx_set_enable	24	static
de_rtmx.c:420:5:de_rtmx_query_irq	0	static
de_rtmx.c:434:5:de_rtmx_enable_irq	0	static
de_rtmx.c:459:5:de_rtmx_set_lay_cfg	32	static
de_rtmx.c:600:5:de_rtmx_set_lay_haddr	32	static
de_rtmx.c:828:5:de_rtmx_get_3d_in_single_size	0	static
de_rtmx.c:866:5:de_rtmx_get_3d_in	48	static
de_rtmx.c:1088:5:de_rtmx_get_li_addr_offset	0	static
de_rtmx.c:695:5:de_rtmx_set_lay_laddr	72	static
de_rtmx.c:1098:5:de_rtmx_get_3d_out	32	static
de_rtmx.c:1153:5:de_rtmx_set_lay_fcolor	24	static
de_rtmx.c:1190:5:de_rtmx_set_overlay_size	24	static
de_rtmx.c:1402:5:de_rtmx_set_coarse_fac	88	static
de_rtmx.c:1436:5:de_rtmx_set_pf_en	0	static
de_rtmx.c:1455:5:de_rtmx_set_pipe_cfg	12	static
de_rtmx.c:1482:5:de_rtmx_set_route	8	static
de_rtmx.c:1500:5:de_rtmx_set_premul	8	static
de_rtmx.c:1516:5:de_rtmx_set_background_color	0	static
de_rtmx.c:1527:5:de_rtmx_set_blend_size	0	static
de_rtmx.c:1539:5:de_rtmx_set_blend_mode	0	static
de_rtmx.c:1578:5:de_rtmx_set_blend_color	0	static
de_rtmx.c:1588:5:de_rtmx_set_outitl	0	static
de_rtmx.c:1600:5:de_rtmx_set_colorkey	12	static
de_rtmx.c:1629:16:de_rtmx_extend_rect	24	static
de_rtmx.c:1648:5:de_rtmx_calc_chnrect	104	static
de_rtmx.c:1714:5:de_rtmx_trimcoord	24	static
de_rtmx.c:1787:5:de_rtmx_get_premul_ctl	16	static
de_rtmx.c:1812:5:de_rtmx_mux	0	static
de_rtmx.c:1828:5:de_rtmx_get_mux	0	static
de_rtmx.c:1837:5:de_rtmx_sync_hw	40	static
de_rtmx.c:1903:5:de_rtmx_get_lay_enabled	16	static
de_rtmx.c:1922:5:de_rtmx_get_lay_address	24	static
de_rtmx.c:1967:5:de_rtmx_get_lay_size	24	static
de_rtmx.c:2051:5:de_rtmx_get_lay_win	24	static
de_rtmx.c:2076:5:de_rtmx_get_display_size	0	static
de_rtmx.c:2085:5:de_rtmx_get_lay_format	16	static
