disp_al.c:28:5:disp_al_layer_apply	0	static
disp_al.c:34:5:disp_al_manager_init	0	static
disp_al.c:39:5:disp_al_manager_exit	0	static
disp_al.c:44:5:disp_al_manager_apply	16	static
disp_al.c:70:5:disp_al_manager_sync	0	static
disp_al.c:75:5:disp_al_manager_update_regs	0	static
disp_al.c:80:5:disp_al_manager_query_irq	0	static
disp_al.c:85:5:disp_al_manager_enable_irq	0	static
disp_al.c:90:5:disp_al_manager_disable_irq	0	static
disp_al.c:95:5:disp_al_enhance_apply	56	static
disp_al.c:108:5:disp_al_enhance_update_regs	0	static
disp_al.c:113:5:disp_al_enhance_sync	0	static
disp_al.c:118:5:disp_al_enhance_tasklet	0	static
disp_al.c:123:5:disp_al_capture_init	0	static
disp_al.c:128:5:disp_al_capture_exit	0	static
disp_al.c:133:5:disp_al_capture_sync	8	static
disp_al.c:141:5:disp_al_capture_apply	0	static
disp_al.c:146:5:disp_al_capture_get_status	0	static
disp_al.c:151:5:disp_al_smbl_apply	0	static
disp_al.c:156:5:disp_al_smbl_update_regs	0	static
disp_al.c:161:5:disp_al_smbl_sync	0	static
disp_al.c:166:5:disp_al_smbl_tasklet	0	static
disp_al.c:171:5:disp_al_smbl_get_status	0	static
disp_al.c:186:5:disp_al_lcd_get_clk_info	32	static
disp_al.c:245:5:disp_al_lcd_cfg	48	static
disp_al.c:293:5:disp_al_lcd_enable	16	static
disp_al.c:317:5:disp_al_lcd_disable	8	static
disp_al.c:345:5:disp_al_lcd_query_irq	0	static
disp_al.c:366:5:disp_al_lcd_enable_irq	0	static
disp_al.c:388:5:disp_al_lcd_disable_irq	0	static
disp_al.c:410:5:disp_al_lcd_tri_busy	8	static
disp_al.c:426:5:disp_al_lcd_tri_start	0	static
disp_al.c:435:5:disp_al_lcd_io_cfg	0	static
disp_al.c:449:5:disp_al_lcd_get_cur_line	0	static
disp_al.c:460:5:disp_al_lcd_get_start_delay	0	static
disp_al.c:472:5:disp_al_hdmi_enable	8	static
disp_al.c:480:5:disp_al_hdmi_disable	16	static
disp_al.c:491:5:disp_al_hdmi_cfg	24	static
disp_al.c:520:5:disp_al_tv_enable	8	static
disp_al.c:528:5:disp_al_tv_disable	16	static
disp_al.c:539:5:disp_al_tv_cfg	24	static
disp_al.c:600:5:disp_al_vdevice_cfg	296	static
disp_al.c:657:5:disp_al_vdevice_enable	264	static
disp_al.c:668:5:disp_al_vdevice_disable	16	static
disp_al.c:679:5:disp_al_device_get_cur_line	0	static
disp_al.c:686:5:disp_al_device_get_start_delay	0	static
disp_al.c:694:5:disp_al_device_query_irq	0	static
disp_al.c:706:5:disp_al_device_enable_irq	0	static
disp_al.c:718:5:disp_al_device_disable_irq	0	static
disp_al.c:730:5:disp_al_device_get_status	0	static
disp_al.c:739:5:disp_al_device_src_select	0	static
disp_al.c:746:5:disp_init_al	104	static
disp_al.c:815:5:disp_al_get_fb_info	0	static
disp_al.c:820:5:disp_al_get_display_size	0	static
