Archive member included because of file (symbol)

/home/orange/OPEN_SOURCE/OrangePi_H5SDK/toolchain/gcc-linaro-aarch/gcc-linaro/bin/../lib/gcc/arm-linux-gnueabi/4.6.3/libgcc.a(_udivsi3.o)
                              arch/arm/cpu/armv7/sun50iw2p1/built-in.o (__aeabi_uidiv)
/home/orange/OPEN_SOURCE/OrangePi_H5SDK/toolchain/gcc-linaro-aarch/gcc-linaro/bin/../lib/gcc/arm-linux-gnueabi/4.6.3/libgcc.a(_divsi3.o)
                              arch/arm/cpu/armv7/sun50iw2p1/built-in.o (__aeabi_idiv)
/home/orange/OPEN_SOURCE/OrangePi_H5SDK/toolchain/gcc-linaro-aarch/gcc-linaro/bin/../lib/gcc/arm-linux-gnueabi/4.6.3/libgcc.a(_lshrdi3.o)
                              lib/built-in.o (__aeabi_llsr)
/home/orange/OPEN_SOURCE/OrangePi_H5SDK/toolchain/gcc-linaro-aarch/gcc-linaro/bin/../lib/gcc/arm-linux-gnueabi/4.6.3/libgcc.a(_ashrdi3.o)
                              drivers/built-in.o (__aeabi_lasr)
/home/orange/OPEN_SOURCE/OrangePi_H5SDK/toolchain/gcc-linaro-aarch/gcc-linaro/bin/../lib/gcc/arm-linux-gnueabi/4.6.3/libgcc.a(_ashldi3.o)
                              drivers/mmc/built-in.o (__aeabi_llsl)
/home/orange/OPEN_SOURCE/OrangePi_H5SDK/toolchain/gcc-linaro-aarch/gcc-linaro/bin/../lib/gcc/arm-linux-gnueabi/4.6.3/libgcc.a(_arm_addsubdf3.o)
                              board/sunxi/cartoon/built-in.o (__aeabi_i2d)
/home/orange/OPEN_SOURCE/OrangePi_H5SDK/toolchain/gcc-linaro-aarch/gcc-linaro/bin/../lib/gcc/arm-linux-gnueabi/4.6.3/libgcc.a(_arm_muldivdf3.o)
                              board/sunxi/cartoon/built-in.o (__aeabi_ddiv)
/home/orange/OPEN_SOURCE/OrangePi_H5SDK/toolchain/gcc-linaro-aarch/gcc-linaro/bin/../lib/gcc/arm-linux-gnueabi/4.6.3/libgcc.a(_arm_truncdfsf2.o)
                              board/sunxi/cartoon/built-in.o (__aeabi_d2f)
/home/orange/OPEN_SOURCE/OrangePi_H5SDK/toolchain/gcc-linaro-aarch/gcc-linaro/bin/../lib/gcc/arm-linux-gnueabi/4.6.3/libgcc.a(_arm_addsubsf3.o)
                              board/sunxi/cartoon/built-in.o (__aeabi_fsub)
/home/orange/OPEN_SOURCE/OrangePi_H5SDK/toolchain/gcc-linaro-aarch/gcc-linaro/bin/../lib/gcc/arm-linux-gnueabi/4.6.3/libgcc.a(_arm_muldivsf3.o)
                              board/sunxi/cartoon/built-in.o (__aeabi_fmul)
/home/orange/OPEN_SOURCE/OrangePi_H5SDK/toolchain/gcc-linaro-aarch/gcc-linaro/bin/../lib/gcc/arm-linux-gnueabi/4.6.3/libgcc.a(_arm_fixsfsi.o)
                              board/sunxi/cartoon/built-in.o (__aeabi_f2iz)
/home/orange/OPEN_SOURCE/OrangePi_H5SDK/toolchain/gcc-linaro-aarch/gcc-linaro/bin/../lib/gcc/arm-linux-gnueabi/4.6.3/libgcc.a(_aeabi_uldivmod.o)
                              lib/openssl/built-in.o (__aeabi_uldivmod)
/home/orange/OPEN_SOURCE/OrangePi_H5SDK/toolchain/gcc-linaro-aarch/gcc-linaro/bin/../lib/gcc/arm-linux-gnueabi/4.6.3/libgcc.a(_dvmd_lnx.o)
                              /home/orange/OPEN_SOURCE/OrangePi_H5SDK/toolchain/gcc-linaro-aarch/gcc-linaro/bin/../lib/gcc/arm-linux-gnueabi/4.6.3/libgcc.a(_udivsi3.o) (__aeabi_idiv0)
/home/orange/OPEN_SOURCE/OrangePi_H5SDK/toolchain/gcc-linaro-aarch/gcc-linaro/bin/../lib/gcc/arm-linux-gnueabi/4.6.3/libgcc.a(bpabi.o)
                              /home/orange/OPEN_SOURCE/OrangePi_H5SDK/toolchain/gcc-linaro-aarch/gcc-linaro/bin/../lib/gcc/arm-linux-gnueabi/4.6.3/libgcc.a(_aeabi_uldivmod.o) (__gnu_uldivmod_helper)
/home/orange/OPEN_SOURCE/OrangePi_H5SDK/toolchain/gcc-linaro-aarch/gcc-linaro/bin/../lib/gcc/arm-linux-gnueabi/4.6.3/libgcc.a(_divdi3.o)
                              /home/orange/OPEN_SOURCE/OrangePi_H5SDK/toolchain/gcc-linaro-aarch/gcc-linaro/bin/../lib/gcc/arm-linux-gnueabi/4.6.3/libgcc.a(bpabi.o) (__divdi3)
/home/orange/OPEN_SOURCE/OrangePi_H5SDK/toolchain/gcc-linaro-aarch/gcc-linaro/bin/../lib/gcc/arm-linux-gnueabi/4.6.3/libgcc.a(_udivdi3.o)
                              /home/orange/OPEN_SOURCE/OrangePi_H5SDK/toolchain/gcc-linaro-aarch/gcc-linaro/bin/../lib/gcc/arm-linux-gnueabi/4.6.3/libgcc.a(bpabi.o) (__udivdi3)

Discarded input sections

 .text          0x00000000        0x0 arch/arm/cpu/armv7/spare_head.o
 .data          0x00000000        0x0 arch/arm/cpu/armv7/spare_head.o
 .bss           0x00000000        0x0 arch/arm/cpu/armv7/spare_head.o
 .text          0x00000000        0x0 arch/arm/cpu/armv7/uboot_hash.o
 .data          0x00000000        0x0 arch/arm/cpu/armv7/uboot_hash.o
 .bss           0x00000000        0x0 arch/arm/cpu/armv7/uboot_hash.o
 .data          0x00000000        0x0 arch/arm/cpu/armv7/start.o
 .bss           0x00000000        0x0 arch/arm/cpu/armv7/start.o
 .text.v7_outer_cache_enable
                0x00000000        0x4 arch/arm/cpu/armv7/built-in.o
 .text.v7_outer_cache_inval_all
                0x00000000        0x4 arch/arm/cpu/armv7/built-in.o
 .text.v7_outer_cache_flush_range
                0x00000000        0x4 arch/arm/cpu/armv7/built-in.o
 .text.mmu_page_table_flush
                0x00000000       0x24 arch/arm/cpu/armv7/built-in.o
 .text.sdelay   0x00000000        0xc arch/arm/cpu/armv7/built-in.o
 .text.wait_on_value
[...]
Memory Configuration

Name             Origin             Length             Attributes
*default*        0x00000000         0xffffffff

Linker script and memory map

                0x4a000000                . = 0x4a000000
                0x4a000000                . = ALIGN (0x4)

.head           0x4a000000      0x600
 *(.__image_copy_start)
 .__image_copy_start
                0x4a000000        0x0 arch/arm/lib/built-in.o
                0x4a000000                __image_copy_start
 arch/arm/cpu/armv7/spare_head.o(.data*)
 .data.uboot_spare_head
                0x4a000000      0x600 arch/arm/cpu/armv7/spare_head.o
                0x4a000000                uboot_spare_head

.hash           0x4a000600       0x40
 arch/arm/cpu/armv7/uboot_hash.o(.data*)
 .data.uboot_hash_value
                0x4a000600       0x40 arch/arm/cpu/armv7/uboot_hash.o
                0x4a000600                uboot_hash_value
                0x4a000640                . = ALIGN (0x4)

.text           0x4a000640    0x82360
 *(.vectors)
 .vectors       0x4a000640      0x2c0 arch/arm/lib/built-in.o
                0x4a000640                _start
                0x4a000660                _reset_vec
                0x4a000664                _undefined_instruction
                0x4a000668                _software_interrupt
                0x4a00066c                _prefetch_abort
                0x4a000670                _data_abort
                0x4a000674                _not_used
                0x4a000678                _irq
                0x4a00067c                _fiq
                0x4a000680                IRQ_STACK_START_IN
                0x4a000684                IRQ_STACK_START
                0x4a000688                FIQ_STACK_START
 arch/arm/cpu/armv7/start.o(.text*)
 .text          0x4a000900       0xb0 arch/arm/cpu/armv7/start.o
                0x4a000900                _TEXT_BASE
                0x4a000904                reset
                0x4a000944                c_runtime_cpu_setup
                0x4a00095c                save_boot_params
                0x4a000960                cpu_init_cp15
                0x4a0009a8                cpu_init_crit
 *(.text*)
 .text          0x4a0009b0       0x24 arch/arm/cpu/armv7/built-in.o
                0x4a0009b0                lowlevel_init
 .text.v7_maint_dcache_all
                0x4a0009d4       0xe8 arch/arm/cpu/armv7/built-in.o
 .text.v7_dcache_maint_range
                0x4a000abc       0xc8 arch/arm/cpu/armv7/built-in.o
 .text.invalidate_icache_all
                0x4a000b84       0x18 arch/arm/cpu/armv7/built-in.o
                0x4a000b84                invalidate_icache_all
 .text.v7_outer_cache_disable
                0x4a000b9c        0x4 arch/arm/cpu/armv7/built-in.o
                0x4a000b9c                v7_outer_cache_disable
 .text.v7_outer_cache_flush_all
                0x4a000ba0        0x4 arch/arm/cpu/armv7/built-in.o
                0x4a000ba0                v7_outer_cache_flush_all
 .text.flush_dcache_all
                0x4a000ba4       0x14 arch/arm/cpu/armv7/built-in.o
                0x4a000ba4                flush_dcache_all
 .text.invalidate_dcache_all
                0x4a000bb8       0x14 arch/arm/cpu/armv7/built-in.o
                0x4a000bb8                invalidate_dcache_all
 .text.arm_init_before_mmu
                0x4a000bcc       0x28 arch/arm/cpu/armv7/built-in.o
                0x4a000bcc                arm_init_before_mmu
 .text.flush_dcache_range
                0x4a000bf4       0x24 arch/arm/cpu/armv7/built-in.o
                0x4a000bf4                flush_dcache_range
 .text.flush_cache
                0x4a000c18        0x8 arch/arm/cpu/armv7/built-in.o
                0x4a000c18                flush_cache
 .text.v7_outer_cache_inval_range
                0x4a000c20        0x4 arch/arm/cpu/armv7/built-in.o
                0x4a000c20                v7_outer_cache_inval_range
 .text.invalidate_dcache_range
                0x4a000c24       0x24 arch/arm/cpu/armv7/built-in.o
                0x4a000c24                invalidate_dcache_range
 .text.cpu_cache_initialization
                0x4a000c48        0x4 arch/arm/cpu/armv7/built-in.o
                0x4a000c48                cpu_cache_initialization
 .text.cleanup_before_linux
                0x4a000c4c       0x28 arch/arm/cpu/armv7/built-in.o
                0x4a000c4c                cleanup_before_linux
 .text.sunxi_clock_get_corepll
                0x4a000c74       0x6c arch/arm/cpu/armv7/sun50iw2p1/built-in.o
                0x4a000c74                sunxi_clock_get_corepll
 .text.sunxi_clock_get_axi
                0x4a000ce0       0x60 arch/arm/cpu/armv7/sun50iw2p1/built-in.o
                0x4a000ce0                sunxi_clock_get_axi
 .text.sunxi_clock_set_corepll
                0x4a000d40       0xb8 arch/arm/cpu/armv7/sun50iw2p1/built-in.o
                0x4a000d40                sunxi_clock_set_corepll
 .text.sunxi_clock_get_pll6
                0x4a000df8       0x30 arch/arm/cpu/armv7/sun50iw2p1/built-in.o
                0x4a000df8                sunxi_clock_get_pll6
 .text.sunxi_clock_get_mbus
                0x4a000e28       0x48 arch/arm/cpu/armv7/sun50iw2p1/built-in.o
                0x4a000e28                sunxi_clock_get_mbus
 .text.sunxi_clock_get_ahb
                0x4a000e70       0x58 arch/arm/cpu/armv7/sun50iw2p1/built-in.o
                0x4a000e70                sunxi_clock_get_ahb
 .text.sunxi_clock_get_apb1
                0x4a000ec8       0x28 arch/arm/cpu/armv7/sun50iw2p1/built-in.o
                0x4a000ec8                sunxi_clock_get_apb1
 .text.timerX_callback_default
                0x4a000ef0       0x10 arch/arm/cpu/armv7/sun50iw2p1/built-in.o
 .text.timer1_func
                0x4a000f00       0x60 arch/arm/cpu/armv7/sun50iw2p1/built-in.o
                0x4a000f00                timer1_func
 .text.timer0_func
                0x4a000f60       0x60 arch/arm/cpu/armv7/sun50iw2p1/built-in.o
                0x4a000f60                timer0_func
 .text.get_tbclk
                0x4a000fc0        0x8 arch/arm/cpu/armv7/sun50iw2p1/built-in.o
                0x4a000fc0                get_tbclk
 .text.timer_init
                0x4a000fc8       0x40 arch/arm/cpu/armv7/sun50iw2p1/built-in.o
                0x4a000fc8                timer_init
 .text.timer_exit
                0x4a001008       0x48 arch/arm/cpu/armv7/sun50iw2p1/built-in.o
                0x4a001008                timer_exit
 .text.watchdog_disable
                0x4a001050       0x14 arch/arm/cpu/armv7/sun50iw2p1/built-in.o
                0x4a001050                watchdog_disable
 .text.watchdog_enable
                0x4a001064       0x18 arch/arm/cpu/armv7/sun50iw2p1/built-in.o
                0x4a001064                watchdog_enable
 .text.get_timer
                0x4a00107c       0x14 arch/arm/cpu/armv7/sun50iw2p1/built-in.o
                0x4a00107c                get_timer
 .text.get_timer_masked
                0x4a001090       0x10 arch/arm/cpu/armv7/sun50iw2p1/built-in.o
                0x4a001090                get_timer_masked
 .text.__usdelay
                0x4a0010a0       0x28 arch/arm/cpu/armv7/sun50iw2p1/built-in.o
                0x4a0010a0                __usdelay
 .text.__msdelay
                0x4a0010c8       0x20 arch/arm/cpu/armv7/sun50iw2p1/built-in.o
                0x4a0010c8                __msdelay
 .text.get_ticks
                0x4a0010e8       0x14 arch/arm/cpu/armv7/sun50iw2p1/built-in.o
                0x4a0010e8                get_ticks
 .text.init_timer
                0x4a0010fc        0x4 arch/arm/cpu/armv7/sun50iw2p1/built-in.o
                0x4a0010fc                init_timer
 .text.add_timer
                0x4a001100      0x11c arch/arm/cpu/armv7/sun50iw2p1/built-in.o
                0x4a001100                add_timer
 .text.del_timer
                0x4a00121c       0x7c arch/arm/cpu/armv7/sun50iw2p1/built-in.o
                0x4a00121c                del_timer
 .text.s_init   0x4a001298        0x4 arch/arm/cpu/armv7/sun50iw2p1/built-in.o
                0x4a001298                s_init
 .text.reset_cpu
                0x4a00129c        0xc arch/arm/cpu/armv7/sun50iw2p1/built-in.o
                0x4a00129c                reset_cpu
 .text.v7_outer_cache_enable
                0x4a0012a8        0x4 arch/arm/cpu/armv7/sun50iw2p1/built-in.o
                0x4a0012a8                v7_outer_cache_enable
 .text.v7_outer_cache_inval_all
                0x4a0012ac        0x4 arch/arm/cpu/armv7/sun50iw2p1/built-in.o
                0x4a0012ac                v7_outer_cache_inval_all
 .text.v7_outer_cache_flush_range
                0x4a0012b0        0x4 arch/arm/cpu/armv7/sun50iw2p1/built-in.o
                0x4a0012b0                v7_outer_cache_flush_range
 .text.enable_caches
                0x4a0012b4       0x10 arch/arm/cpu/armv7/sun50iw2p1/built-in.o
                0x4a0012b4                enable_caches
 .text.script_init
                0x4a0012c4       0x3c arch/arm/cpu/armv7/sun50iw2p1/built-in.o
                0x4a0012c4                script_init
 .text.power_source_init
                0x4a001300       0xdc arch/arm/cpu/armv7/sun50iw2p1/built-in.o
                0x4a001300                power_source_init
 .text.sunxi_set_fel_flag
                0x4a0013dc       0x18 arch/arm/cpu/armv7/sun50iw2p1/built-in.o
                0x4a0013dc                sunxi_set_fel_flag
 .text.sunxi_probe_securemode
                0x4a0013f4       0xd0 arch/arm/cpu/armv7/sun50iw2p1/built-in.o
                0x4a0013f4                sunxi_probe_securemode
 .text.sunxi_set_secure_mode
                0x4a0014c4       0x34 arch/arm/cpu/armv7/sun50iw2p1/built-in.o
                0x4a0014c4                sunxi_set_secure_mode
 .text.sunxi_get_securemode
                0x4a0014f8        0x8 arch/arm/cpu/armv7/sun50iw2p1/built-in.o
                0x4a0014f8                sunxi_get_securemode
 .text.sunxi_probe_secure_monitor
                0x4a001500       0x1c arch/arm/cpu/armv7/sun50iw2p1/built-in.o
                0x4a001500                sunxi_probe_secure_monitor
 .text.sunxi_board_close_source
                0x4a00151c       0x2c arch/arm/cpu/armv7/sun50iw2p1/built-in.o
                0x4a00151c                sunxi_board_close_source
 .text.sunxi_board_restart
                0x4a001548       0x40 arch/arm/cpu/armv7/sun50iw2p1/built-in.o
                0x4a001548                sunxi_board_restart
 .text.sunxi_board_shutdown
                0x4a001588       0x54 arch/arm/cpu/armv7/sun50iw2p1/built-in.o
                0x4a001588                sunxi_board_shutdown
 .text.sunxi_flush_allcaches
                0x4a0015dc       0x14 arch/arm/cpu/armv7/sun50iw2p1/built-in.o
                0x4a0015dc                sunxi_flush_allcaches
 .text.sunxi_board_run_fel
                0x4a0015f0       0x50 arch/arm/cpu/armv7/sun50iw2p1/built-in.o
                0x4a0015f0                sunxi_board_run_fel
 .text.sunxi_board_run_fel_eraly
                0x4a001640       0x38 arch/arm/cpu/armv7/sun50iw2p1/built-in.o
                0x4a001640                sunxi_board_run_fel_eraly
 .text.sunxi_key_init
                0x4a001678       0x70 arch/arm/cpu/armv7/sun50iw2p1/built-in.o
                0x4a001678                sunxi_key_init
 .text.sunxi_key_exit
                0x4a0016e8       0x20 arch/arm/cpu/armv7/sun50iw2p1/built-in.o
                0x4a0016e8                sunxi_key_exit
 .text.sunxi_key_read
                0x4a001708       0x6c arch/arm/cpu/armv7/sun50iw2p1/built-in.o
                0x4a001708                sunxi_key_read
 .text.do_key_test
                0x4a001774       0xac arch/arm/cpu/armv7/sun50iw2p1/built-in.o
                0x4a001774                do_key_test
 .text.sid_read_key.constprop.0
                0x4a001820       0x58 arch/arm/cpu/armv7/sun50iw2p1/built-in.o
 .text.sid_set_security_mode
                0x4a001878       0x68 arch/arm/cpu/armv7/sun50iw2p1/built-in.o
                0x4a001878                sid_set_security_mode
 .text.sid_probe_security_mode
                0x4a0018e0       0x10 arch/arm/cpu/armv7/sun50iw2p1/built-in.o
                0x4a0018e0                sid_probe_security_mode
 .text.sid_get_security_status
                0x4a0018f0       0x14 arch/arm/cpu/armv7/sun50iw2p1/built-in.o
                0x4a0018f0                sid_get_security_status
 .text.__aw_endian4
                0x4a001904        0x8 arch/arm/cpu/armv7/sun50iw2p1/built-in.o
 .text.__ss_encry_decry_end
                0x4a00190c       0x30 arch/arm/cpu/armv7/sun50iw2p1/built-in.o
 .text.sunxi_ss_open
                0x4a00193c       0x40 arch/arm/cpu/armv7/sun50iw2p1/built-in.o
                0x4a00193c                sunxi_ss_open
 .text.sunxi_sha_calc
                0x4a00197c      0x2bc arch/arm/cpu/armv7/sun50iw2p1/built-in.o
                0x4a00197c                sunxi_sha_calc
 .text.gic_cpuif_init
                0x4a001c38       0x68 arch/arm/cpu/armv7/sun50iw2p1/built-in.o
 .text.gic_distributor_init
                0x4a001ca0       0xf0 arch/arm/cpu/armv7/sun50iw2p1/built-in.o
 .text.default_isr
                0x4a001d90       0x18 arch/arm/cpu/armv7/sun50iw2p1/built-in.o
 .text.irq_enable
                0x4a001da8       0x78 arch/arm/cpu/armv7/sun50iw2p1/built-in.o
                0x4a001da8                irq_enable
 .text.irq_disable
                0x4a001e20       0x74 arch/arm/cpu/armv7/sun50iw2p1/built-in.o
                0x4a001e20                irq_disable
 .text.irq_install_handler
                0x4a001e94       0x5c arch/arm/cpu/armv7/sun50iw2p1/built-in.o
                0x4a001e94                irq_install_handler
 .text.irq_free_handler
                0x4a001ef0       0x38 arch/arm/cpu/armv7/sun50iw2p1/built-in.o
                0x4a001ef0                irq_free_handler
 .text.do_irq   0x4a001f28       0xdc arch/arm/cpu/armv7/sun50iw2p1/built-in.o
                0x4a001f28                do_irq
 .text.do_irqinfo
                0x4a002004       0x74 arch/arm/cpu/armv7/sun50iw2p1/built-in.o
                0x4a002004                do_irqinfo
 .text.arch_interrupt_init
                0x4a002078       0x64 arch/arm/cpu/armv7/sun50iw2p1/built-in.o
                0x4a002078                arch_interrupt_init
 .text.arch_interrupt_exit
                0x4a0020dc       0x20 arch/arm/cpu/armv7/sun50iw2p1/built-in.o
                0x4a0020dc                arch_interrupt_exit
 .text.USBC_ReadLenFromFifo
                0x4a0020fc       0x2c arch/arm/cpu/armv7/sun50iw2p1/built-in.o
                0x4a0020fc                USBC_ReadLenFromFifo
 .text.USBC_WritePacket
                0x4a002128       0x90 arch/arm/cpu/armv7/sun50iw2p1/built-in.o
                0x4a002128                USBC_WritePacket
 .text.USBC_ReadPacket
                0x4a0021b8       0x6c arch/arm/cpu/armv7/sun50iw2p1/built-in.o
                0x4a0021b8                USBC_ReadPacket
 .text.USBC_ConfigFIFO_Base
                0x4a002224       0x3c arch/arm/cpu/armv7/sun50iw2p1/built-in.o
                0x4a002224                USBC_ConfigFIFO_Base
 .text.USBC_SelectFIFO
                0x4a002260       0x10 arch/arm/cpu/armv7/sun50iw2p1/built-in.o
                0x4a002260                USBC_SelectFIFO
 .text.__USBC_ConfigFifo_TxEp
                0x4a002270       0x50 arch/arm/cpu/armv7/sun50iw2p1/built-in.o
                0x4a002270                __USBC_ConfigFifo_TxEp
 .text.__USBC_ConfigFifo_RxEp
                0x4a0022c0       0x50 arch/arm/cpu/armv7/sun50iw2p1/built-in.o
                0x4a0022c0                __USBC_ConfigFifo_RxEp
 .text.USBC_ConfigFifo
                0x4a002310       0x3c arch/arm/cpu/armv7/sun50iw2p1/built-in.o
                0x4a002310                USBC_ConfigFifo
 .text.USBC_SelectBus
                0x4a00234c       0x44 arch/arm/cpu/armv7/sun50iw2p1/built-in.o
                0x4a00234c                USBC_SelectBus
 .text.USBC_INT_EpPending
                0x4a002390       0x3c arch/arm/cpu/armv7/sun50iw2p1/built-in.o
                0x4a002390                USBC_INT_EpPending
 .text.USBC_INT_ClearEpPending
                0x4a0023cc       0x54 arch/arm/cpu/armv7/sun50iw2p1/built-in.o
                0x4a0023cc                USBC_INT_ClearEpPending
 .text.USBC_INT_ClearEpPendingAll
                0x4a002420       0x38 arch/arm/cpu/armv7/sun50iw2p1/built-in.o
                0x4a002420                USBC_INT_ClearEpPendingAll
 .text.USBC_INT_MiscPending
                0x4a002458       0x10 arch/arm/cpu/armv7/sun50iw2p1/built-in.o
                0x4a002458                USBC_INT_MiscPending
 .text.USBC_INT_ClearMiscPending
                0x4a002468       0x14 arch/arm/cpu/armv7/sun50iw2p1/built-in.o
                0x4a002468                USBC_INT_ClearMiscPending
 .text.USBC_INT_ClearMiscPendingAll
                0x4a00247c       0x14 arch/arm/cpu/armv7/sun50iw2p1/built-in.o
                0x4a00247c                USBC_INT_ClearMiscPendingAll
 .text.USBC_INT_EnableEp
                0x4a002490       0x54 arch/arm/cpu/armv7/sun50iw2p1/built-in.o
                0x4a002490                USBC_INT_EnableEp
 .text.USBC_INT_EnableUsbMiscUint
                0x4a0024e4       0x1c arch/arm/cpu/armv7/sun50iw2p1/built-in.o
                0x4a0024e4                USBC_INT_EnableUsbMiscUint
 .text.USBC_INT_DisableUsbMiscUint
                0x4a002500       0x18 arch/arm/cpu/armv7/sun50iw2p1/built-in.o
                0x4a002500                USBC_INT_DisableUsbMiscUint
 .text.USBC_INT_DisableEpAll
                0x4a002518       0x30 arch/arm/cpu/armv7/sun50iw2p1/built-in.o
                0x4a002518                USBC_INT_DisableEpAll
 .text.USBC_INT_DisableUsbMiscAll
                0x4a002548       0x14 arch/arm/cpu/armv7/sun50iw2p1/built-in.o
                0x4a002548                USBC_INT_DisableUsbMiscAll
 .text.USBC_GetActiveEp
                0x4a00255c       0x10 arch/arm/cpu/armv7/sun50iw2p1/built-in.o
                0x4a00255c                USBC_GetActiveEp
 .text.USBC_SelectActiveEp
                0x4a00256c       0x10 arch/arm/cpu/armv7/sun50iw2p1/built-in.o
                0x4a00256c                USBC_SelectActiveEp
 .text.USBC_EnhanceSignal
                0x4a00257c        0x4 arch/arm/cpu/armv7/sun50iw2p1/built-in.o
                0x4a00257c                USBC_EnhanceSignal
 .text.USBC_EnableIdPullUp
                0x4a002580       0x18 arch/arm/cpu/armv7/sun50iw2p1/built-in.o
                0x4a002580                USBC_EnableIdPullUp
 .text.USBC_EnableDpDmPullUp
                0x4a002598       0x18 arch/arm/cpu/armv7/sun50iw2p1/built-in.o
                0x4a002598                USBC_EnableDpDmPullUp
 .text.USBC_ForceId
                0x4a0025b0       0x38 arch/arm/cpu/armv7/sun50iw2p1/built-in.o
                0x4a0025b0                USBC_ForceId
 .text.USBC_ForceVbusValid
                0x4a0025e8       0x48 arch/arm/cpu/armv7/sun50iw2p1/built-in.o
                0x4a0025e8                USBC_ForceVbusValid
 .text.USBC_open_otg
                0x4a002630       0x44 arch/arm/cpu/armv7/sun50iw2p1/built-in.o
                0x4a002630                USBC_open_otg
 .text.USBC_close_otg
                0x4a002674       0x28 arch/arm/cpu/armv7/sun50iw2p1/built-in.o
                0x4a002674                USBC_close_otg
 .text.USBC_Dev_SetAddress_default
                0x4a00269c       0x14 arch/arm/cpu/armv7/sun50iw2p1/built-in.o
                0x4a00269c                USBC_Dev_SetAddress_default
 .text.USBC_Dev_SetAddress
                0x4a0026b0       0x10 arch/arm/cpu/armv7/sun50iw2p1/built-in.o
                0x4a0026b0                USBC_Dev_SetAddress
 .text.USBC_Dev_QueryTransferMode
                0x4a0026c0       0x20 arch/arm/cpu/armv7/sun50iw2p1/built-in.o
                0x4a0026c0                USBC_Dev_QueryTransferMode
 .text.USBC_Dev_ConfigTransferMode
                0x4a0026e0       0x70 arch/arm/cpu/armv7/sun50iw2p1/built-in.o
                0x4a0026e0                USBC_Dev_ConfigTransferMode
 .text.USBC_Dev_ConectSwitch
                0x4a002750       0x24 arch/arm/cpu/armv7/sun50iw2p1/built-in.o
                0x4a002750                USBC_Dev_ConectSwitch
 .text.USBC_Dev_ConfigEp
                0x4a002774      0x10c arch/arm/cpu/armv7/sun50iw2p1/built-in.o
                0x4a002774                USBC_Dev_ConfigEp
 .text.USBC_Dev_ConfigEpDma
                0x4a002880       0x68 arch/arm/cpu/armv7/sun50iw2p1/built-in.o
                0x4a002880                USBC_Dev_ConfigEpDma
 .text.USBC_Dev_ClearEpDma
                0x4a0028e8       0x70 arch/arm/cpu/armv7/sun50iw2p1/built-in.o
                0x4a0028e8                USBC_Dev_ClearEpDma
 .text.USBC_Dev_IsEpStall
                0x4a002958       0x48 arch/arm/cpu/armv7/sun50iw2p1/built-in.o
                0x4a002958                USBC_Dev_IsEpStall
 .text.USBC_Dev_EpSendStall
                0x4a0029a0       0x68 arch/arm/cpu/armv7/sun50iw2p1/built-in.o
                0x4a0029a0                USBC_Dev_EpSendStall
 .text.USBC_Dev_EpClearStall
                0x4a002a08       0x98 arch/arm/cpu/armv7/sun50iw2p1/built-in.o
                0x4a002a08                USBC_Dev_EpClearStall
 .text.USBC_Dev_Ctrl_IsSetupEnd
                0x4a002aa0       0x14 arch/arm/cpu/armv7/sun50iw2p1/built-in.o
                0x4a002aa0                USBC_Dev_Ctrl_IsSetupEnd
 .text.USBC_Dev_Ctrl_ClearSetupEnd
                0x4a002ab4       0x18 arch/arm/cpu/armv7/sun50iw2p1/built-in.o
                0x4a002ab4                USBC_Dev_Ctrl_ClearSetupEnd
 .text.USBC_Dev_WriteDataStatus
                0x4a002acc       0x8c arch/arm/cpu/armv7/sun50iw2p1/built-in.o
                0x4a002acc                USBC_Dev_WriteDataStatus
 .text.USBC_Dev_ReadDataStatus
                0x4a002b58       0x80 arch/arm/cpu/armv7/sun50iw2p1/built-in.o
                0x4a002b58                USBC_Dev_ReadDataStatus
 .text.USBC_Dev_IsReadDataReady
                0x4a002bd8       0x40 arch/arm/cpu/armv7/sun50iw2p1/built-in.o
                0x4a002bd8                USBC_Dev_IsReadDataReady
 .text.USBC_Dev_IsWriteDataReady
                0x4a002c18       0x3c arch/arm/cpu/armv7/sun50iw2p1/built-in.o
                0x4a002c18                USBC_Dev_IsWriteDataReady
 .text.USBC_Dma_Set_ChannalPara
                0x4a002c54       0x44 arch/arm/cpu/armv7/sun50iw2p1/built-in.o
                0x4a002c54                USBC_Dma_Set_ChannalPara
 .text.USBC_Dma_Set_PktLen
                0x4a002c98       0x40 arch/arm/cpu/armv7/sun50iw2p1/built-in.o
                0x4a002c98                USBC_Dma_Set_PktLen
 .text.USBC_Dma_Start
                0x4a002cd8       0x78 arch/arm/cpu/armv7/sun50iw2p1/built-in.o
                0x4a002cd8                USBC_Dma_Start
 .text.USBC_Dma_Int_Stop
                0x4a002d50       0x34 arch/arm/cpu/armv7/sun50iw2p1/built-in.o
                0x4a002d50                USBC_Dma_Int_Stop
 .text.USBC_Dma_Int_Query
                0x4a002d84       0x1c arch/arm/cpu/armv7/sun50iw2p1/built-in.o
                0x4a002d84                USBC_Dma_Int_Query
 .text.USBC_Dma_Int_Clear
                0x4a002da0       0x24 arch/arm/cpu/armv7/sun50iw2p1/built-in.o
                0x4a002da0                USBC_Dma_Int_Clear
 .text.usb_open_clock
                0x4a002dc4       0x80 arch/arm/cpu/armv7/sun50iw2p1/built-in.o
                0x4a002dc4                usb_open_clock
 .text.usb_close_clock
                0x4a002e44       0x54 arch/arm/cpu/armv7/sun50iw2p1/built-in.o
                0x4a002e44                usb_close_clock
 .text.usb_probe_vbus_type
                0x4a002e98       0x64 arch/arm/cpu/armv7/sun50iw2p1/built-in.o
                0x4a002e98                usb_probe_vbus_type
 *fill*         0x4a002efc        0x4 00
 .text          0x4a002f00      0x58c arch/arm/lib/built-in.o
                0x4a002f00                _main
                0x4a002f84                relocate_code
                0x4a003020                memset
                0x4a0030e0                memcpy
 .text.arch_fixup_memory_node
                0x4a00348c       0x38 arch/arm/lib/built-in.o
                0x4a00348c                arch_fixup_memory_node
 .text.boot_jump_linux
                0x4a0034c4       0xb0 arch/arm/lib/built-in.o
 .text.arch_lmb_reserve
                0x4a003574       0x24 arch/arm/lib/built-in.o
                0x4a003574                arch_lmb_reserve
 .text.setup_board_tags
                0x4a003598        0x4 arch/arm/lib/built-in.o
                0x4a003598                setup_board_tags
 .text.boot_prep_linux
                0x4a00359c      0x178 arch/arm/lib/built-in.o
 .text.do_bootm_linux
                0x4a003714       0x5c arch/arm/lib/built-in.o
                0x4a003714                do_bootm_linux
 .text.boot_prep_vxworks
                0x4a003770       0x4c arch/arm/lib/built-in.o
                0x4a003770                boot_prep_vxworks
 .text.boot_jump_vxworks
                0x4a0037bc       0x14 arch/arm/lib/built-in.o
                0x4a0037bc                boot_jump_vxworks
 .text.interrupt_init
                0x4a0037d0       0x40 arch/arm/lib/built-in.o
                0x4a0037d0                interrupt_init
 .text.interrupt_exit
                0x4a003810        0x4 arch/arm/lib/built-in.o
                0x4a003810                interrupt_exit
 .text.enable_interrupts
                0x4a003814       0x10 arch/arm/lib/built-in.o
                0x4a003814                enable_interrupts
 .text.interrupts_is_open
                0x4a003824       0x14 arch/arm/lib/built-in.o
                0x4a003824                interrupts_is_open
 .text.disable_interrupts
                0x4a003838       0x1c arch/arm/lib/built-in.o
                0x4a003838                disable_interrupts
 .text.bad_mode
                0x4a003854       0x10 arch/arm/lib/built-in.o
                0x4a003854                bad_mode
 .text.show_regs
                0x4a003864      0x140 arch/arm/lib/built-in.o
                0x4a003864                show_regs
 .text.do_undefined_instruction
                0x4a0039a4       0x20 arch/arm/lib/built-in.o
                0x4a0039a4                do_undefined_instruction
 .text.do_software_interrupt
                0x4a0039c4       0x20 arch/arm/lib/built-in.o
                0x4a0039c4                do_software_interrupt
 .text.do_prefetch_abort
                0x4a0039e4       0x20 arch/arm/lib/built-in.o
                0x4a0039e4                do_prefetch_abort
 .text.do_data_abort
                0x4a003a04       0x20 arch/arm/lib/built-in.o
                0x4a003a04                do_data_abort
 .text.do_not_used
                0x4a003a24       0x20 arch/arm/lib/built-in.o
                0x4a003a24                do_not_used
 .text.do_fiq   0x4a003a44       0x20 arch/arm/lib/built-in.o
                0x4a003a44                do_fiq
 .text.do_reset
                0x4a003a64       0x2c arch/arm/lib/built-in.o
                0x4a003a64                do_reset
 .text.cp_delay
                0x4a003a90       0x30 arch/arm/lib/built-in.o
 .text.cache_disable
                0x4a003ac0       0x44 arch/arm/lib/built-in.o
 .text.arm_init_domains
                0x4a003b04        0x4 arch/arm/lib/built-in.o
                0x4a003b04                arm_init_domains
 .text.set_section_dcache
                0x4a003b08       0x14 arch/arm/lib/built-in.o
                0x4a003b08                set_section_dcache
 .text.dram_bank_mmu_setup
                0x4a003b1c       0x88 arch/arm/lib/built-in.o
                0x4a003b1c                dram_bank_mmu_setup
 .text.cache_enable
                0x4a003ba4       0x78 arch/arm/lib/built-in.o
 .text.icache_enable
                0x4a003c1c        0x8 arch/arm/lib/built-in.o
                0x4a003c1c                icache_enable
 .text.icache_disable
                0x4a003c24        0x8 arch/arm/lib/built-in.o
                0x4a003c24                icache_disable
 .text.dcache_enable
                0x4a003c2c        0x8 arch/arm/lib/built-in.o
                0x4a003c2c                dcache_enable
 .text.dcache_disable
                0x4a003c34        0x8 arch/arm/lib/built-in.o
                0x4a003c34                dcache_disable
 .text.dcache_status
                0x4a003c3c        0xc arch/arm/lib/built-in.o
                0x4a003c3c                dcache_status
 .text.sprite_cartoon_screen_set
                0x4a003c48       0xb8 board/sunxi/cartoon/built-in.o
                0x4a003c48                sprite_cartoon_screen_set
 .text.sprite_cartoon_test
                0x4a003d00      0x19c board/sunxi/cartoon/built-in.o
                0x4a003d00                sprite_cartoon_test
 .text.do_sunxi_screen_char
                0x4a003e9c        0x4 board/sunxi/cartoon/built-in.o
                0x4a003e9c                do_sunxi_screen_char
 .text.sprite_cartoon_create
                0x4a003ea0      0x10c board/sunxi/cartoon/built-in.o
                0x4a003ea0                sprite_cartoon_create
 .text.sprite_cartoon_upgrade
                0x4a003fac       0x4c board/sunxi/cartoon/built-in.o
                0x4a003fac                sprite_cartoon_upgrade
 .text.sprite_cartoon_progressbar_create
                0x4a003ff8       0xb0 board/sunxi/cartoon/built-in.o
                0x4a003ff8                sprite_cartoon_progressbar_create
 .text.sprite_cartoon_progressbar_config
                0x4a0040a8       0x48 board/sunxi/cartoon/built-in.o
                0x4a0040a8                sprite_cartoon_progressbar_config
 .text.sprite_cartoon_progressbar_active
                0x4a0040f0       0x64 board/sunxi/cartoon/built-in.o
                0x4a0040f0                sprite_cartoon_progressbar_active
 .text.sprite_cartoon_progressbar_upgrate
                0x4a004154       0xc4 board/sunxi/cartoon/built-in.o
                0x4a004154                sprite_cartoon_progressbar_upgrate
 .text.sprite_cartoon_ui_draw_hollowrectangle
                0x4a004218       0xd4 board/sunxi/cartoon/built-in.o
                0x4a004218                sprite_cartoon_ui_draw_hollowrectangle
 .text.sprite_cartoon_ui_draw_solidrectangle
                0x4a0042ec       0xac board/sunxi/cartoon/built-in.o
                0x4a0042ec                sprite_cartoon_ui_draw_solidrectangle
 .text.sprite_cartoon_ui_set_color
                0x4a004398       0x14 board/sunxi/cartoon/built-in.o
                0x4a004398                sprite_cartoon_ui_set_color
 .text.sprite_cartoon_ui_get_color
                0x4a0043ac       0x10 board/sunxi/cartoon/built-in.o
                0x4a0043ac                sprite_cartoon_ui_get_color
 .text.uichar_change_newline
                0x4a0043bc       0x74 board/sunxi/cartoon/built-in.o
 .text.sprite_uichar_init
                0x4a004430      0x124 board/sunxi/cartoon/built-in.o
                0x4a004430                sprite_uichar_init
 .text.sprite_uichar_printf
                0x4a004554      0x128 board/sunxi/cartoon/built-in.o
                0x4a004554                sprite_uichar_printf
 .text.sprite_uichar_printf_ex
                0x4a00467c       0x84 board/sunxi/cartoon/built-in.o
                0x4a00467c                sprite_uichar_printf_ex
 .text.draw_pixel
                0x4a004700       0x60 board/sunxi/cartoon/built-in.o
 .text.open_font
                0x4a004760       0xe0 board/sunxi/cartoon/built-in.o
                0x4a004760                open_font
 .text.check_change_line
                0x4a004840       0x60 board/sunxi/cartoon/built-in.o
                0x4a004840                check_change_line
 .text.draw_bmp_ulc
                0x4a0048a0       0xd4 board/sunxi/cartoon/built-in.o
                0x4a0048a0                draw_bmp_ulc
 .text.is_valid_face
                0x4a004974       0x28 board/sunxi/cartoon/built-in.o
 .text.release_hdl_res
                0x4a00499c       0xb4 board/sunxi/cartoon/built-in.o
 .text.SFTE_New_Face
                0x4a004a50      0x214 board/sunxi/cartoon/built-in.o
                0x4a004a50                SFTE_New_Face
 .text.SFTE_Done_Face
                0x4a004c64       0x40 board/sunxi/cartoon/built-in.o
                0x4a004c64                SFTE_Done_Face
 .text.SFTE_Set_Pixel_Sizes
                0x4a004ca4      0x170 board/sunxi/cartoon/built-in.o
                0x4a004ca4                SFTE_Set_Pixel_Sizes
 .text.SFTE_Get_Glyph
                0x4a004e14      0x208 board/sunxi/cartoon/built-in.o
                0x4a004e14                SFTE_Get_Glyph
 .text.sunxi_dump
                0x4a00501c       0x5c board/sunxi/common/built-in.o
                0x4a00501c                sunxi_dump
 .text.gpio_set_axpgpio_value.constprop.6
                0x4a005078       0x50 board/sunxi/common/built-in.o
 .text.PIO_REG_CFG
                0x4a0050c8       0x34 board/sunxi/common/built-in.o
                0x4a0050c8                PIO_REG_CFG
 .text.PIO_REG_PULL
                0x4a0050fc       0x38 board/sunxi/common/built-in.o
                0x4a0050fc                PIO_REG_PULL
 .text.PIO_REG_DLEVEL
                0x4a005134       0x38 board/sunxi/common/built-in.o
                0x4a005134                PIO_REG_DLEVEL
 .text.PIO_REG_DATA
                0x4a00516c       0x30 board/sunxi/common/built-in.o
                0x4a00516c                PIO_REG_DATA
 .text.PIO_REG_CFG_VALUE
                0x4a00519c       0x38 board/sunxi/common/built-in.o
                0x4a00519c                PIO_REG_CFG_VALUE
 .text.PIO_REG_DATA_VALUE
                0x4a0051d4       0x30 board/sunxi/common/built-in.o
                0x4a0051d4                PIO_REG_DATA_VALUE
 .text.gpio_set_one_pin_io_status
                0x4a005204       0xc4 board/sunxi/common/built-in.o
                0x4a005204                gpio_set_one_pin_io_status
 .text.gpio_read_one_pin_value
                0x4a0052c8       0xb8 board/sunxi/common/built-in.o
                0x4a0052c8                gpio_read_one_pin_value
 .text.gpio_write_one_pin_value
                0x4a005380       0xdc board/sunxi/common/built-in.o
                0x4a005380                gpio_write_one_pin_value
 .text.gpio_request_early
                0x4a00545c      0x568 board/sunxi/common/built-in.o
                0x4a00545c                gpio_request_early
 .text.gpio_request
                0x4a0059c4      0x5bc board/sunxi/common/built-in.o
                0x4a0059c4                gpio_request
 .text.gpio_release
                0x4a005f80       0x30 board/sunxi/common/built-in.o
                0x4a005f80                gpio_release
 .text.fdt_get_all_pin
                0x4a005fb0      0x454 board/sunxi/common/built-in.o
                0x4a005fb0                fdt_get_all_pin
 .text.fdt_set_all_pin
                0x4a006404       0x88 board/sunxi/common/built-in.o
                0x4a006404                fdt_set_all_pin
 .text.fdt_set_all_pin_by_offset
                0x4a00648c       0x7c board/sunxi/common/built-in.o
                0x4a00648c                fdt_set_all_pin_by_offset
 .text.fdt_get_one_gpio_by_offset
                0x4a006508       0xa4 board/sunxi/common/built-in.o
                0x4a006508                fdt_get_one_gpio_by_offset
 .text.fdt_get_one_gpio
                0x4a0065ac       0xac board/sunxi/common/built-in.o
                0x4a0065ac                fdt_get_one_gpio
 .text._test_str_length
                0x4a006658       0x30 board/sunxi/common/built-in.o
                0x4a006658                _test_str_length
 .text.script_parser_init
                0x4a006688       0x20 board/sunxi/common/built-in.o
                0x4a006688                script_parser_init
 .text.script_parser_fetch
                0x4a0066a8      0x210 board/sunxi/common/built-in.o
                0x4a0066a8                script_parser_fetch
 .text.script_parser_offset
                0x4a0068b8       0xb8 board/sunxi/common/built-in.o
                0x4a0068b8                script_parser_offset
 .text.script_parser_fetch_by_offset
                0x4a006970      0x140 board/sunxi/common/built-in.o
                0x4a006970                script_parser_fetch_by_offset
 .text.script_parser_patch
                0x4a006ab0      0x214 board/sunxi/common/built-in.o
                0x4a006ab0                script_parser_patch
 .text.sunxi_partition_get_total_num
                0x4a006cc4       0x3c board/sunxi/common/built-in.o
                0x4a006cc4                sunxi_partition_get_total_num
 .text.sunxi_partition_get_name
                0x4a006d00       0x50 board/sunxi/common/built-in.o
                0x4a006d00                sunxi_partition_get_name
 .text.sunxi_partition_get_offset
                0x4a006d50       0x74 board/sunxi/common/built-in.o
                0x4a006d50                sunxi_partition_get_offset
 .text.sunxi_partition_get_size
                0x4a006dc4       0x74 board/sunxi/common/built-in.o
                0x4a006dc4                sunxi_partition_get_size
 .text.sunxi_partition_get_offset_byname
                0x4a006e38       0xa4 board/sunxi/common/built-in.o
                0x4a006e38                sunxi_partition_get_offset_byname
 .text.sunxi_partition_get_partno_byname
                0x4a006edc       0x78 board/sunxi/common/built-in.o
                0x4a006edc                sunxi_partition_get_partno_byname
 .text.sunxi_partition_get_size_byname
                0x4a006f54       0xa4 board/sunxi/common/built-in.o
                0x4a006f54                sunxi_partition_get_size_byname
 .text.sunxi_partition_init
                0x4a006ff8       0xf4 board/sunxi/common/built-in.o
                0x4a006ff8                sunxi_partition_init
 .text.sunxi_update_subsequent_processing
                0x4a0070ec       0x8c board/sunxi/common/built-in.o
                0x4a0070ec                sunxi_update_subsequent_processing
 .text.sunxi_fastboot_init
                0x4a007178      0x200 board/sunxi/common/built-in.o
                0x4a007178                sunxi_fastboot_init
 .text.respond_ir_boot_recovery_action
                0x4a007378       0x24 board/sunxi/common/built-in.o
                0x4a007378                respond_ir_boot_recovery_action
 .text.check_physical_key_early
                0x4a00739c      0x170 board/sunxi/common/built-in.o
                0x4a00739c                check_physical_key_early
 .text.update_bootcmd
                0x4a00750c      0x3e0 board/sunxi/common/built-in.o
                0x4a00750c                update_bootcmd
 .text.disable_node
                0x4a0078ec       0x68 board/sunxi/common/built-in.o
                0x4a0078ec                disable_node
 .text.update_fdt_para_for_kernel
                0x4a007954      0x504 board/sunxi/common/built-in.o
                0x4a007954                update_fdt_para_for_kernel
 .text.get_boot_work_mode
                0x4a007e58       0x10 board/sunxi/common/built-in.o
                0x4a007e58                get_boot_work_mode
 .text.get_boot_storage_type
                0x4a007e68       0x10 board/sunxi/common/built-in.o
                0x4a007e68                get_boot_storage_type
 .text.get_boot_dram_para_addr
                0x4a007e78        0xc board/sunxi/common/built-in.o
                0x4a007e78                get_boot_dram_para_addr
 .text.get_boot_dram_para_size
                0x4a007e84        0x8 board/sunxi/common/built-in.o
                0x4a007e84                get_boot_dram_para_size
 .text.get_boot_dram_update_flag
                0x4a007e8c       0x18 board/sunxi/common/built-in.o
                0x4a007e8c                get_boot_dram_update_flag
 .text.set_boot_dram_update_flag
                0x4a007ea4       0x10 board/sunxi/common/built-in.o
                0x4a007ea4                set_boot_dram_update_flag
 .text.get_debugmode_flag
                0x4a007eb4       0x60 board/sunxi/common/built-in.o
                0x4a007eb4                get_debugmode_flag
 .text.write_usb_recovery_to_misc
                0x4a007f14       0x9c board/sunxi/common/built-in.o
                0x4a007f14                write_usb_recovery_to_misc
 .text.respond_physical_key_action
                0x4a007fb0       0x4c board/sunxi/common/built-in.o
                0x4a007fb0                respond_physical_key_action
 .text.update_dram_para_for_ota
                0x4a007ffc       0x94 board/sunxi/common/built-in.o
                0x4a007ffc                update_dram_para_for_ota
 .text.board_late_init
                0x4a008090       0x48 board/sunxi/common/built-in.o
                0x4a008090                board_late_init
 .text.sunxi_led_init
                0x4a0080d8      0x108 board/sunxi/common/built-in.o
                0x4a0080d8                sunxi_led_init
 .text.sunxi_led_exit
                0x4a0081e0        0x4 board/sunxi/common/built-in.o
                0x4a0081e0                sunxi_led_exit
 .text.sunxi_str_replace
                0x4a0081e4      0x1c8 board/sunxi/common/built-in.o
                0x4a0081e4                sunxi_str_replace
 .text.power_limit_init
                0x4a0083ac       0x44 board/sunxi/common/built-in.o
                0x4a0083ac                power_limit_init
 .text.power_limit_for_vbus
                0x4a0083f0       0x84 board/sunxi/common/built-in.o
                0x4a0083f0                power_limit_for_vbus
 .text.EnterAndroidChargeMode
                0x4a008474       0x28 board/sunxi/common/built-in.o
 .text.EnterNormalBootMode
                0x4a00849c       0x20 board/sunxi/common/built-in.o
 .text.ProbePreSystemMode
                0x4a0084bc       0x4c board/sunxi/common/built-in.o
                0x4a0084bc                ProbePreSystemMode
 .text.PowerCheck
                0x4a008508      0x254 board/sunxi/common/built-in.o
                0x4a008508                PowerCheck
 .text.check_update_key
                0x4a00875c      0x1b8 board/sunxi/common/built-in.o
                0x4a00875c                check_update_key
 .text.check_uart_input
                0x4a008914       0x74 board/sunxi/common/built-in.o
                0x4a008914                check_uart_input
 .text.debug_mode_get
                0x4a008988        0x8 board/sunxi/common/built-in.o
                0x4a008988                debug_mode_get
 .text.debug_mode_set
                0x4a008990        0x8 board/sunxi/common/built-in.o
                0x4a008990                debug_mode_set
 .text.debug_mode_update_info
                0x4a008998        0x4 board/sunxi/common/built-in.o
                0x4a008998                debug_mode_update_info
 .text.do_efuse_read
                0x4a00899c       0xac board/sunxi/common/built-in.o
                0x4a00899c                do_efuse_read
 .text.sunxi_keydata_burn_by_usb
                0x4a008a48      0x1b8 board/sunxi/common/built-in.o
                0x4a008a48                sunxi_keydata_burn_by_usb
 .text.get_serial_num_from_chipid
                0x4a008c00       0x64 board/sunxi/common/built-in.o
                0x4a008c00                get_serial_num_from_chipid
 .text.sunxi_set_serial_num
                0x4a008c64       0x7c board/sunxi/common/built-in.o
                0x4a008c64                sunxi_set_serial_num
 .text.set_int_gate_onoff
                0x4a008ce0       0x6c board/sunxi/common/built-in.o
                0x4a008ce0                set_int_gate_onoff
 .text.set_int_mode
                0x4a008d4c       0x84 board/sunxi/common/built-in.o
                0x4a008d4c                set_int_mode
 .text.clean_int_pending
                0x4a008dd0       0x5c board/sunxi/common/built-in.o
                0x4a008dd0                clean_int_pending
 .text.standby_led_control
                0x4a008e2c       0xcc board/sunxi/common/built-in.o
                0x4a008e2c                standby_led_control
 .text.init_standby_wakeup_src
                0x4a008ef8      0x118 board/sunxi/common/built-in.o
                0x4a008ef8                init_standby_wakeup_src
 .text.sunxi_arisc_standby
                0x4a009010       0x14 board/sunxi/common/built-in.o
                0x4a009010                sunxi_arisc_standby
 .text.do_box_standby
                0x4a009024      0x180 board/sunxi/common/built-in.o
                0x4a009024                do_box_standby
 .text.disp_getprop_by_name
                0x4a0091a4       0xbc board/sunxi/common/built-in.o
 .text.board_display_update_para_for_kernel
                0x4a009260       0xa4 board/sunxi/common/built-in.o
 .text.board_display_wait_lcd_open
                0x4a009304       0x64 board/sunxi/common/built-in.o
                0x4a009304                board_display_wait_lcd_open
 .text.board_display_wait_lcd_close
                0x4a009368       0x64 board/sunxi/common/built-in.o
                0x4a009368                board_display_wait_lcd_close
 .text.board_display_set_exit_mode
                0x4a0093cc       0x5c board/sunxi/common/built-in.o
                0x4a0093cc                board_display_set_exit_mode
 .text.board_display_layer_open
                0x4a009428       0x58 board/sunxi/common/built-in.o
                0x4a009428                board_display_layer_open
 .text.board_display_layer_para_set
                0x4a009480       0x48 board/sunxi/common/built-in.o
                0x4a009480                board_display_layer_para_set
 .text.board_display_show_until_lcd_open
                0x4a0094c8       0x38 board/sunxi/common/built-in.o
                0x4a0094c8                board_display_show_until_lcd_open
 .text.board_display_show
                0x4a009500       0x14 board/sunxi/common/built-in.o
                0x4a009500                board_display_show
 .text.board_display_framebuffer_set
                0x4a009514      0x1e4 board/sunxi/common/built-in.o
                0x4a009514                board_display_framebuffer_set
 .text.save_disp_cmd
                0x4a0096f8       0x14 board/sunxi/common/built-in.o
                0x4a0096f8                save_disp_cmd
 .text.set_interest_region
                0x4a00970c       0x84 board/sunxi/common/built-in.o
 .text.fb_init  0x4a009790      0x2e0 board/sunxi/common/built-in.o
                0x4a009790                fb_init
 .text.fb_lock  0x4a009a70       0x7c board/sunxi/common/built-in.o
                0x4a009a70                fb_lock
 .text.fb_unlock
                0x4a009aec       0xa0 board/sunxi/common/built-in.o
                0x4a009aec                fb_unlock
 .text.fb_save_para
                0x4a009b8c      0x110 board/sunxi/common/built-in.o
                0x4a009b8c                fb_save_para
 .text.do_nothing
                0x4a009c9c        0x8 board/sunxi/common/built-in.o
 .text.get_canvas_utils
                0x4a009ca4       0x28 board/sunxi/common/built-in.o
                0x4a009ca4                get_canvas_utils
 .text.disp_devices_open
                0x4a009ccc       0x9c board/sunxi/common/built-in.o
                0x4a009ccc                disp_devices_open
 .text.hdmi_verify_mode
                0x4a009d68      0x288 board/sunxi/common/built-in.o
                0x4a009d68                hdmi_verify_mode
 .text._show_layer_on_dev
                0x4a009ff0       0xc8 board/sunxi/common/built-in.o
 .text.get_disp_fdt_node
                0x4a00a0b8       0x38 board/sunxi/common/built-in.o
 .text.hal_save_int_to_kernel
                0x4a00a0f0       0x70 board/sunxi/common/built-in.o
                0x4a00a0f0                hal_save_int_to_kernel
 .text.hal_save_string_to_kernel
                0x4a00a160       0x74 board/sunxi/common/built-in.o
                0x4a00a160                hal_save_string_to_kernel
 .text.hal_fat_fsload
                0x4a00a1d4        0x4 board/sunxi/common/built-in.o
                0x4a00a1d4                hal_fat_fsload
 .text.hal_get_mode_check
                0x4a00a1d8       0x30 board/sunxi/common/built-in.o
                0x4a00a1d8                hal_get_mode_check
 .text.hal_switch_device
                0x4a00a208      0x190 board/sunxi/common/built-in.o
                0x4a00a208                hal_switch_device
 .text.hal_get_hpd_state
                0x4a00a398       0x5c board/sunxi/common/built-in.o
                0x4a00a398                hal_get_hpd_state
 .text.hal_get_disp_devices
                0x4a00a3f4      0x380 board/sunxi/common/built-in.o
                0x4a00a3f4                hal_get_disp_devices
 .text.hal_is_support_mode
                0x4a00a774       0x4c board/sunxi/common/built-in.o
                0x4a00a774                hal_is_support_mode
 .text.hal_get_hdmi_edid
                0x4a00a7c0       0x64 board/sunxi/common/built-in.o
                0x4a00a7c0                hal_get_hdmi_edid
 .text.hal_get_fb_configs
                0x4a00a824       0xf8 board/sunxi/common/built-in.o
                0x4a00a824                hal_get_fb_configs
 .text.hal_request_layer
                0x4a00a91c       0xb4 board/sunxi/common/built-in.o
                0x4a00a91c                hal_request_layer
 .text.hal_show_layer
                0x4a00a9d0       0x58 board/sunxi/common/built-in.o
                0x4a00a9d0                hal_show_layer
 .text.hal_set_layer_geometry
                0x4a00aa28       0xb0 board/sunxi/common/built-in.o
                0x4a00aa28                hal_set_layer_geometry
 .text.hal_set_layer_addr
                0x4a00aad8       0x3c board/sunxi/common/built-in.o
                0x4a00aad8                hal_set_layer_addr
 .text.enable_smp
                0x4a00ab14       0x14 board/sunxi/sun50iw2p1/built-in.o
                0x4a00ab14                enable_smp
 .text.board_init
                0x4a00ab28       0x20 board/sunxi/sun50iw2p1/built-in.o
                0x4a00ab28                board_init
 .text.dram_init_banksize
                0x4a00ab48       0x1c board/sunxi/sun50iw2p1/built-in.o
                0x4a00ab48                dram_init_banksize
 .text.dram_init
                0x4a00ab64       0x70 board/sunxi/sun50iw2p1/built-in.o
                0x4a00ab64                dram_init
 .text.board_mmc_init
                0x4a00abd4       0x14 board/sunxi/sun50iw2p1/built-in.o
                0x4a00abd4                board_mmc_init
 .text.board_mmc_pre_init
                0x4a00abe8       0x14 board/sunxi/sun50iw2p1/built-in.o
                0x4a00abe8                board_mmc_pre_init
 .text.board_mmc_set_num
                0x4a00abfc        0x8 board/sunxi/sun50iw2p1/built-in.o
                0x4a00abfc                board_mmc_set_num
 .text.platform_axp_probe
                0x4a00ac04       0x54 board/sunxi/sun50iw2p1/built-in.o
                0x4a00ac04                platform_axp_probe
 .text.__show_boot_progress
                0x4a00ac58        0x4 common/built-in.o
                0x4a00ac58                __show_boot_progress
                0x4a00ac58                show_boot_progress
 .text.main_loop
                0x4a00ac5c       0x44 common/built-in.o
                0x4a00ac5c                main_loop
 .text.find_cmd_tbl
                0x4a00aca0       0x9c common/built-in.o
                0x4a00aca0                find_cmd_tbl
 .text.find_cmd
                0x4a00ad3c       0x28 common/built-in.o
                0x4a00ad3c                find_cmd
 .text.cmd_usage
                0x4a00ad64       0x5c common/built-in.o
                0x4a00ad64                cmd_usage
 .text._do_help
                0x4a00adc0      0x188 common/built-in.o
                0x4a00adc0                _do_help
 .text.var_complete
                0x4a00af48       0x84 common/built-in.o
                0x4a00af48                var_complete
 .text.cmd_auto_complete
                0x4a00afcc      0x480 common/built-in.o
                0x4a00afcc                cmd_auto_complete
 .text.cmd_get_data_size
                0x4a00b44c       0x50 common/built-in.o
                0x4a00b44c                cmd_get_data_size
 .text.cmd_process
                0x4a00b49c       0xec common/built-in.o
                0x4a00b49c                cmd_process
 .text.dummy    0x4a00b588        0x4 common/built-in.o
 .text.get_version
                0x4a00b58c        0x8 common/built-in.o
                0x4a00b58c                get_version
 .text.jumptable_init
                0x4a00b594      0x190 common/built-in.o
                0x4a00b594                jumptable_init
 .text.hash_command
                0x4a00b724       0xa0 common/built-in.o
                0x4a00b724                hash_command
 .text.b_reset  0x4a00b7c4       0x1c common/built-in.o
 .text.static_get
                0x4a00b7e0       0x1c common/built-in.o
 .text.static_peek
                0x4a00b7fc        0xc common/built-in.o
 .text.file_peek
                0x4a00b808        0xc common/built-in.o
 .text.mapset   0x4a00b814       0x20 common/built-in.o
 .text.syntax_err
                0x4a00b834        0xc common/built-in.o
 .text.do_showvar
                0x4a00b840       0xf0 common/built-in.o
 .text.free_pipe_list
                0x4a00b930       0xe8 common/built-in.o
 .text.b_addchr
                0x4a00ba18       0x78 common/built-in.o
 .text.b_addqchr
                0x4a00ba90       0x4c common/built-in.o
 .text.is_assignment.part.0
                0x4a00badc       0x30 common/built-in.o
 .text.xmalloc  0x4a00bb0c       0x20 common/built-in.o
 .text.new_pipe
                0x4a00bb2c       0x28 common/built-in.o
 .text.file_get
                0x4a00bb54      0x1c4 common/built-in.o
 .text.xrealloc
                0x4a00bd18       0x20 common/built-in.o
 .text.done_command
                0x4a00bd38       0x8c common/built-in.o
 .text.done_pipe
                0x4a00bdc4       0x48 common/built-in.o
 .text.done_word
                0x4a00be0c      0x2cc common/built-in.o
 .text.get_local_var
                0x4a00c0d8       0x94 common/built-in.o
                0x4a00c0d8                get_local_var
 .text.set_local_var
                0x4a00c16c      0x1bc common/built-in.o
                0x4a00c16c                set_local_var
 .text.insert_var_value_sub
                0x4a00c328      0x2c0 common/built-in.o
 .text.parse_string_outer
                0x4a00c5e8       0xf0 common/built-in.o
                0x4a00c5e8                parse_string_outer
 .text.run_list_real
                0x4a00c6d8      0x87c common/built-in.o
 .text.parse_stream_outer
                0x4a00cf54      0x6e8 common/built-in.o
 .text.parse_file_outer
                0x4a00d63c       0x44 common/built-in.o
                0x4a00d63c                parse_file_outer
 .text.u_boot_hush_start
                0x4a00d680       0x54 common/built-in.o
                0x4a00d680                u_boot_hush_start
 .text.run_command
                0x4a00d6d4        0x8 common/built-in.o
                0x4a00d6d4                run_command
 .text.run_command_list
                0x4a00d6dc       0x5c common/built-in.o
                0x4a00d6dc                run_command_list
 .text.do_run   0x4a00d738       0x78 common/built-in.o
                0x4a00d738                do_run
 .text.cli_process_fdt
                0x4a00d7b0       0x40 common/built-in.o
                0x4a00d7b0                cli_process_fdt
 .text.cli_secure_boot_cmd
                0x4a00d7f0       0x78 common/built-in.o
                0x4a00d7f0                cli_secure_boot_cmd
 .text.cli_loop
                0x4a00d868        0xc common/built-in.o
                0x4a00d868                cli_loop
 .text.cli_init
                0x4a00d874        0x4 common/built-in.o
                0x4a00d874                cli_init
 .text.delete_char.part.0
                0x4a00d878       0xd4 common/built-in.o
 .text.cread_add_char
                0x4a00d94c       0xec common/built-in.o
 .text.cli_readline_into_buffer
                0x4a00da38      0x9b0 common/built-in.o
                0x4a00da38                cli_readline_into_buffer
 .text.cli_readline
                0x4a00e3e8       0x14 common/built-in.o
                0x4a00e3e8                cli_readline
 .text.bootdelay_process
                0x4a00e3fc       0xbc common/built-in.o
                0x4a00e3fc                bootdelay_process
 .text.autoboot_command
                0x4a00e4b8       0xd4 common/built-in.o
                0x4a00e4b8                autoboot_command
 .text.print_cpuinfo
                0x4a00e58c        0x8 common/built-in.o
 .text.trace_early_init
                0x4a00e594        0x8 common/built-in.o
 .text.setup_mon_len
                0x4a00e59c       0x24 common/built-in.o
 .text.arch_cpu_init
                0x4a00e5c0        0x8 common/built-in.o
                0x4a00e5c0                arch_cpu_init
 .text.reserve_round_4k
                0x4a00e5c8       0x18 common/built-in.o
 .text.reserve_mmu
                0x4a00e5e0       0x38 common/built-in.o
 .text.reserve_trace
                0x4a00e618        0x8 common/built-in.o
 .text.reserve_uboot
                0x4a00e620       0x30 common/built-in.o
 .text.reserve_malloc
                0x4a00e650       0x2c common/built-in.o
 .text.setup_machine
                0x4a00e67c       0x14 common/built-in.o
 .text.reserve_global_data
                0x4a00e690       0x1c common/built-in.o
 .text.reserve_sysconfig
                0x4a00e6ac       0x44 common/built-in.o
 .text.reserve_stacks
                0x4a00e6f0       0x4c common/built-in.o
 .text.display_new_sp
                0x4a00e73c        0x8 common/built-in.o
 .text.setup_dram_config
                0x4a00e744       0x10 common/built-in.o
 .text.reloc_sysconfig
                0x4a00e754       0x2c common/built-in.o
 .text.setup_reloc
                0x4a00e780       0x38 common/built-in.o
 .text.reloc_fdt
                0x4a00e7b8       0x40 common/built-in.o
 .text.display_text_info
                0x4a00e7f8       0x20 common/built-in.o
 .text.reserve_fdt
                0x4a00e818       0x80 common/built-in.o
 .text.reserve_board
                0x4a00e898       0x30 common/built-in.o
 .text.announce_dram_init
                0x4a00e8c8       0x18 common/built-in.o
 .text.init_func_pmubus
                0x4a00e8e0       0x30 common/built-in.o
 .text.init_baud_rate
                0x4a00e910       0x2c common/built-in.o
 .text.mark_bootstage
                0x4a00e93c       0x14 common/built-in.o
 .text.setup_fdt
                0x4a00e950       0x4c common/built-in.o
 .text.__coloured_LED_init
                0x4a00e99c        0x4 common/built-in.o
                0x4a00e99c                __coloured_LED_init
                0x4a00e99c                coloured_LED_init
 .text.__red_led_on
                0x4a00e9a0        0x4 common/built-in.o
                0x4a00e9a0                red_led_on
                0x4a00e9a0                __red_led_on
 .text.board_get_usable_ram_top
                0x4a00e9a4        0x8 common/built-in.o
                0x4a00e9a4                board_get_usable_ram_top
 .text.setup_dest_addr
                0x4a00e9ac       0x40 common/built-in.o
 .text.board_init_f
                0x4a00e9ec       0x54 common/built-in.o
                0x4a00e9ec                board_init_f
 .text.bootstage_relocate
                0x4a00ea40        0x8 common/built-in.o
 .text.initr_secondary_cpu
                0x4a00ea48       0x10 common/built-in.o
 .text.initr_trace
                0x4a00ea58        0x8 common/built-in.o
 .text.initr_reloc_global_data
                0x4a00ea60       0x28 common/built-in.o
 .text.initr_announce
                0x4a00ea88        0x8 common/built-in.o
 .text.usb_net_init
                0x4a00ea90        0x8 common/built-in.o
 .text.show_platform_info
                0x4a00ea98        0x8 common/built-in.o
                0x4a00ea98                show_platform_info
 .text.run_main_loop
                0x4a00eaa0       0x18 common/built-in.o
 .text.initr_sunxi_base
                0x4a00eab8       0x10 common/built-in.o
 .text.initr_env
                0x4a00eac8       0x54 common/built-in.o
 .text.sunxi_prepare_hdcpkey
                0x4a00eb1c      0x100 common/built-in.o
 .text.sunxi_burn_key
                0x4a00ec1c       0x10 common/built-in.o
 .text.initr_sunxi_flash
                0x4a00ec2c       0x24 common/built-in.o
 .text.platform_dma_init
                0x4a00ec50       0x10 common/built-in.o
 .text.initr_enable_interrupts
                0x4a00ec60       0x10 common/built-in.o
 .text.initr_jumptable
                0x4a00ec70       0x10 common/built-in.o
 .text.initr_malloc
                0x4a00ec80       0x30 common/built-in.o
 .text.initr_serial
                0x4a00ecb0       0x10 common/built-in.o
 .text.initr_caches
                0x4a00ecc0       0x10 common/built-in.o
 .text.initr_reloc
                0x4a00ecd0       0x28 common/built-in.o
 .text.power_init_board
                0x4a00ecf8       0x10 common/built-in.o
                0x4a00ecf8                power_init_board
 .text.initr_sunxi_display
                0x4a00ed08       0x54 common/built-in.o
 .text.__cpu_secondary_init_r
                0x4a00ed5c        0x4 common/built-in.o
                0x4a00ed5c                cpu_secondary_init_r
                0x4a00ed5c                __cpu_secondary_init_r
 .text.intr_vector_fix
                0x4a00ed60       0xa8 common/built-in.o
                0x4a00ed60                intr_vector_fix
 .text.board_init_r
                0x4a00ee08       0x1c common/built-in.o
                0x4a00ee08                board_init_r
 .text.do_go_exec
                0x4a00ee24       0x18 common/built-in.o
                0x4a00ee24                do_go_exec
 .text.do_go    0x4a00ee3c       0x6c common/built-in.o
                0x4a00ee3c                do_go
 .text.do_bootd
                0x4a00eea8       0x20 common/built-in.o
                0x4a00eea8                do_bootd
 .text.do_bootm
                0x4a00eec8       0xf8 common/built-in.o
                0x4a00eec8                do_bootm
 .text.bootm_find_ramdisk_fdt
                0x4a00efc0       0x88 common/built-in.o
                0x4a00efc0                bootm_find_ramdisk_fdt
 .text.do_bootm_states
                0x4a00f048      0x79c common/built-in.o
                0x4a00f048                do_bootm_states
 .text.copy_args
                0x4a00f7e4       0x4c common/built-in.o
 .text.do_bootm_rtems
                0x4a00f830       0x40 common/built-in.o
 .text.do_bootm_plan9
                0x4a00f870       0xa4 common/built-in.o
 .text.do_bootm_standalone
                0x4a00f914       0x64 common/built-in.o
 .text.do_bootm_qnxelf
                0x4a00f978       0x5c common/built-in.o
 .text.do_bootm_netbsd
                0x4a00f9d4       0xf4 common/built-in.o
 .text.do_bootvx_fdt
                0x4a00fac8      0x104 common/built-in.o
                0x4a00fac8                do_bootvx_fdt
 .text.do_bootm_vxworks
                0x4a00fbcc       0x24 common/built-in.o
 .text.__arch_preboot_os
                0x4a00fbf0        0x4 common/built-in.o
                0x4a00fbf0                arch_preboot_os
 .text.boot_selected_os
                0x4a00fbf4       0x58 common/built-in.o
                0x4a00fbf4                boot_selected_os
 .text.bootm_os_get_boot_func
                0x4a00fc4c       0x10 common/built-in.o
                0x4a00fc4c                bootm_os_get_boot_func
 .text.do_help  0x4a00fc5c       0x44 common/built-in.o
 .text.do_version
                0x4a00fca0       0x38 common/built-in.o
 .text.do_efex_test
                0x4a00fcd8       0x3c common/built-in.o
                0x4a00fcd8                do_efex_test
 .text.do_mass_test
                0x4a00fd14       0x3c common/built-in.o
                0x4a00fd14                do_mass_test
 .text.do_fastboot_test
                0x4a00fd50       0x3c common/built-in.o
                0x4a00fd50                do_fastboot_test
 .text.do_sprite_test
                0x4a00fd8c      0x104 common/built-in.o
                0x4a00fd8c                do_sprite_test
 .text.timer1_test_func
                0x4a00fe90       0x30 common/built-in.o
 .text.timer0_test_func
                0x4a00fec0       0x30 common/built-in.o
 .text.do_delay_test
                0x4a00fef0       0x50 common/built-in.o
                0x4a00fef0                do_delay_test
 .text.do_timer_test1
                0x4a00ff40       0x84 common/built-in.o
                0x4a00ff40                do_timer_test1
 .text.do_timer_test
                0x4a00ffc4       0x84 common/built-in.o
                0x4a00ffc4                do_timer_test
 .text.do_efex  0x4a010048       0x1c common/built-in.o
                0x4a010048                do_efex
 .text.do_shutdown
                0x4a010064        0x4 common/built-in.o
                0x4a010064                do_shutdown
 .text.memtester_pagesize
                0x4a010068       0x18 common/built-in.o
                0x4a010068                memtester_pagesize
 .text.usage    0x4a010080       0x10 common/built-in.o
                0x4a010080                usage
 .text.do_memtester
                0x4a010090      0x310 common/built-in.o
 .text.do_sunxi_bmp_info
                0x4a0103a0      0x198 common/built-in.o
 .text.fat_read_file_ex.constprop.1
                0x4a010538      0x114 common/built-in.o
 .text.show_bmp_on_fb
                0x4a01064c      0x2f8 common/built-in.o
                0x4a01064c                show_bmp_on_fb
 .text.sunxi_bmp_decode
                0x4a010944      0x298 common/built-in.o
                0x4a010944                sunxi_bmp_decode
 .text.do_sunxi_bmp_display
                0x4a010bdc      0x1ac common/built-in.o
 .text.sunxi_advert_display
                0x4a010d88      0x164 common/built-in.o
                0x4a010d88                sunxi_advert_display
 .text.sunxi_bmp_display
                0x4a010eec      0x104 common/built-in.o
                0x4a010eec                sunxi_bmp_display
 .text.do_sunxi_logo
                0x4a010ff0        0xc common/built-in.o
                0x4a010ff0                do_sunxi_logo
 .text.do_read_from_boot
                0x4a010ffc       0xc0 common/built-in.o
                0x4a010ffc                do_read_from_boot
 .text.do_probe_secure_storage
                0x4a0110bc      0x174 common/built-in.o
                0x4a0110bc                do_probe_secure_storage
 .text.probe_usb_overtime
                0x4a011230       0x30 common/built-in.o
 .text.do_burn_from_boot
                0x4a011260      0x20c common/built-in.o
                0x4a011260                do_burn_from_boot
 .text.reverse_strstr.part.0
                0x4a01146c       0x50 common/built-in.o
 .text.env_attr_walk
                0x4a0114bc      0x10c common/built-in.o
                0x4a0114bc                env_attr_walk
 .text.env_attr_lookup
                0x4a0115c8      0x144 common/built-in.o
                0x4a0115c8                env_attr_lookup
 .text.clear_callback
                0x4a01170c       0x10 common/built-in.o
 .text.on_callbacks
                0x4a01171c       0x48 common/built-in.o
 .text.find_env_callback
                0x4a011764       0x64 common/built-in.o
 .text.set_callback
                0x4a0117c8       0x94 common/built-in.o
 .text.env_callback_init
                0x4a01185c       0xc0 common/built-in.o
                0x4a01185c                env_callback_init
 .text.clear_flags
                0x4a01191c       0x10 common/built-in.o
 .text.on_flags
                0x4a01192c       0x48 common/built-in.o
 .text.skip_num.constprop.0
                0x4a011974       0x70 common/built-in.o
 .text.env_flags_parse_vartype
                0x4a0119e4       0x4c common/built-in.o
                0x4a0119e4                env_flags_parse_vartype
 .text.env_flags_parse_varaccess
                0x4a011a30       0x54 common/built-in.o
                0x4a011a30                env_flags_parse_varaccess
 .text.set_flags
                0x4a011a84       0xac common/built-in.o
 .text.env_flags_init
                0x4a011b30       0xd0 common/built-in.o
                0x4a011b30                env_flags_init
 .text.env_flags_validate
                0x4a011c00      0x214 common/built-in.o
                0x4a011c00                env_flags_validate
 .text.flash_env_relocate_spec
                0x4a011e14       0xec common/built-in.o
 .text.env_get_char_spec
                0x4a011f00        0xc common/built-in.o
                0x4a011f00                env_get_char_spec
 .text.env_init
                0x4a011f0c       0x1c common/built-in.o
                0x4a011f0c                env_init
 .text.saveenv  0x4a011f28       0x84 common/built-in.o
                0x4a011f28                saveenv
 .text.env_relocate_spec
                0x4a011fac       0x10 common/built-in.o
                0x4a011fac                env_relocate_spec
 .text.do_echo  0x4a011fbc       0xc0 common/built-in.o
 .text.load_elf_image_shdr
                0x4a01207c       0x90 common/built-in.o
 .text.do_bootelf_exec
                0x4a01210c       0x44 common/built-in.o
                0x4a01210c                do_bootelf_exec
 .text.valid_elf_image
                0x4a012150       0x4c common/built-in.o
                0x4a012150                valid_elf_image
 .text.do_bootvx
                0x4a01219c      0x254 common/built-in.o
                0x4a01219c                do_bootvx
 .text.do_bootelf
                0x4a0123f0      0x154 common/built-in.o
                0x4a0123f0                do_bootelf
 .text.do_exit  0x4a012544       0x30 common/built-in.o
 .text.do_fat_ls
                0x4a012574       0x14 common/built-in.o
 .text.do_aw_fat_fsload
                0x4a012588       0x14 common/built-in.o
                0x4a012588                do_aw_fat_fsload
 .text.do_fat_fsload
                0x4a01259c       0x14 common/built-in.o
                0x4a01259c                do_fat_fsload
 .text.do_fat_fsinfo
                0x4a0125b0       0x90 common/built-in.o
 .text.aw_fat_fsload
                0x4a012640      0x14c common/built-in.o
                0x4a012640                aw_fat_fsload
 .text.get_cells_len
                0x4a01278c       0x3c common/built-in.o
 .text.fdt_find_or_add_subnode.constprop.6
                0x4a0127c8       0x6c common/built-in.o
 .text.set_working_fdt_addr
                0x4a012834       0x1c common/built-in.o
                0x4a012834                set_working_fdt_addr
 .text.fdt_getprop_u32
                0x4a012850       0x88 common/built-in.o
                0x4a012850                fdt_getprop_u32
 .text.fdt_getprop_u64
                0x4a0128d8       0xa4 common/built-in.o
                0x4a0128d8                fdt_getprop_u64
 .text.fdt_getprop_string
                0x4a01297c       0x2c common/built-in.o
                0x4a01297c                fdt_getprop_string
 .text.fdt_find_and_setprop
                0x4a0129a8       0x70 common/built-in.o
                0x4a0129a8                fdt_find_and_setprop
 .text.fdt_initrd
                0x4a012a18      0x1e4 common/built-in.o
                0x4a012a18                fdt_initrd
 .text.fdt_chosen
                0x4a012bfc       0xa0 common/built-in.o
                0x4a012bfc                fdt_chosen
 .text.do_fixup_by_path
                0x4a012c9c       0x54 common/built-in.o
                0x4a012c9c                do_fixup_by_path
 .text.fdt_fixup_memory_banks
                0x4a012cf0      0x1cc common/built-in.o
                0x4a012cf0                fdt_fixup_memory_banks
 .text.fdt_fixup_memory
                0x4a012ebc       0x20 common/built-in.o
                0x4a012ebc                fdt_fixup_memory
 .text.fdt_fixup_ethernet
                0x4a012edc      0x158 common/built-in.o
                0x4a012edc                fdt_fixup_ethernet
 .text.fdt_resize
                0x4a013034       0xd0 common/built-in.o
                0x4a013034                fdt_resize
 .text.fdt_set_node_status
                0x4a013104      0x10c common/built-in.o
                0x4a013104                fdt_set_node_status
 .text.do_fdt_test
                0x4a013210      0x390 common/built-in.o
 .text.fdt_valid
                0x4a0135a0       0xc4 common/built-in.o
 .text.is_printable_string
                0x4a013664       0x98 common/built-in.o
 .text.print_data
                0x4a0136fc      0x174 common/built-in.o
 .text.save_fdt_to_flash
                0x4a013870       0x38 common/built-in.o
                0x4a013870                save_fdt_to_flash
 .text.do_fdt   0x4a0138a8      0xf5c common/built-in.o
 .text.do_interrupts
                0x4a014804       0x44 common/built-in.o
 .text.do_memcpy_test
                0x4a014848       0x34 common/built-in.o
                0x4a014848                do_memcpy_test
 .text.do_mem_loop
                0x4a01487c      0x104 common/built-in.o
 .text.do_mem_mw
                0x4a014980       0xb8 common/built-in.o
 .text.do_mem_base
                0x4a014a38       0x40 common/built-in.o
 .text.do_mem_cmp
                0x4a014a78      0x160 common/built-in.o
 .text.do_mem_crc
                0x4a014bd8       0x44 common/built-in.o
 .text.do_mem_cp
                0x4a014c1c       0xdc common/built-in.o
 .text.do_mem_md
                0x4a014cf8       0xe4 common/built-in.o
 .text.mod_mem.isra.2
                0x4a014ddc      0x15c common/built-in.o
 .text.do_mem_nm
                0x4a014f38        0x8 common/built-in.o
 .text.do_mem_mm
                0x4a014f40        0x8 common/built-in.o
 .text.do_mmcops
                0x4a014f48       0xb8 common/built-in.o
 .text.do_mmc_list
                0x4a015000       0x14 common/built-in.o
 .text.init_mmc_device
                0x4a015014       0x50 common/built-in.o
 .text.do_mmc_rescan
                0x4a015064       0x24 common/built-in.o
 .text.do_mmcinfo
                0x4a015088      0x16c common/built-in.o
 .text.do_mmc_dev
                0x4a0151f4       0xec common/built-in.o
 .text.do_mmc_part
                0x4a0152e0       0x64 common/built-in.o
 .text.do_mmc_erase
                0x4a015344       0xec common/built-in.o
 .text.do_mmc_write
                0x4a015430      0x104 common/built-in.o
 .text.do_mmc_read
                0x4a015534       0xe8 common/built-in.o
 .text.do_mmc_setdsr
                0x4a01561c       0xa8 common/built-in.o
 .text.do_card0_probe
                0x4a0156c4       0x94 common/built-in.o
                0x4a0156c4                do_card0_probe
 .text.do_false
                0x4a015758        0x8 common/built-in.o
 .text.do_true  0x4a015760        0x8 common/built-in.o
 .text.do_test  0x4a015768      0x330 common/built-in.o
 .text.sunxi_verify_rotpk_hash
                0x4a015a98      0x234 common/built-in.o
                0x4a015a98                sunxi_verify_rotpk_hash
 .text.do_rotpk_test
                0x4a015ccc       0x2c common/built-in.o
                0x4a015ccc                do_rotpk_test
 .text.do_fastboot
                0x4a015cf8       0x38 common/built-in.o
 .text.do_env_delete
                0x4a015d30       0xa8 common/built-in.o
 .text.env_print
                0x4a015dd8       0xc8 common/built-in.o
 .text.do_env_print
                0x4a015ea0       0xc4 common/built-in.o
 .text.do_env   0x4a015f64       0x60 common/built-in.o
 .text.do_env_import
                0x4a015fc4      0x270 common/built-in.o
 .text.do_env_default
                0x4a016234       0xb4 common/built-in.o
 .text.do_env_save
                0x4a0162e8       0x2c common/built-in.o
 .text._do_env_set.isra.1
                0x4a016314      0x1d8 common/built-in.o
 .text.do_env_set
                0x4a0164ec       0x1c common/built-in.o
 .text.setenv   0x4a016508       0x58 common/built-in.o
                0x4a016508                setenv
 .text.setenv_ulong
                0x4a016560       0x20 common/built-in.o
                0x4a016560                setenv_ulong
 .text.setenv_hex
                0x4a016580       0x34 common/built-in.o
                0x4a016580                setenv_hex
 .text.do_env_export
                0x4a0165b4      0x26c common/built-in.o
 .text.envmatch
                0x4a016820       0x6c common/built-in.o
                0x4a016820                envmatch
 .text.getenv_f
                0x4a01688c       0xbc common/built-in.o
                0x4a01688c                getenv_f
 .text.getenv   0x4a016948       0x78 common/built-in.o
                0x4a016948                getenv
 .text.getenv_ulong
                0x4a0169c0       0x30 common/built-in.o
                0x4a0169c0                getenv_ulong
 .text.getenv_hex
                0x4a0169f0       0x34 common/built-in.o
                0x4a0169f0                getenv_hex
 .text.env_get_addr
                0x4a016a24       0x24 common/built-in.o
                0x4a016a24                env_get_addr
 .text.env_get_char_memory
                0x4a016a48       0x10 common/built-in.o
                0x4a016a48                env_get_char_memory
 .text.env_get_char
                0x4a016a58       0x30 common/built-in.o
                0x4a016a58                env_get_char
 .text.getenv_yesno
                0x4a016a88       0x54 common/built-in.o
                0x4a016a88                getenv_yesno
 .text.getenv_default
                0x4a016adc       0x30 common/built-in.o
                0x4a016adc                getenv_default
 .text.set_default_env
                0x4a016b0c       0xb8 common/built-in.o
                0x4a016b0c                set_default_env
 .text.set_default_vars
                0x4a016bc4       0x34 common/built-in.o
                0x4a016bc4                set_default_vars
 .text.env_import
                0x4a016bf8       0xdc common/built-in.o
                0x4a016bf8                env_import
 .text.env_export
                0x4a016cd4       0xa4 common/built-in.o
                0x4a016cd4                env_export
 .text.env_relocate
                0x4a016d78       0x30 common/built-in.o
                0x4a016d78                env_relocate
 .text.env_complete
                0x4a016da8       0xe4 common/built-in.o
                0x4a016da8                env_complete
 .text.console_setfile
                0x4a016e8c       0xa4 common/built-in.o
 .text.fgetc    0x4a016f30       0x2c common/built-in.o
                0x4a016f30                fgetc
 .text.ftstc    0x4a016f5c       0x2c common/built-in.o
                0x4a016f5c                ftstc
 .text.fputc    0x4a016f88       0x28 common/built-in.o
                0x4a016f88                fputc
 .text.fputs    0x4a016fb0       0x28 common/built-in.o
                0x4a016fb0                fputs
 .text.fprintf  0x4a016fd8       0x48 common/built-in.o
                0x4a016fd8                fprintf
 .text.getc     0x4a017020       0x24 common/built-in.o
                0x4a017020                getc
 .text.tstc     0x4a017044       0x24 common/built-in.o
                0x4a017044                tstc
 .text.putc     0x4a017068       0x28 common/built-in.o
                0x4a017068                putc
 .text.puts     0x4a017090       0x28 common/built-in.o
                0x4a017090                puts
 .text.printf   0x4a0170b8       0x58 common/built-in.o
                0x4a0170b8                printf
 .text.tick_printf
                0x4a017110       0x94 common/built-in.o
                0x4a017110                tick_printf
 .text.sunxi_tick_printf
                0x4a0171a4       0x88 common/built-in.o
                0x4a0171a4                sunxi_tick_printf
 .text.vprintf  0x4a01722c       0x40 common/built-in.o
                0x4a01722c                vprintf
 .text.ctrlc    0x4a01726c       0x54 common/built-in.o
                0x4a01726c                ctrlc
 .text.disable_ctrlc
                0x4a0172c0       0x18 common/built-in.o
                0x4a0172c0                disable_ctrlc
 .text.had_ctrlc
                0x4a0172d8       0x10 common/built-in.o
                0x4a0172d8                had_ctrlc
 .text.clear_ctrlc
                0x4a0172e8       0x14 common/built-in.o
                0x4a0172e8                clear_ctrlc
 .text.search_device
                0x4a0172fc       0x28 common/built-in.o
                0x4a0172fc                search_device
 .text.console_assign
                0x4a017324       0x40 common/built-in.o
                0x4a017324                console_assign
 .text.on_console
                0x4a017364       0xc4 common/built-in.o
 .text.console_init_f
                0x4a017428       0x10 common/built-in.o
                0x4a017428                console_init_f
 .text.stdio_print_current_devices
                0x4a017438       0xb4 common/built-in.o
                0x4a017438                stdio_print_current_devices
 .text.console_init_r
                0x4a0174ec       0xe0 common/built-in.o
                0x4a0174ec                console_init_r
 .text.sbrk     0x4a0175cc       0x6c common/built-in.o
                0x4a0175cc                sbrk
 .text.mem_malloc_init
                0x4a017638       0x34 common/built-in.o
                0x4a017638                mem_malloc_init
 .text.malloc_trim
                0x4a01766c       0xd8 common/built-in.o
                0x4a01766c                malloc_trim
 .text.free     0x4a017744      0x228 common/built-in.o
                0x4a017744                free
 .text.malloc   0x4a01796c      0x5f8 common/built-in.o
                0x4a01796c                malloc
 .text.calloc   0x4a017f64       0xd4 common/built-in.o
                0x4a017f64                calloc
 .text.memalign
                0x4a018038      0x110 common/built-in.o
                0x4a018038                memalign
 .text.realloc  0x4a018148      0x408 common/built-in.o
                0x4a018148                realloc
 .text.on_loadaddr
                0x4a018550       0x38 common/built-in.o
 .text.image_check_hcrc
                0x4a018588       0x4c common/built-in.o
                0x4a018588                image_check_hcrc
 .text.image_check_dcrc
                0x4a0185d4       0x38 common/built-in.o
                0x4a0185d4                image_check_dcrc
 .text.image_multi_count
                0x4a01860c       0x24 common/built-in.o
                0x4a01860c                image_multi_count
 .text.image_multi_getimg
                0x4a018630       0x7c common/built-in.o
                0x4a018630                image_multi_getimg
 .text.getenv_bootm_low
                0x4a0186ac       0x30 common/built-in.o
                0x4a0186ac                getenv_bootm_low
 .text.getenv_bootm_size
                0x4a0186dc       0x5c common/built-in.o
                0x4a0186dc                getenv_bootm_size
 .text.getenv_bootm_mapsize
                0x4a018738       0x30 common/built-in.o
                0x4a018738                getenv_bootm_mapsize
 .text.memmove_wd
                0x4a018768        0xc common/built-in.o
                0x4a018768                memmove_wd
 .text.genimg_print_size
                0x4a018774       0x30 common/built-in.o
                0x4a018774                genimg_print_size
 .text.get_table_entry_name
                0x4a0187a4       0x2c common/built-in.o
                0x4a0187a4                get_table_entry_name
 .text.genimg_get_os_name
                0x4a0187d0       0x18 common/built-in.o
                0x4a0187d0                genimg_get_os_name
 .text.genimg_get_arch_name
                0x4a0187e8       0x18 common/built-in.o
                0x4a0187e8                genimg_get_arch_name
 .text.genimg_get_type_name
                0x4a018800       0x18 common/built-in.o
                0x4a018800                genimg_get_type_name
 .text.genimg_get_comp_name
                0x4a018818       0x18 common/built-in.o
                0x4a018818                genimg_get_comp_name
 .text.image_print_contents
                0x4a018830      0x170 common/built-in.o
                0x4a018830                image_print_contents
 .text.genimg_get_format
                0x4a0189a0       0x38 common/built-in.o
                0x4a0189a0                genimg_get_format
 .text.genimg_get_image
                0x4a0189d8        0x4 common/built-in.o
                0x4a0189d8                genimg_get_image
 .text.boot_get_ramdisk
                0x4a0189dc      0x278 common/built-in.o
                0x4a0189dc                boot_get_ramdisk
 .text.boot_ramdisk_high
                0x4a018c54      0x120 common/built-in.o
                0x4a018c54                boot_ramdisk_high
 .text.boot_get_cmdline
                0x4a018d74       0x80 common/built-in.o
                0x4a018d74                boot_get_cmdline
 .text.image_setup_linux
                0x4a018df4       0xb4 common/built-in.o
                0x4a018df4                image_setup_linux
 .text.fdt_error
                0x4a018ea8       0x2c common/built-in.o
 .text.boot_fdt_add_mem_rsv_regions
                0x4a018ed4       0x88 common/built-in.o
                0x4a018ed4                boot_fdt_add_mem_rsv_regions
 .text.boot_relocate_fdt
                0x4a018f5c      0x19c common/built-in.o
                0x4a018f5c                boot_relocate_fdt
 .text.ft_verify_fdt
                0x4a0190f8        0x8 common/built-in.o
                0x4a0190f8                ft_verify_fdt
 .text.image_setup_libfdt
                0x4a019100       0xcc common/built-in.o
                0x4a019100                image_setup_libfdt
 .text.get_ram_size
                0x4a0191cc      0x108 common/built-in.o
                0x4a0191cc                get_ram_size
 .text.get_effective_memsize
                0x4a0192d4        0x8 common/built-in.o
                0x4a0192d4                get_effective_memsize
 .text.stdio_get_list
                0x4a0192dc        0xc common/built-in.o
                0x4a0192dc                stdio_get_list
 .text.stdio_get_by_name
                0x4a0192e8       0x54 common/built-in.o
                0x4a0192e8                stdio_get_by_name
 .text.stdio_clone
                0x4a01933c       0x38 common/built-in.o
                0x4a01933c                stdio_clone
 .text.stdio_register
                0x4a019374       0x44 common/built-in.o
                0x4a019374                stdio_register
 .text.stdio_init
                0x4a0193b8       0x8c common/built-in.o
                0x4a0193b8                stdio_init
 .text.mem_noncache_malloc_init
                0x4a019444       0x30 common/built-in.o
                0x4a019444                mem_noncache_malloc_init
 .text.malloc_noncache
                0x4a019474       0x7c common/built-in.o
                0x4a019474                malloc_noncache
 .text.do_sunxi_aes
                0x4a0194f0      0x1c4 common/built-in.o
                0x4a0194f0                do_sunxi_aes
 .text.do_sunxi_smc
                0x4a0196b4      0x140 common/built-in.o
                0x4a0196b4                do_sunxi_smc
 .text.user_data_list
                0x4a0197f4       0xec common/built-in.o
 .text.save_user_data_to_secure_storage
                0x4a0198e0       0xcc common/built-in.o
 .text.do_check_userdata
                0x4a0199ac       0x28 common/built-in.o
                0x4a0199ac                do_check_userdata
 .text.save_user_private_data
                0x4a0199d4      0x23c common/built-in.o
                0x4a0199d4                save_user_private_data
 .text.do_save_user_data
                0x4a019c10      0x138 common/built-in.o
                0x4a019c10                do_save_user_data
 .text.erase_all_private_data
                0x4a019d48       0xd0 common/built-in.o
                0x4a019d48                erase_all_private_data
 .text.erase_private_data
                0x4a019e18       0x28 common/built-in.o
                0x4a019e18                erase_private_data
 .text.read_private_key_by_name
                0x4a019e40      0x134 common/built-in.o
                0x4a019e40                read_private_key_by_name
 .text.check_user_data
                0x4a019f74      0x1b0 common/built-in.o
                0x4a019f74                check_user_data
 .text.update_user_data
                0x4a01a124      0x218 common/built-in.o
                0x4a01a124                update_user_data
 .text.get_dev_hwpart
                0x4a01a33c       0xb4 disk/built-in.o
                0x4a01a33c                get_dev_hwpart
 .text.dev_print
                0x4a01a3f0      0x218 disk/built-in.o
                0x4a01a3f0                dev_print
 .text.init_part
                0x4a01a608       0x20 disk/built-in.o
                0x4a01a608                init_part
 .text.print_part
                0x4a01a628       0xf8 disk/built-in.o
                0x4a01a628                print_part
 .text.get_partition_info
                0x4a01a720       0x28 disk/built-in.o
                0x4a01a720                get_partition_info
 .text.get_device
                0x4a01a748      0x110 disk/built-in.o
                0x4a01a748                get_device
 .text.get_device_and_partition
                0x4a01a858      0x424 disk/built-in.o
                0x4a01a858                get_device_and_partition
 .text.test_block_type
                0x4a01ac7c       0x88 disk/built-in.o
 .text.print_partition_extended
                0x4a01ad04      0x250 disk/built-in.o
 .text.get_partition_info_extended.constprop.1
                0x4a01af54      0x2ec disk/built-in.o
 .text.test_part_dos
                0x4a01b240       0x60 disk/built-in.o
                0x4a01b240                test_part_dos
 .text.print_part_dos
                0x4a01b2a0       0x30 disk/built-in.o
                0x4a01b2a0                print_part_dos
 .text.get_partition_info_dos
                0x4a01b2d0       0x1c disk/built-in.o
                0x4a01b2d0                get_partition_info_dos
 .text.ir_mode_set
                0x4a01b2ec       0x40 drivers/built-in.o
 .text.ir_sample_config
                0x4a01b32c       0x58 drivers/built-in.o
 .text.ir_irq_config
                0x4a01b384       0x54 drivers/built-in.o
 .text.ir_packet_handle
                0x4a01b3d8       0x40 drivers/built-in.o
                0x4a01b3d8                ir_packet_handle
 .text.ir_recv_irq_service
                0x4a01b418      0x1e0 drivers/built-in.o
                0x4a01b418                ir_recv_irq_service
 .text.rc_keydown
                0x4a01b5f8        0x8 drivers/built-in.o
                0x4a01b5f8                rc_keydown
 .text.ir_setup
                0x4a01b600      0x118 drivers/built-in.o
                0x4a01b600                ir_setup
 .text.ir_disable
                0x4a01b718       0x18 drivers/built-in.o
                0x4a01b718                ir_disable
 .text.ir_nec_decode
                0x4a01b730      0x344 drivers/built-in.o
                0x4a01b730                ir_nec_decode
 .text.ir_boot_recovery_mode_detect
                0x4a01ba74       0xb4 drivers/built-in.o
                0x4a01ba74                ir_boot_recovery_mode_detect
 .text.check_ir_boot_recovery
                0x4a01bb28      0x188 drivers/built-in.o
                0x4a01bb28                check_ir_boot_recovery
 .text.drv_lcd_open_callback
                0x4a01bcb0       0xcc drivers/built-in.o
 .text.disp_blank
                0x4a01bd7c       0x60 drivers/built-in.o
 .text.disp_getprop_regbase
                0x4a01bddc       0xcc drivers/built-in.o
                0x4a01bddc                disp_getprop_regbase
 .text.disp_getprop_irq
                0x4a01bea8       0xd4 drivers/built-in.o
                0x4a01bea8                disp_getprop_irq
 .text.disp_set_hdmi_func
                0x4a01bf7c        0x4 drivers/built-in.o
                0x4a01bf7c                disp_set_hdmi_func
 .text.disp_tv_register
                0x4a01bf80        0x4 drivers/built-in.o
                0x4a01bf80                disp_tv_register
 .text.drv_disp_init
                0x4a01bf84      0x2d0 drivers/built-in.o
                0x4a01bf84                drv_disp_init
 .text.drv_disp_exit
                0x4a01c254       0x48 drivers/built-in.o
                0x4a01c254                drv_disp_exit
 .text.sunxi_disp_get_source_ops
                0x4a01c29c       0xb0 drivers/built-in.o
                0x4a01c29c                sunxi_disp_get_source_ops
 .text.disp_ioctl
                0x4a01c34c      0x7e0 drivers/built-in.o
                0x4a01c34c                disp_ioctl
 .text.disp_sys_register_irq
                0x4a01cb2c       0x18 drivers/built-in.o
                0x4a01cb2c                disp_sys_register_irq
 .text.disp_sys_unregister_irq
                0x4a01cb44        0x4 drivers/built-in.o
                0x4a01cb44                disp_sys_unregister_irq
 .text.disp_sys_enable_irq
                0x4a01cb48        0x4 drivers/built-in.o
                0x4a01cb48                disp_sys_enable_irq
 .text.disp_sys_disable_irq
                0x4a01cb4c        0x4 drivers/built-in.o
                0x4a01cb4c                disp_sys_disable_irq
 .text.spin_lock_init
                0x4a01cb50        0x4 drivers/built-in.o
                0x4a01cb50                spin_lock_init
 .text.mutex_init
                0x4a01cb54        0x4 drivers/built-in.o
                0x4a01cb54                mutex_init
 .text.mutex_lock
                0x4a01cb58        0x4 drivers/built-in.o
                0x4a01cb58                mutex_lock
 .text.mutex_unlock
                0x4a01cb5c        0x4 drivers/built-in.o
                0x4a01cb5c                mutex_unlock
 .text.tasklet_init
                0x4a01cb60       0x2c drivers/built-in.o
                0x4a01cb60                tasklet_init
 .text.tasklet_schedule
                0x4a01cb8c       0x2c drivers/built-in.o
                0x4a01cb8c                tasklet_schedule
 .text.kmalloc  0x4a01cbb8       0x28 drivers/built-in.o
                0x4a01cbb8                kmalloc
 .text.kfree    0x4a01cbe0        0x4 drivers/built-in.o
                0x4a01cbe0                kfree
 .text.disp_fdt_init
                0x4a01cbe4       0x54 drivers/built-in.o