sunxi_smc.c:187:21:smc_readl_normal	0	static
sunxi_smc.c:191:21:smc_writel_normal	0	static
sunxi_smc.c:66:5:sunxi_smc_call	8	static
sunxi_smc.c:139:5:arm_svc_write_sec_reg	16	static
sunxi_smc.c:134:5:arm_svc_read_sec_reg	16	static
sunxi_smc.c:84:5:arm_svc_set_cpu_on	16	static
sunxi_smc.c:89:5:arm_svc_set_cpu_off	16	static
sunxi_smc.c:94:5:arm_svc_set_cpu_wfi	16	static
sunxi_smc.c:99:5:arm_svc_version	32	static
sunxi_smc.c:114:5:arm_svc_poweroff	16	static
sunxi_smc.c:119:5:arm_svc_call_count	16	static
sunxi_smc.c:124:5:arm_svc_uuid	16	static
sunxi_smc.c:129:5:arm_svc_run_os	16	static
sunxi_smc.c:146:5:arm_svc_arisc_startup	16	static
sunxi_smc.c:151:5:arm_svc_arisc_wait_ready	16	static
sunxi_smc.c:156:5:arm_svc_arisc_fake_poweroff	16	static
sunxi_smc.c:161:5:arm_svc_arisc_read_pmu	16	static
sunxi_smc.c:166:5:arm_svc_arisc_write_pmu	16	static
sunxi_smc.c:171:5:arm_svc_efuse_read	16	static
sunxi_smc.c:176:5:arm_svc_efuse_write	16	static
sunxi_smc.c:181:5:arm_svc_probe_secure_mode	16	static
sunxi_smc.c:200:5:smc_readl	8	static
sunxi_smc.c:205:6:smc_writel	8	static
sunxi_smc.c:210:5:smc_efuse_readl	8	static
sunxi_smc.c:216:5:smc_efuse_writel	8	static
sunxi_smc.c:223:5:smc_init	8	static
sunxi_smc.c:253:5:smc_tee_ssk_encrypt	72	static
sunxi_smc.c:294:5:smc_tee_ssk_decrypt	64	static
sunxi_smc.c:333:5:smc_tee_rssk_encrypt	72	static
sunxi_smc.c:374:5:smc_aes_rssk_decrypt_to_keysram	48	static
sunxi_smc.c:410:5:smc_aes_algorithm	72	static
sunxi_smc.c:461:5:smc_tee_keybox_store	56	static
