sdmmc.c:13:1:sunxi_flash_mmc_read	8	static
sdmmc.c:23:1:sunxi_flash_mmc_write	8	static
sdmmc.c:32:1:sunxi_flash_mmc_size	0	static
sdmmc.c:38:1:sunxi_flash_mmc_init	0	static
sdmmc.c:49:5:sunxi_flash_mmc_phyread	8	static
sdmmc.c:54:5:sunxi_flash_mmc_phywrite	8	static
sdmmc.c:62:1:sunxi_sprite_mmc_read	8	static
sdmmc.c:71:1:sunxi_sprite_mmc_write	8	static
sdmmc.c:86:1:sunxi_sprite_mmc_size	0	static
sdmmc.c:92:1:sunxi_sprite_mmc_init	0	static
sdmmc.c:97:1:sunxi_sprite_mmc_exit	0	static
sdmmc.c:102:5:sunxi_sprite_mmc_phyread	8	static
sdmmc.c:107:5:sunxi_sprite_mmc_phywrite	8	static
sdmmc.c:130:5:sunxi_sprite_mmc_force_erase	0	static
sdmmc.c:43:1:sunxi_flash_mmc_exit	0	static
sdmmc.c:80:1:sunxi_sprite_mmc_erase	0	static
sdmmc.c:112:5:sunxi_sprite_mmc_phyerase	16	static
sdmmc.c:121:5:sunxi_sprite_mmc_phywipe	16	static
sdmmc.c:136:5:sunxi_flash_mmc_secread	8	static
sdmmc.c:141:5:sunxi_flash_mmc_secread_backup	8	static
sdmmc.c:146:5:sunxi_flash_mmc_secwrite	8	static
sdmmc.c:151:5:sunxi_sprite_mmc_secwrite	8	static
sdmmc.c:159:5:sunxi_sprite_mmc_secread	8	static
sdmmc.c:167:5:sunxi_sprite_mmc_secread_backup	8	static
sdmmc.c:176:5:sdmmc_init_for_boot	8	static
sdmmc.c:215:5:sdmmc_init_for_sprite	8	static
sdmmc.c:262:5:sdmmc_init_card0_for_sprite	8	static
sdmmc.c:310:5:card_read_boot0	16	static
