sunxi_flash.c:61:1:sunxi_null_op	0	static
sunxi_flash.c:66:1:sunxi_null_erase	0	static
sunxi_flash.c:72:1:sunxi_null_size	0	static
sunxi_flash.c:77:1:sunxi_null_init	0	static
sunxi_flash.c:82:1:sunxi_null_exit	0	static
sunxi_flash.c:87:1:sunxi_null_flush	0	static
sunxi_flash.c:92:1:sunxi_null_force_erase	0	static
sunxi_flash.c:111:28:nand_init_for_boot	0	static
sunxi_flash.c:116:28:sdmmc_init_for_boot	0	static
sunxi_flash.c:120:28:spinor_init_for_boot	0	static
sunxi_flash.c:125:27:nand_init_for_sprite	0	static
sunxi_flash.c:129:27:sdmmc_init_for_sprite	0	static
sunxi_flash.c:133:27:sdmmc_init_card0_for_sprite	0	static
sunxi_flash.c:137:27:spinor_init_for_sprite	0	static
sunxi_flash.c:142:27:nand_read_uboot_data	0	static
sunxi_flash.c:147:28:nand_read_boot0	0	static
sunxi_flash.c:151:27:sunxi_download_boot0_atfter_ota	0	static
sunxi_flash.c:155:28:sunxi_sprite_download_uboot	0	static
sunxi_flash.c:159:28:card_erase	0	static
sunxi_flash.c:205:5:sunxi_flash_read	8	static
sunxi_flash.c:439:16:sunxi_flash_part_read	24	static
sunxi_flash.c:211:5:sunxi_flash_write	8	static
sunxi_flash.c:456:16:sunxi_flash_part_write	24	static
sunxi_flash.c:217:6:sunxi_flash_size	8	static
sunxi_flash.c:222:5:sunxi_flash_exit	8	static
sunxi_flash.c:227:5:sunxi_flash_flush	8	static
sunxi_flash.c:232:5:sunxi_flash_phyread	8	static
sunxi_flash.c:237:5:sunxi_flash_phywrite	8	static
sunxi_flash.c:245:5:sunxi_sprite_init	8	static
sunxi_flash.c:250:5:sunxi_sprite_read	8	static
sunxi_flash.c:255:5:sunxi_sprite_write	8	static
sunxi_flash.c:260:5:sunxi_sprite_erase	8	static
sunxi_flash.c:265:6:sunxi_sprite_size	8	static
sunxi_flash.c:270:5:sunxi_sprite_exit	8	static
sunxi_flash.c:275:5:sunxi_sprite_flush	8	static
sunxi_flash.c:280:5:sunxi_sprite_phyread	8	static
sunxi_flash.c:285:5:sunxi_sprite_phywrite	8	static
sunxi_flash.c:290:5:sunxi_sprite_force_erase	8	static
sunxi_flash.c:297:5:sunxi_flash_boot_handle	8	static
sunxi_flash.c:351:5:sunxi_flash_sprite_handle	8	static
sunxi_flash.c:431:19:sunxi_flash_get_dev	8	static
sunxi_flash.c:475:5:sunxi_flash_init_uboot	0	static
sunxi_flash.c:393:5:sunxi_flash_handle_init	16	static
sunxi_flash.c:512:5:read_boot_package	16	static
sunxi_flash.c:545:5:sunxi_flash_update_fdt	32	static
sunxi_flash.c:634:5:sunxi_flash_upload_boot0	16	static
sunxi_flash.c:671:5:sunxi_flash_get_boot0_size	32776	static
sunxi_flash.c:715:5:sunxi_flash_update_boot0	16	static
