usb_base_platform.c:581:13:__usb_bulk_ep_reset	24	static
usb_base_platform.c:506:13:5	16	static
usb_base_platform.c:619:12:__usb_read_ep0_data	24	static
usb_base_platform.c:87:6:sunxi_usb_irq	40	static
usb_base_platform.c:542:13:4	16	static
usb_base_platform.c:223:5:sunxi_usb_init	24	static
usb_base_platform.c:373:5:sunxi_usb_exit	8	static
usb_base_platform.c:832:6:sunxi_udc_ep_reset	0	static
usb_base_platform.c:852:5:sunxi_udc_start_recv_by_dma	24	static
usb_base_platform.c:892:6:sunxi_udc_send_setup	16	static
usb_base_platform.c:924:5:sunxi_udc_set_configuration	0	static
usb_base_platform.c:944:5:sunxi_udc_set_address	8	static
usb_base_platform.c:966:5:sunxi_udc_send_data	32	static
usb_base_platform.c:988:5:sunxi_udc_get_ep_max	0	static
usb_base_platform.c:1008:5:sunxi_udc_get_ep_in_type	0	static
usb_base_platform.c:1028:5:sunxi_udc_get_ep_out_type	0	static
usb_base_platform.c:1409:6:sunxi_usb_main_loop	16	static
usb_base_platform.c:1459:5:sunxi_usb_extern_loop	8	static
