usb_burn.c:1014:13:sunxi_pburn_reset	0	static
usb_burn.c:1035:14:sunxi_pburn_usb_rx_dma_isr	0	static
usb_burn.c:1057:14:sunxi_pburn_usb_tx_dma_isr	0	static
usb_burn.c:982:12:sunxi_pburn_exit	8	static
usb_burn.c:1080:12:sunxi_pburn_standard_req_op	40	static
usb_burn.c:938:12:sunxi_pburn_init	16	static
usb_burn.c:1150:12:sunxi_pburn_nonstandard_req_op	8	static
usb_burn.c:42:5:smc_set_sst_crypt_name	8	static
usb_burn.c:49:5:sunxi_verify_rotpk_hash	8	static
usb_burn.c:56:5:sunxi_deal_hdcp_key	8	static
usb_burn.c:63:5:sunxi_secure_object_down	8	static
usb_burn.c:70:5:arm_svc_efuse_read	8	static
usb_burn.c:483:5:__sunxi_burn_key	112	static
usb_burn.c:631:5:__sunxi_read_key_by_name	4128	static
usb_burn.c:725:5:__sunxi_erase_key	8	static
usb_burn.c:775:5:__sunxi_burn_flag	8	static
usb_burn.c:840:5:sunxi_burn_part_verify	24	static
usb_burn.c:885:5:burn_part_probe	24	static
usb_burn.c:1199:12:sunxi_pburn_state_loop	544	static
