disp_hdmi.c:151:12:disp_hdmi_event_proc	16	static
disp_hdmi.c:42:41:disp_hdmi_get_priv	8	static
disp_hdmi.c:428:12:disp_hdmi_set_detect	24	static
disp_hdmi.c:317:12:disp_hdmi_disable	24	static
disp_hdmi.c:274:12:disp_hdmi_sw_enable	24	static
disp_hdmi.c:208:5:disp_hdmi_enable	24	static
disp_hdmi.c:506:12:disp_hdmi_get_edid	16	static
disp_hdmi.c:415:12:disp_hdmi_detect	8	static
disp_hdmi.c:477:12:disp_hdmi_get_input_csc	8	static
disp_hdmi.c:492:12:disp_hdmi_get_input_color_range	8	static
disp_hdmi.c:462:12:disp_hdmi_check_support_mode	16	static
disp_hdmi.c:403:12:disp_hdmi_get_mode	8	static
disp_hdmi.c:367:12:disp_hdmi_is_enabled	8	static
disp_hdmi.c:194:12:disp_hdmi_exit	16	static
disp_hdmi.c:181:12:disp_hdmi_init	16	static
disp_hdmi.c:380:5:disp_hdmi_set_mode	16	static
disp_hdmi.c:564:12:disp_hdmi_get_status	8	static
disp_hdmi.c:543:12:disp_hdmi_resume	16	static
disp_hdmi.c:522:12:disp_hdmi_suspend	16	static
disp_hdmi.c:132:12:disp_hdmi_set_func	16	static
disp_hdmi.c:29:21:disp_get_hdmi	8	static
disp_hdmi.c:576:5:disp_init_hdmi	32	static
