disp_enhance.c:31:42:disp_enhance_get_priv	0	static
disp_enhance.c:162:13:disp_enhance_is_enabled	8	static
disp_enhance.c:290:12:disp_enhance_get_mode	8	static
disp_enhance.c:302:12:disp_enhance_set_manager	0	static
disp_enhance.c:318:12:disp_enhance_unset_manager	0	static
disp_enhance.c:336:12:disp_enhance_shadow_protect	16	static
disp_enhance.c:371:12:disp_enhance_init	8	static
disp_enhance.c:383:12:disp_enhance_exit	8	static
disp_enhance.c:351:12:disp_enhance_dump	112	static
disp_enhance.c:77:12:disp_enhance_update_regs	24	static
disp_enhance.c:101:12:disp_enhance_apply	112	static
disp_enhance.c:271:12:disp_enhance_set_mode	16	static
disp_enhance.c:252:12:disp_enhance_demo_disable	16	static
disp_enhance.c:233:12:disp_enhance_demo_enable	16	static
disp_enhance.c:211:12:disp_enhance_disable	16	static
disp_enhance.c:174:12:disp_enhance_enable	16	static
disp_enhance.c:396:5:disp_enhance_set_para	16	static
disp_enhance.c:59:12:disp_enhance_tasklet	16	static
disp_enhance.c:41:12:disp_enhance_sync	16	static
disp_enhance.c:135:12:disp_enhance_force_apply	16	static
disp_enhance.c:18:22:disp_get_enhance	8	static
disp_enhance.c:450:5:disp_init_enhance	32	static
