disp_lcd.c:55:38:disp_lcd_get_priv	8	static
disp_lcd.c:65:12:disp_lcd_is_used	8	static
disp_lcd.c:1103:12:disp_lcd_bright_curve_init	848	static
disp_lcd.c:1787:24:disp_lcd_get_close_flow	16	static
disp_lcd.c:1758:24:disp_lcd_get_open_flow	16	static
disp_lcd.c:1978:12:disp_lcd_init	104	static
disp_lcd.c:878:12:lcd_clk_disable	16	static
disp_lcd.c:1251:12:disp_lcd_event_proc	24	static
disp_lcd.c:825:12:lcd_clk_enable	96	static
disp_lcd.c:1816:12:disp_lcd_set_panel_funs	80	static
disp_lcd.c:925:12:disp_lcd_pin_cfg	56	static
disp_lcd.c:1027:12:disp_lcd_backlight_disable	80	static
disp_lcd.c:1627:12:disp_lcd_sw_enable	104	static
disp_lcd.c:1952:12:disp_lcd_get_dimensions	16	static
disp_lcd.c:1740:12:disp_lcd_set_close_func	16	static
disp_lcd.c:1722:12:disp_lcd_set_open_func	16	static
disp_lcd.c:1710:5:disp_lcd_is_enabled	8	static
disp_lcd.c:1203:5:disp_lcd_get_bright	8	static
disp_lcd.c:1091:12:disp_lcd_bright_get_adjust_value	16	static
disp_lcd.c:1148:5:disp_lcd_set_bright	24	static
disp_lcd.c:994:12:disp_lcd_backlight_enable	80	static
disp_lcd.c:2040:12:disp_lcd_exit	16	static
disp_lcd.c:1215:12:disp_lcd_set_bright_dimming	16	static
disp_lcd.c:1966:12:disp_lcd_get_status	8	static
disp_lcd.c:1072:12:disp_lcd_power_disable	24	static
disp_lcd.c:1053:12:disp_lcd_power_enable	24	static
disp_lcd.c:913:12:disp_lcd_tcon_disable	8	static
disp_lcd.c:901:12:disp_lcd_tcon_enable	8	static
disp_lcd.c:977:12:disp_lcd_pwm_disable	16	static
disp_lcd.c:960:12:disp_lcd_pwm_enable	16	static
disp_lcd.c:1233:12:disp_lcd_get_panel_info	16	static
disp_lcd.c:1938:5:disp_lcd_gpio_set_value	48	static
disp_lcd.c:1910:5:disp_lcd_gpio_set_direction	48	static
disp_lcd.c:43:21:disp_get_lcd	8	static
disp_lcd.c:1540:13:disp_lcd_pre_disable_ex	16	static
disp_lcd.c:1376:13:disp_lcd_post_enable_ex	8	static
disp_lcd.c:1844:5:disp_lcd_gpio_init	96	static
disp_lcd.c:1365:13:disp_lcd_pre_enable_ex	32	static
disp_lcd.c:1387:12:__disp_lcd_enable	40	static
disp_lcd.c:1473:12:disp_lcd_fake_enable	0	static
disp_lcd.c:1467:12:disp_lcd_enable	0	static
disp_lcd.c:1875:5:disp_lcd_gpio_exit	96	static
disp_lcd.c:1551:13:disp_lcd_post_disable_ex	24	static
disp_lcd.c:1562:12:disp_lcd_disable	32	static
disp_lcd.c:1924:5:disp_lcd_gpio_get_value	40	static
disp_lcd.c:2054:5:disp_init_lcd	32	static
