disp_smart_backlight.c:40:39:disp_smbl_get_priv	0	static
disp_smart_backlight.c:74:12:disp_smbl_update_backlight	8	static
disp_smart_backlight.c:184:13:disp_smbl_is_enabled	8	static
disp_smart_backlight.c:348:12:disp_smbl_init	8	static
disp_smart_backlight.c:360:12:disp_smbl_exit	8	static
disp_smart_backlight.c:327:12:disp_smbl_dump	88	static
disp_smart_backlight.c:277:12:disp_smbl_get_window	24	static
disp_smart_backlight.c:310:12:disp_smbl_unset_manager	16	static
disp_smart_backlight.c:292:12:disp_smbl_set_manager	24	static
disp_smart_backlight.c:153:12:disp_smbl_tasklet	16	static
disp_smart_backlight.c:50:12:disp_smbl_update_regs	16	static
disp_smart_backlight.c:141:12:disp_smbl_sync	8	static
disp_smart_backlight.c:24:19:disp_get_smbl	8	static
disp_smart_backlight.c:245:5:disp_smbl_shadow_protect	16	static
disp_smart_backlight.c:89:12:disp_smbl_apply	64	static
disp_smart_backlight.c:260:12:disp_smbl_set_window	24	static
disp_smart_backlight.c:122:12:disp_smbl_force_apply	24	static
disp_smart_backlight.c:226:12:disp_smbl_disable	24	static
disp_smart_backlight.c:196:12:disp_smbl_enable	16	static
disp_smart_backlight.c:372:5:disp_init_smbl	48	static
