disp_tv.c:12:41:disp_tv_get_priv	8	static
disp_tv.c:448:5:disp_tv_set_func	24	static
disp_tv.c:200:5:disp_tv_sw_enable	24	static
disp_tv.c:129:5:disp_tv_enable	24	static
disp_tv.c:299:12:disp_tv_init	8	static
disp_tv.c:517:5:disp_set_enhance_mode	16	static
disp_tv.c:478:5:disp_tv_check_support_mode	16	static
disp_tv.c:463:5:disp_tv_detect	8	static
disp_tv.c:432:5:disp_tv_get_input_csc	8	static
disp_tv.c:407:5:disp_tv_get_mode	16	static
disp_tv.c:384:5:disp_tv_set_mode	16	static
disp_tv.c:365:5:disp_tv_resume	16	static
disp_tv.c:347:5:disp_tv_suspend	16	static
disp_tv.c:333:5:disp_tv_is_enabled	8	static
disp_tv.c:27:12:disp_tv_event_proc	16	static
disp_tv.c:492:5:disp_init_tv_para	8	static
disp_tv.c:502:5:disp_tv_set_hpd	16	static
disp_tv.c:255:5:disp_tv_disable	16	static
disp_tv.c:314:5:disp_tv_exit	16	static
disp_tv.c:535:5:disp_init_tv	80	static
