disp_vdevice.c:134:12:disp_vdevice_event_proc	16	static
disp_vdevice.c:20:42:disp_vdevice_get_priv	8	static
disp_vdevice.c:507:12:disp_vdevice_tcon_simple_enable	24	static
disp_vdevice.c:473:12:disp_vdevice_tcon_disable	16	static
disp_vdevice.c:425:12:disp_vdevice_tcon_enable	72	static
disp_vdevice.c:212:12:disp_vdevice_sw_enable	32	static
disp_vdevice.c:332:12:disp_vdevice_detect	8	static
disp_vdevice.c:372:12:disp_vdevice_get_input_color_range	8	static
disp_vdevice.c:358:12:disp_vdevice_get_input_csc	8	static
disp_vdevice.c:344:12:disp_vdevice_check_support_mode	16	static
disp_vdevice.c:321:12:disp_vdevice_get_mode	8	static
disp_vdevice.c:299:12:disp_vdevice_set_mode	16	static
disp_vdevice.c:287:12:disp_vdevice_is_enabled	8	static
disp_vdevice.c:542:12:disp_vdevice_tcon_simple_disable	16	static
disp_vdevice.c:404:12:disp_vdevice_resume	16	static
disp_vdevice.c:383:12:disp_vdevice_suspend	16	static
disp_vdevice.c:263:12:disp_vdevice_disable	16	static
disp_vdevice.c:189:12:disp_vdevice_enable	16	static
disp_vdevice.c:176:12:disp_vdevice_exit	16	static
disp_vdevice.c:164:12:disp_vdevice_init	16	static
disp_vdevice.c:562:21:disp_vdevice_register	16	static
disp_vdevice.c:632:5:disp_vdevice_unregister	16	static
disp_vdevice.c:659:5:disp_vdevice_get_source_ops	8	static
