disp_manager.c:100:40:disp_lyr_get_priv	8	static
disp_manager.c:278:12:disp_lyr_dump	224	static
disp_manager.c:158:12:disp_lyr_save_and_dirty_check	16	static
disp_manager.c:215:12:disp_lyr_dirty_clear	8	static
disp_manager.c:199:12:disp_lyr_is_dirty	8	static
disp_manager.c:146:12:disp_lyr_check	8	static
disp_manager.c:248:12:disp_lyr_apply	8	static
disp_manager.c:260:12:disp_lyr_force_apply	16	static
disp_manager.c:128:12:disp_lyr_unset_manager	8	static
disp_manager.c:110:12:disp_lyr_set_manager	16	static
disp_manager.c:399:42:disp_mgr_get_priv	8	static
disp_manager.c:810:12:disp_mgr_tasklet	16	static
disp_manager.c:652:12:disp_mgr_update_color_space	16	static
disp_manager.c:760:12:disp_mgr_sync	32	static
disp_manager.c:420:12:disp_mgr_shadow_protect	16	static
disp_manager.c:881:12:disp_mgr_apply	112	static
disp_manager.c:1120:12:disp_mgr_dump	8	static
disp_manager.c:640:12:disp_mgr_get_output_color_range	8	static
disp_manager.c:619:12:disp_mgr_set_output_color_range	16	static
disp_manager.c:1107:12:disp_mgr_is_enabled	8	static
disp_manager.c:229:12:disp_lyr_get_config	16	static
disp_manager.c:565:12:disp_mgr_get_back_color	16	static
disp_manager.c:545:12:disp_mgr_set_back_color	24	static
disp_manager.c:602:12:disp_mgr_get_color_key	16	static
disp_manager.c:582:12:disp_mgr_set_color_key	24	static
disp_manager.c:848:12:disp_mgr_update_regs	24	static
disp_manager.c:934:12:disp_mgr_force_apply	24	static
disp_manager.c:1031:12:disp_mgr_sw_enable	32	static
disp_manager.c:1079:12:disp_mgr_disable	16	static
disp_manager.c:971:12:disp_mgr_enable	40	static
disp_manager.c:530:12:disp_mgr_exit	16	static
disp_manager.c:517:12:disp_mgr_init	16	static
disp_manager.c:1132:12:disp_mgr_blank	24	static
disp_manager.c:37:20:disp_get_layer	40	static
disp_manager.c:730:12:disp_mgr_get_layer_config	24	static
disp_manager.c:682:12:disp_mgr_set_layer_config	24	static
disp_manager.c:67:20:disp_get_layer_1	24	static
disp_manager.c:386:22:disp_get_layer_manager	8	static
disp_manager.c:1155:5:disp_init_mgr	64	static
