disp_display.c:501:6:disp_tasklet	8	static
disp_display.c:339:5:bsp_disp_shadow_protect	24	static
disp_display.c:39:5:bsp_disp_exit	0	static
disp_display.c:56:5:bsp_disp_open	0	static
disp_display.c:61:5:bsp_disp_close	0	static
disp_display.c:66:5:disp_device_attached	32	static
disp_display.c:101:5:disp_device_attached_and_enable	40	static
disp_display.c:169:5:disp_device_detach	24	static
disp_display.c:196:5:bsp_disp_device_switch	32	static
disp_display.c:217:5:disp_init_connections	32	static
disp_display.c:5:5:bsp_disp_init	32	static
disp_display.c:286:5:bsp_disp_sync_with_hw	32	static
disp_display.c:388:5:bsp_disp_vsync_event_enable	0	static
disp_display.c:455:6:sync_event_proc	16	static
disp_display.c:489:5:bsp_disp_get_output_type	8	static
disp_display.c:622:5:bsp_disp_set_print_level	0	static
disp_display.c:629:5:bsp_disp_get_print_level	0	static
disp_display.c:634:5:bsp_disp_get_screen_physical_width	16	static
disp_display.c:647:5:bsp_disp_get_screen_physical_height	16	static
disp_display.c:660:5:bsp_disp_get_screen_width	0	static
disp_display.c:667:5:bsp_disp_get_screen_height	0	static
disp_display.c:676:5:bsp_disp_get_screen_width_from_output_type	16	static
disp_display.c:760:5:bsp_disp_get_screen_height_from_output_type	16	static
disp_display.c:843:5:bsp_disp_set_hdmi_func	24	static
disp_display.c:872:5:bsp_disp_hdmi_check_support_mode	16	static
disp_display.c:890:5:bsp_disp_hdmi_get_hpd_status	16	static
disp_display.c:908:5:bsp_disp_hdmi_get_edid	16	static
disp_display.c:926:5:bsp_disp_tv_get_hpd_status	16	static
disp_display.c:944:5:bsp_disp_hdmi_set_detect	16	static
disp_display.c:963:5:bsp_disp_tv_set_hpd	24	static
disp_display.c:993:5:bsp_disp_tv_register	24	static
disp_display.c:1033:17:bsp_disp_lcd_get_open_flow	8	static
disp_display.c:1045:17:bsp_disp_lcd_get_close_flow	8	static
disp_display.c:1057:5:bsp_disp_lcd_set_panel_funs	32	static
disp_display.c:1079:6:LCD_OPEN_FUNC	16	static
disp_display.c:1090:6:LCD_CLOSE_FUNC	16	static
disp_display.c:1101:5:bsp_disp_get_lcd_registered	0	static
disp_display.c:1106:5:bsp_disp_get_hdmi_registered	0	static
disp_display.c:1111:5:bsp_disp_get_tv_registered	0	static
disp_display.c:1116:5:bsp_disp_lcd_backlight_enable	8	static
disp_display.c:1132:5:bsp_disp_lcd_backlight_disable	8	static
disp_display.c:1148:5:bsp_disp_lcd_pwm_enable	8	static
disp_display.c:1164:5:bsp_disp_lcd_pwm_disable	8	static
disp_display.c:1180:5:bsp_disp_lcd_power_enable	8	static
disp_display.c:1196:5:bsp_disp_lcd_power_disable	8	static
disp_display.c:1212:5:bsp_disp_lcd_set_bright	8	static
disp_display.c:1228:5:bsp_disp_lcd_get_bright	8	static
disp_display.c:1240:5:bsp_disp_lcd_tcon_enable	8	static
disp_display.c:1252:5:bsp_disp_lcd_tcon_disable	8	static
disp_display.c:1264:5:bsp_disp_lcd_pin_cfg	8	static
disp_display.c:1276:5:bsp_disp_lcd_gpio_set_value	16	static
disp_display.c:1288:5:bsp_disp_lcd_gpio_set_direction	16	static
disp_display.c:1300:5:bsp_disp_get_panel_info	16	static
disp_display.c:1313:5:bsp_disp_get_fb_info	0	static
disp_display.c:1318:5:bsp_disp_get_display_size	0	static
